Archive member included to satisfy reference by file (symbol)

c:/progra~2/gnuarm~1/102021~1.10/bin/../lib/gcc/arm-none-eabi/10.3.1/../../../../arm-none-eabi/lib/thumb/v7e-m+fp/hard\libc_nano.a(lib_a-exit.o)
                              c:/progra~2/gnuarm~1/102021~1.10/bin/../lib/gcc/arm-none-eabi/10.3.1/../../../../arm-none-eabi/lib/thumb/v7e-m+fp/hard/crt0.o (exit)
c:/progra~2/gnuarm~1/102021~1.10/bin/../lib/gcc/arm-none-eabi/10.3.1/../../../../arm-none-eabi/lib/thumb/v7e-m+fp/hard\libc_nano.a(lib_a-impure.o)
                              c:/progra~2/gnuarm~1/102021~1.10/bin/../lib/gcc/arm-none-eabi/10.3.1/../../../../arm-none-eabi/lib/thumb/v7e-m+fp/hard\libc_nano.a(lib_a-exit.o) (_global_impure_ptr)
c:/progra~2/gnuarm~1/102021~1.10/bin/../lib/gcc/arm-none-eabi/10.3.1/../../../../arm-none-eabi/lib/thumb/v7e-m+fp/hard\libc_nano.a(lib_a-init.o)
                              c:/progra~2/gnuarm~1/102021~1.10/bin/../lib/gcc/arm-none-eabi/10.3.1/../../../../arm-none-eabi/lib/thumb/v7e-m+fp/hard/crt0.o (__libc_init_array)
c:/progra~2/gnuarm~1/102021~1.10/bin/../lib/gcc/arm-none-eabi/10.3.1/../../../../arm-none-eabi/lib/thumb/v7e-m+fp/hard\libc_nano.a(lib_a-memset.o)
                              c:/progra~2/gnuarm~1/102021~1.10/bin/../lib/gcc/arm-none-eabi/10.3.1/../../../../arm-none-eabi/lib/thumb/v7e-m+fp/hard/crt0.o (memset)
c:/progra~2/gnuarm~1/102021~1.10/bin/../lib/gcc/arm-none-eabi/10.3.1/../../../../arm-none-eabi/lib/thumb/v7e-m+fp/hard\libc_nano.a(lib_a-nano-vfprintf_float.o)
                              (_printf_float)
c:/progra~2/gnuarm~1/102021~1.10/bin/../lib/gcc/arm-none-eabi/10.3.1/../../../../arm-none-eabi/lib/thumb/v7e-m+fp/hard\libc_nano.a(lib_a-nano-vfprintf_i.o)
                              c:/progra~2/gnuarm~1/102021~1.10/bin/../lib/gcc/arm-none-eabi/10.3.1/../../../../arm-none-eabi/lib/thumb/v7e-m+fp/hard\libc_nano.a(lib_a-nano-vfprintf_float.o) (_printf_common)
c:/progra~2/gnuarm~1/102021~1.10/bin/../lib/gcc/arm-none-eabi/10.3.1/../../../../arm-none-eabi/lib/thumb/v7e-m+fp/hard\libc_nano.a(lib_a-strlen.o)
                              c:/progra~2/gnuarm~1/102021~1.10/bin/../lib/gcc/arm-none-eabi/10.3.1/../../../../arm-none-eabi/lib/thumb/v7e-m+fp/hard\libc_nano.a(lib_a-nano-vfprintf_float.o) (strlen)
c:/progra~2/gnuarm~1/102021~1.10/bin/../lib/gcc/arm-none-eabi/10.3.1/../../../../arm-none-eabi/lib/thumb/v7e-m+fp/hard\libc_nano.a(lib_a-dtoa.o)
                              c:/progra~2/gnuarm~1/102021~1.10/bin/../lib/gcc/arm-none-eabi/10.3.1/../../../../arm-none-eabi/lib/thumb/v7e-m+fp/hard\libc_nano.a(lib_a-nano-vfprintf_float.o) (_dtoa_r)
c:/progra~2/gnuarm~1/102021~1.10/bin/../lib/gcc/arm-none-eabi/10.3.1/../../../../arm-none-eabi/lib/thumb/v7e-m+fp/hard\libc_nano.a(lib_a-localeconv.o)
                              c:/progra~2/gnuarm~1/102021~1.10/bin/../lib/gcc/arm-none-eabi/10.3.1/../../../../arm-none-eabi/lib/thumb/v7e-m+fp/hard\libc_nano.a(lib_a-nano-vfprintf_float.o) (_localeconv_r)
c:/progra~2/gnuarm~1/102021~1.10/bin/../lib/gcc/arm-none-eabi/10.3.1/../../../../arm-none-eabi/lib/thumb/v7e-m+fp/hard\libc_nano.a(lib_a-malloc.o)
                              c:/progra~2/gnuarm~1/102021~1.10/bin/../lib/gcc/arm-none-eabi/10.3.1/../../../../arm-none-eabi/lib/thumb/v7e-m+fp/hard\libc_nano.a(lib_a-dtoa.o) (malloc)
c:/progra~2/gnuarm~1/102021~1.10/bin/../lib/gcc/arm-none-eabi/10.3.1/../../../../arm-none-eabi/lib/thumb/v7e-m+fp/hard\libc_nano.a(lib_a-memchr.o)
                              c:/progra~2/gnuarm~1/102021~1.10/bin/../lib/gcc/arm-none-eabi/10.3.1/../../../../arm-none-eabi/lib/thumb/v7e-m+fp/hard\libc_nano.a(lib_a-nano-vfprintf_i.o) (memchr)
c:/progra~2/gnuarm~1/102021~1.10/bin/../lib/gcc/arm-none-eabi/10.3.1/../../../../arm-none-eabi/lib/thumb/v7e-m+fp/hard\libc_nano.a(lib_a-memcpy-stub.o)
                              c:/progra~2/gnuarm~1/102021~1.10/bin/../lib/gcc/arm-none-eabi/10.3.1/../../../../arm-none-eabi/lib/thumb/v7e-m+fp/hard\libc_nano.a(lib_a-dtoa.o) (memcpy)
c:/progra~2/gnuarm~1/102021~1.10/bin/../lib/gcc/arm-none-eabi/10.3.1/../../../../arm-none-eabi/lib/thumb/v7e-m+fp/hard\libc_nano.a(lib_a-mprec.o)
                              c:/progra~2/gnuarm~1/102021~1.10/bin/../lib/gcc/arm-none-eabi/10.3.1/../../../../arm-none-eabi/lib/thumb/v7e-m+fp/hard\libc_nano.a(lib_a-dtoa.o) (_Balloc)
c:/progra~2/gnuarm~1/102021~1.10/bin/../lib/gcc/arm-none-eabi/10.3.1/../../../../arm-none-eabi/lib/thumb/v7e-m+fp/hard\libc_nano.a(lib_a-nano-callocr.o)
                              c:/progra~2/gnuarm~1/102021~1.10/bin/../lib/gcc/arm-none-eabi/10.3.1/../../../../arm-none-eabi/lib/thumb/v7e-m+fp/hard\libc_nano.a(lib_a-mprec.o) (_calloc_r)
c:/progra~2/gnuarm~1/102021~1.10/bin/../lib/gcc/arm-none-eabi/10.3.1/../../../../arm-none-eabi/lib/thumb/v7e-m+fp/hard\libc_nano.a(lib_a-nano-freer.o)
                              c:/progra~2/gnuarm~1/102021~1.10/bin/../lib/gcc/arm-none-eabi/10.3.1/../../../../arm-none-eabi/lib/thumb/v7e-m+fp/hard\libc_nano.a(lib_a-malloc.o) (_free_r)
[...]
Memory Configuration

Name             Origin             Length             Attributes
FLASH            0x08000000         0x00200000         xr
DTCMRAM          0x20000000         0x00020000         xrw
RAM_D1           0x24000000         0x00080000         xrw
RAM_D2           0x30000000         0x00048000         xrw
RAM_D3           0x38000000         0x00010000         xrw
ITCMRAM          0x00000000         0x00010000         xrw
*default*        0x00000000         0xffffffff

Linker script and memory map

LOAD c:/progra~2/gnuarm~1/102021~1.10/bin/../lib/gcc/arm-none-eabi/10.3.1/thumb/v7e-m+fp/hard/crti.o
LOAD c:/progra~2/gnuarm~1/102021~1.10/bin/../lib/gcc/arm-none-eabi/10.3.1/thumb/v7e-m+fp/hard/crtbegin.o
LOAD c:/progra~2/gnuarm~1/102021~1.10/bin/../lib/gcc/arm-none-eabi/10.3.1/../../../../arm-none-eabi/lib/thumb/v7e-m+fp/hard/crt0.o
START GROUP
LOAD c:/progra~2/gnuarm~1/102021~1.10/bin/../lib/gcc/arm-none-eabi/10.3.1/../../../../arm-none-eabi/lib/thumb/v7e-m+fp/hard\libc_nano.a
LOAD c:/progra~2/gnuarm~1/102021~1.10/bin/../lib/gcc/arm-none-eabi/10.3.1/../../../../arm-none-eabi/lib/thumb/v7e-m+fp/hard\libm.a
END GROUP
LOAD c:/progra~2/gnuarm~1/102021~1.10/bin/../lib/gcc/arm-none-eabi/10.3.1/../../../../arm-none-eabi/lib/thumb/v7e-m+fp/hard\libnosys.a
LOAD CMakeFiles/Pegasus3.1v-firmware.elf.dir/src/adc.c.obj
LOAD CMakeFiles/Pegasus3.1v-firmware.elf.dir/src/fdcan.c.obj
LOAD CMakeFiles/Pegasus3.1v-firmware.elf.dir/src/gpio.c.obj
LOAD CMakeFiles/Pegasus3.1v-firmware.elf.dir/src/i2c.c.obj
LOAD CMakeFiles/Pegasus3.1v-firmware.elf.dir/src/tim.c.obj
LOAD CMakeFiles/Pegasus3.1v-firmware.elf.dir/src/usart.c.obj
LOAD CMakeFiles/Pegasus3.1v-firmware.elf.dir/src/dma.c.obj
LOAD CMakeFiles/Pegasus3.1v-firmware.elf.dir/src/stm32h7xx_it.c.obj
LOAD CMakeFiles/Pegasus3.1v-firmware.elf.dir/src/stm32h7xx_hal_msp.c.obj
LOAD CMakeFiles/Pegasus3.1v-firmware.elf.dir/src/system_stm32h7xx.c.obj
LOAD CMakeFiles/Pegasus3.1v-firmware.elf.dir/Drivers/STM32H7xx_HAL_Driver/Src/stm32h7xx_hal_adc.c.obj
LOAD CMakeFiles/Pegasus3.1v-firmware.elf.dir/Drivers/STM32H7xx_HAL_Driver/Src/stm32h7xx_hal_adc_ex.c.obj
LOAD CMakeFiles/Pegasus3.1v-firmware.elf.dir/Drivers/STM32H7xx_HAL_Driver/Src/stm32h7xx_hal.c.obj
LOAD CMakeFiles/Pegasus3.1v-firmware.elf.dir/Drivers/STM32H7xx_HAL_Driver/Src/stm32h7xx_hal_i2c.c.obj
LOAD CMakeFiles/Pegasus3.1v-firmware.elf.dir/Drivers/STM32H7xx_HAL_Driver/Src/stm32h7xx_hal_i2c_ex.c.obj
LOAD CMakeFiles/Pegasus3.1v-firmware.elf.dir/Drivers/STM32H7xx_HAL_Driver/Src/stm32h7xx_hal_rcc.c.obj
LOAD CMakeFiles/Pegasus3.1v-firmware.elf.dir/Drivers/STM32H7xx_HAL_Driver/Src/stm32h7xx_hal_rcc_ex.c.obj
LOAD CMakeFiles/Pegasus3.1v-firmware.elf.dir/Drivers/STM32H7xx_HAL_Driver/Src/stm32h7xx_hal_flash.c.obj
LOAD CMakeFiles/Pegasus3.1v-firmware.elf.dir/Drivers/STM32H7xx_HAL_Driver/Src/stm32h7xx_hal_flash_ex.c.obj
LOAD CMakeFiles/Pegasus3.1v-firmware.elf.dir/Drivers/STM32H7xx_HAL_Driver/Src/stm32h7xx_hal_gpio.c.obj
LOAD CMakeFiles/Pegasus3.1v-firmware.elf.dir/Drivers/STM32H7xx_HAL_Driver/Src/stm32h7xx_hal_dma.c.obj
LOAD CMakeFiles/Pegasus3.1v-firmware.elf.dir/Drivers/STM32H7xx_HAL_Driver/Src/stm32h7xx_hal_dma_ex.c.obj
LOAD CMakeFiles/Pegasus3.1v-firmware.elf.dir/Drivers/STM32H7xx_HAL_Driver/Src/stm32h7xx_hal_pwr.c.obj
LOAD CMakeFiles/Pegasus3.1v-firmware.elf.dir/Drivers/STM32H7xx_HAL_Driver/Src/stm32h7xx_hal_pwr_ex.c.obj
LOAD CMakeFiles/Pegasus3.1v-firmware.elf.dir/Drivers/STM32H7xx_HAL_Driver/Src/stm32h7xx_hal_cortex.c.obj
LOAD CMakeFiles/Pegasus3.1v-firmware.elf.dir/Drivers/STM32H7xx_HAL_Driver/Src/stm32h7xx_hal_exti.c.obj
LOAD CMakeFiles/Pegasus3.1v-firmware.elf.dir/Drivers/STM32H7xx_HAL_Driver/Src/stm32h7xx_hal_fdcan.c.obj
LOAD CMakeFiles/Pegasus3.1v-firmware.elf.dir/Drivers/STM32H7xx_HAL_Driver/Src/stm32h7xx_hal_uart.c.obj
LOAD CMakeFiles/Pegasus3.1v-firmware.elf.dir/Drivers/STM32H7xx_HAL_Driver/Src/stm32h7xx_hal_uart_ex.c.obj
LOAD CMakeFiles/Pegasus3.1v-firmware.elf.dir/Drivers/STM32H7xx_HAL_Driver/Src/stm32h7xx_hal_usart.c.obj
LOAD CMakeFiles/Pegasus3.1v-firmware.elf.dir/Drivers/STM32H7xx_HAL_Driver/Src/stm32h7xx_hal_usart_ex.c.obj
LOAD CMakeFiles/Pegasus3.1v-firmware.elf.dir/Drivers/STM32H7xx_HAL_Driver/Src/stm32h7xx_hal_tim.c.obj
LOAD CMakeFiles/Pegasus3.1v-firmware.elf.dir/Drivers/STM32H7xx_HAL_Driver/Src/stm32h7xx_hal_tim_ex.c.obj
LOAD CMakeFiles/Pegasus3.1v-firmware.elf.dir/startup_stm32h743zitx.s.obj
LOAD CMakeFiles/Pegasus3.1v-firmware.elf.dir/src/main.c.obj
LOAD CMakeFiles/Pegasus3.1v-firmware.elf.dir/lib/ApplicationLayer/adc_AL.c.obj
LOAD CMakeFiles/Pegasus3.1v-firmware.elf.dir/lib/ApplicationLayer/config.c.obj
LOAD CMakeFiles/Pegasus3.1v-firmware.elf.dir/lib/ApplicationLayer/crc32.c.obj
LOAD CMakeFiles/Pegasus3.1v-firmware.elf.dir/lib/ApplicationLayer/eeprom_AL.c.obj
LOAD CMakeFiles/Pegasus3.1v-firmware.elf.dir/lib/ApplicationLayer/eepromCRC.c.obj
LOAD CMakeFiles/Pegasus3.1v-firmware.elf.dir/lib/ApplicationLayer/fdcan_AL.c.obj
LOAD CMakeFiles/Pegasus3.1v-firmware.elf.dir/lib/ApplicationLayer/flash.c.obj
LOAD CMakeFiles/Pegasus3.1v-firmware.elf.dir/lib/ApplicationLayer/foc_blockset.c.obj
LOAD CMakeFiles/Pegasus3.1v-firmware.elf.dir/lib/ApplicationLayer/foc_mtpa_lut.c.obj
LOAD CMakeFiles/Pegasus3.1v-firmware.elf.dir/lib/ApplicationLayer/led_AL.c.obj
LOAD CMakeFiles/Pegasus3.1v-firmware.elf.dir/lib/ApplicationLayer/microcontroller.c.obj
LOAD CMakeFiles/Pegasus3.1v-firmware.elf.dir/lib/ApplicationLayer/motor_param.c.obj
LOAD CMakeFiles/Pegasus3.1v-firmware.elf.dir/lib/ApplicationLayer/sanity.c.obj
LOAD CMakeFiles/Pegasus3.1v-firmware.elf.dir/lib/ApplicationLayer/temp_AL.c.obj
LOAD CMakeFiles/Pegasus3.1v-firmware.elf.dir/lib/ApplicationLayer/usart_AL.c.obj
LOAD CMakeFiles/Pegasus3.1v-firmware.elf.dir/lib/ApplicationLayer/v_f_control.c.obj
LOAD CMakeFiles/Pegasus3.1v-firmware.elf.dir/lib/ApplicationLayer/vector_control.c.obj
LOAD CMakeFiles/Pegasus3.1v-firmware.elf.dir/lib/ApplicationLayer/vehicle.c.obj
LOAD CMakeFiles/Pegasus3.1v-firmware.elf.dir/lib/CustomLibs/printf.c.obj
LOAD CMakeFiles/Pegasus3.1v-firmware.elf.dir/lib/CustomLibs/math_func.c.obj
LOAD CMakeFiles/Pegasus3.1v-firmware.elf.dir/lib/ApplicationLayer/can-tp-module-threadx/isotp-c/deps/bitfield-c/src/bitfield/8byte.c.obj
LOAD CMakeFiles/Pegasus3.1v-firmware.elf.dir/lib/ApplicationLayer/can-tp-module-threadx/isotp-c/deps/bitfield-c/src/bitfield/bitarray.c.obj
LOAD CMakeFiles/Pegasus3.1v-firmware.elf.dir/lib/ApplicationLayer/can-tp-module-threadx/isotp-c/deps/bitfield-c/src/bitfield/bitfield.c.obj
LOAD CMakeFiles/Pegasus3.1v-firmware.elf.dir/lib/ApplicationLayer/can-tp-module-threadx/isotp-c/src/isotp/isotp.c.obj
LOAD CMakeFiles/Pegasus3.1v-firmware.elf.dir/lib/ApplicationLayer/can-tp-module-threadx/isotp-c/src/isotp/receive.c.obj
LOAD CMakeFiles/Pegasus3.1v-firmware.elf.dir/lib/ApplicationLayer/can-tp-module-threadx/isotp-c/src/isotp/send.c.obj
LOAD CMakeFiles/Pegasus3.1v-firmware.elf.dir/lib/ApplicationLayer/can-tp-module-threadx/can_tp_app.c.obj
START GROUP
LOAD c:/progra~2/gnuarm~1/102021~1.10/bin/../lib/gcc/arm-none-eabi/10.3.1/thumb/v7e-m+fp/hard\libgcc.a
LOAD c:/progra~2/gnuarm~1/102021~1.10/bin/../lib/gcc/arm-none-eabi/10.3.1/../../../../arm-none-eabi/lib/thumb/v7e-m+fp/hard\libg_nano.a
LOAD c:/progra~2/gnuarm~1/102021~1.10/bin/../lib/gcc/arm-none-eabi/10.3.1/../../../../arm-none-eabi/lib/thumb/v7e-m+fp/hard\libc_nano.a
END GROUP
START GROUP
LOAD c:/progra~2/gnuarm~1/102021~1.10/bin/../lib/gcc/arm-none-eabi/10.3.1/thumb/v7e-m+fp/hard\libgcc.a
LOAD c:/progra~2/gnuarm~1/102021~1.10/bin/../lib/gcc/arm-none-eabi/10.3.1/../../../../arm-none-eabi/lib/thumb/v7e-m+fp/hard\libc_nano.a
LOAD c:/progra~2/gnuarm~1/102021~1.10/bin/../lib/gcc/arm-none-eabi/10.3.1/../../../../arm-none-eabi/lib/thumb/v7e-m+fp/hard\libnosys.a
END GROUP
START GROUP
LOAD c:/progra~2/gnuarm~1/102021~1.10/bin/../lib/gcc/arm-none-eabi/10.3.1/thumb/v7e-m+fp/hard\libgcc.a
LOAD c:/progra~2/gnuarm~1/102021~1.10/bin/../lib/gcc/arm-none-eabi/10.3.1/../../../../arm-none-eabi/lib/thumb/v7e-m+fp/hard\libc_nano.a
LOAD c:/progra~2/gnuarm~1/102021~1.10/bin/../lib/gcc/arm-none-eabi/10.3.1/../../../../arm-none-eabi/lib/thumb/v7e-m+fp/hard\libnosys.a
END GROUP
LOAD c:/progra~2/gnuarm~1/102021~1.10/bin/../lib/gcc/arm-none-eabi/10.3.1/thumb/v7e-m+fp/hard/crtend.o
LOAD c:/progra~2/gnuarm~1/102021~1.10/bin/../lib/gcc/arm-none-eabi/10.3.1/thumb/v7e-m+fp/hard/crtn.o
                0x24080000                _estack = (ORIGIN (RAM_D1) + LENGTH (RAM_D1))
                0x00000200                _Min_Heap_Size = 0x200
                0x00000400                _Min_Stack_Size = 0x400

.isr_vector     0x08000000      0x298
                0x08000000                . = ALIGN (0x4)
 *(.isr_vector)
 .isr_vector    0x08000000      0x298 CMakeFiles/Pegasus3.1v-firmware.elf.dir/startup_stm32h743zitx.s.obj
                0x08000000                g_pfnVectors
                0x08000298                . = ALIGN (0x4)

.text           0x080002a0    0x14c04
                0x080002a0                . = ALIGN (0x4)
 *(.text)
 .text          0x080002a0       0x40 c:/progra~2/gnuarm~1/102021~1.10/bin/../lib/gcc/arm-none-eabi/10.3.1/thumb/v7e-m+fp/hard/crtbegin.o
 .text          0x080002e0       0x10 c:/progra~2/gnuarm~1/102021~1.10/bin/../lib/gcc/arm-none-eabi/10.3.1/../../../../arm-none-eabi/lib/thumb/v7e-m+fp/hard\libc_nano.a(lib_a-strlen.o)
                0x080002e0                strlen
 .text          0x080002f0       0xa0 c:/progra~2/gnuarm~1/102021~1.10/bin/../lib/gcc/arm-none-eabi/10.3.1/../../../../arm-none-eabi/lib/thumb/v7e-m+fp/hard\libc_nano.a(lib_a-memchr.o)
                0x080002f0                memchr
 .text          0x08000390      0x378 c:/progra~2/gnuarm~1/102021~1.10/bin/../lib/gcc/arm-none-eabi/10.3.1/thumb/v7e-m+fp/hard\libgcc.a(_arm_addsubdf3.o)
                0x08000390                __aeabi_drsub
                0x08000398                __aeabi_dsub
                0x08000398                __subdf3
                0x0800039c                __aeabi_dadd
                0x0800039c                __adddf3
                0x08000614                __floatunsidf
                0x08000614                __aeabi_ui2d
                0x08000634                __floatsidf
                0x08000634                __aeabi_i2d
                0x08000658                __aeabi_f2d
                0x08000658                __extendsfdf2
                0x0800069c                __floatundidf
                0x0800069c                __aeabi_ul2d
                0x080006ac                __floatdidf
                0x080006ac                __aeabi_l2d
 .text          0x08000708      0x424 c:/progra~2/gnuarm~1/102021~1.10/bin/../lib/gcc/arm-none-eabi/10.3.1/thumb/v7e-m+fp/hard\libgcc.a(_arm_muldivdf3.o)
                0x08000708                __aeabi_dmul
                0x08000708                __muldf3
                0x0800095c                __divdf3
                0x0800095c                __aeabi_ddiv
 .text          0x08000b2c      0x110 c:/progra~2/gnuarm~1/102021~1.10/bin/../lib/gcc/arm-none-eabi/10.3.1/thumb/v7e-m+fp/hard\libgcc.a(_arm_cmpdf2.o)
                0x08000b2c                __gtdf2
                0x08000b2c                __gedf2
                0x08000b34                __ltdf2
                0x08000b34                __ledf2
                0x08000b3c                __nedf2
                0x08000b3c                __eqdf2
                0x08000b3c                __cmpdf2
                0x08000bb8                __aeabi_cdrcmple
                0x08000bc8                __aeabi_cdcmpeq
                0x08000bc8                __aeabi_cdcmple
                0x08000bd8                __aeabi_dcmpeq
                0x08000bec                __aeabi_dcmplt
                0x08000c00                __aeabi_dcmple
                0x08000c14                __aeabi_dcmpge
                0x08000c28                __aeabi_dcmpgt
 .text          0x08000c3c       0x2c c:/progra~2/gnuarm~1/102021~1.10/bin/../lib/gcc/arm-none-eabi/10.3.1/thumb/v7e-m+fp/hard\libgcc.a(_arm_unorddf2.o)
                0x08000c3c                __unorddf2
                0x08000c3c                __aeabi_dcmpun
 .text          0x08000c68       0x50 c:/progra~2/gnuarm~1/102021~1.10/bin/../lib/gcc/arm-none-eabi/10.3.1/thumb/v7e-m+fp/hard\libgcc.a(_arm_fixdfsi.o)
                0x08000c68                __aeabi_d2iz
                0x08000c68                __fixdfsi
 .text          0x08000cb8       0x40 c:/progra~2/gnuarm~1/102021~1.10/bin/../lib/gcc/arm-none-eabi/10.3.1/thumb/v7e-m+fp/hard\libgcc.a(_arm_fixunsdfsi.o)
                0x08000cb8                __aeabi_d2uiz
                0x08000cb8                __fixunsdfsi
 .text          0x08000cf8       0xa0 c:/progra~2/gnuarm~1/102021~1.10/bin/../lib/gcc/arm-none-eabi/10.3.1/thumb/v7e-m+fp/hard\libgcc.a(_arm_truncdfsf2.o)
                0x08000cf8                __truncdfsf2
                0x08000cf8                __aeabi_d2f
 .text          0x08000d98       0x30 c:/progra~2/gnuarm~1/102021~1.10/bin/../lib/gcc/arm-none-eabi/10.3.1/thumb/v7e-m+fp/hard\libgcc.a(_aeabi_uldivmod.o)
                0x08000d98                __aeabi_uldivmod
 .text          0x08000dc8      0x2d0 c:/progra~2/gnuarm~1/102021~1.10/bin/../lib/gcc/arm-none-eabi/10.3.1/thumb/v7e-m+fp/hard\libgcc.a(_udivmoddi4.o)
                0x08000dc8                __udivmoddi4
 .text          0x08001098        0x4 c:/progra~2/gnuarm~1/102021~1.10/bin/../lib/gcc/arm-none-eabi/10.3.1/thumb/v7e-m+fp/hard\libgcc.a(_dvmd_tls.o)
                0x08001098                __aeabi_idiv0
                0x08001098                __aeabi_ldiv0
 .text          0x0800109c       0x30 c:/progra~2/gnuarm~1/102021~1.10/bin/../lib/gcc/arm-none-eabi/10.3.1/thumb/v7e-m+fp/hard\libgcc.a(_fixdfdi.o)
                0x0800109c                __fixdfdi
                0x0800109c                __aeabi_d2lz
 .text          0x080010cc       0x3c c:/progra~2/gnuarm~1/102021~1.10/bin/../lib/gcc/arm-none-eabi/10.3.1/thumb/v7e-m+fp/hard\libgcc.a(_fixunsdfdi.o)
                0x080010cc                __fixunsdfdi
                0x080010cc                __aeabi_d2ulz
 *(.text*)
 .text.__libc_init_array
                0x08001108       0x48 c:/progra~2/gnuarm~1/102021~1.10/bin/../lib/gcc/arm-none-eabi/10.3.1/../../../../arm-none-eabi/lib/thumb/v7e-m+fp/hard\libc_nano.a(lib_a-init.o)
                0x08001108                __libc_init_array
 .text.memset   0x08001150       0x10 c:/progra~2/gnuarm~1/102021~1.10/bin/../lib/gcc/arm-none-eabi/10.3.1/../../../../arm-none-eabi/lib/thumb/v7e-m+fp/hard\libc_nano.a(lib_a-memset.o)
                0x08001150                memset
 .text.__cvt    0x08001160       0xc4 c:/progra~2/gnuarm~1/102021~1.10/bin/../lib/gcc/arm-none-eabi/10.3.1/../../../../arm-none-eabi/lib/thumb/v7e-m+fp/hard\libc_nano.a(lib_a-nano-vfprintf_float.o)
                0x08001160                __cvt
 .text.__exponent
                0x08001224       0x7c c:/progra~2/gnuarm~1/102021~1.10/bin/../lib/gcc/arm-none-eabi/10.3.1/../../../../arm-none-eabi/lib/thumb/v7e-m+fp/hard\libc_nano.a(lib_a-nano-vfprintf_float.o)
                0x08001224                __exponent
 .text._printf_float
                0x080012a0      0x46c c:/progra~2/gnuarm~1/102021~1.10/bin/../lib/gcc/arm-none-eabi/10.3.1/../../../../arm-none-eabi/lib/thumb/v7e-m+fp/hard\libc_nano.a(lib_a-nano-vfprintf_float.o)
                0x080012a0                _printf_float
 .text._printf_common
                0x0800170c       0xda c:/progra~2/gnuarm~1/102021~1.10/bin/../lib/gcc/arm-none-eabi/10.3.1/../../../../arm-none-eabi/lib/thumb/v7e-m+fp/hard\libc_nano.a(lib_a-nano-vfprintf_i.o)
                0x0800170c                _printf_common
 *fill*         0x080017e6        0x2 
 .text._printf_i
                0x080017e8      0x24c c:/progra~2/gnuarm~1/102021~1.10/bin/../lib/gcc/arm-none-eabi/10.3.1/../../../../arm-none-eabi/lib/thumb/v7e-m+fp/hard\libc_nano.a(lib_a-nano-vfprintf_i.o)
                0x080017e8                _printf_i
 .text.quorem   0x08001a34      0x116 c:/progra~2/gnuarm~1/102021~1.10/bin/../lib/gcc/arm-none-eabi/10.3.1/../../../../arm-none-eabi/lib/thumb/v7e-m+fp/hard\libc_nano.a(lib_a-dtoa.o)
 *fill*         0x08001b4a        0x6 
 .text._dtoa_r  0x08001b50      0xbdc c:/progra~2/gnuarm~1/102021~1.10/bin/../lib/gcc/arm-none-eabi/10.3.1/../../../../arm-none-eabi/lib/thumb/v7e-m+fp/hard\libc_nano.a(lib_a-dtoa.o)
                0x08001b50                _dtoa_r
 .text._localeconv_r
                0x0800272c        0x8 c:/progra~2/gnuarm~1/102021~1.10/bin/../lib/gcc/arm-none-eabi/10.3.1/../../../../arm-none-eabi/lib/thumb/v7e-m+fp/hard\libc_nano.a(lib_a-localeconv.o)
                0x0800272c                _localeconv_r
 .text.malloc   0x08002734       0x10 c:/progra~2/gnuarm~1/102021~1.10/bin/../lib/gcc/arm-none-eabi/10.3.1/../../../../arm-none-eabi/lib/thumb/v7e-m+fp/hard\libc_nano.a(lib_a-malloc.o)
                0x08002734                malloc
 .text.free     0x08002744       0x10 c:/progra~2/gnuarm~1/102021~1.10/bin/../lib/gcc/arm-none-eabi/10.3.1/../../../../arm-none-eabi/lib/thumb/v7e-m+fp/hard\libc_nano.a(lib_a-malloc.o)
                0x08002744                free
 .text.memcpy   0x08002754       0x1c c:/progra~2/gnuarm~1/102021~1.10/bin/../lib/gcc/arm-none-eabi/10.3.1/../../../../arm-none-eabi/lib/thumb/v7e-m+fp/hard\libc_nano.a(lib_a-memcpy-stub.o)
                0x08002754                memcpy
 .text._Balloc  0x08002770       0x80 c:/progra~2/gnuarm~1/102021~1.10/bin/../lib/gcc/arm-none-eabi/10.3.1/../../../../arm-none-eabi/lib/thumb/v7e-m+fp/hard\libc_nano.a(lib_a-mprec.o)
                0x08002770                _Balloc
 .text._Bfree   0x080027f0       0x44 c:/progra~2/gnuarm~1/102021~1.10/bin/../lib/gcc/arm-none-eabi/10.3.1/../../../../arm-none-eabi/lib/thumb/v7e-m+fp/hard\libc_nano.a(lib_a-mprec.o)
                0x080027f0                _Bfree
 .text.__multadd
                0x08002834       0x8c c:/progra~2/gnuarm~1/102021~1.10/bin/../lib/gcc/arm-none-eabi/10.3.1/../../../../arm-none-eabi/lib/thumb/v7e-m+fp/hard\libc_nano.a(lib_a-mprec.o)
                0x08002834                __multadd
 .text.__s2b    0x080028c0       0x94 c:/progra~2/gnuarm~1/102021~1.10/bin/../lib/gcc/arm-none-eabi/10.3.1/../../../../arm-none-eabi/lib/thumb/v7e-m+fp/hard\libc_nano.a(lib_a-mprec.o)
                0x080028c0                __s2b
 .text.__hi0bits
                0x08002954       0x40 c:/progra~2/gnuarm~1/102021~1.10/bin/../lib/gcc/arm-none-eabi/10.3.1/../../../../arm-none-eabi/lib/thumb/v7e-m+fp/hard\libc_nano.a(lib_a-mprec.o)
                0x08002954                __hi0bits
 .text.__lo0bits
                0x08002994       0x5e c:/progra~2/gnuarm~1/102021~1.10/bin/../lib/gcc/arm-none-eabi/10.3.1/../../../../arm-none-eabi/lib/thumb/v7e-m+fp/hard\libc_nano.a(lib_a-mprec.o)
                0x08002994                __lo0bits
 *fill*         0x080029f2        0x2 
 .text.__i2b    0x080029f4       0x2c c:/progra~2/gnuarm~1/102021~1.10/bin/../lib/gcc/arm-none-eabi/10.3.1/../../../../arm-none-eabi/lib/thumb/v7e-m+fp/hard\libc_nano.a(lib_a-mprec.o)
                0x080029f4                __i2b
 .text.__multiply
                0x08002a20      0x154 c:/progra~2/gnuarm~1/102021~1.10/bin/../lib/gcc/arm-none-eabi/10.3.1/../../../../arm-none-eabi/lib/thumb/v7e-m+fp/hard\libc_nano.a(lib_a-mprec.o)
                0x08002a20                __multiply
 .text.__pow5mult
                0x08002b74       0xb4 c:/progra~2/gnuarm~1/102021~1.10/bin/../lib/gcc/arm-none-eabi/10.3.1/../../../../arm-none-eabi/lib/thumb/v7e-m+fp/hard\libc_nano.a(lib_a-mprec.o)
                0x08002b74                __pow5mult
 .text.__lshift
                0x08002c28       0xe0 c:/progra~2/gnuarm~1/102021~1.10/bin/../lib/gcc/arm-none-eabi/10.3.1/../../../../arm-none-eabi/lib/thumb/v7e-m+fp/hard\libc_nano.a(lib_a-mprec.o)
                0x08002c28                __lshift
 .text.__mcmp   0x08002d08       0x38 c:/progra~2/gnuarm~1/102021~1.10/bin/../lib/gcc/arm-none-eabi/10.3.1/../../../../arm-none-eabi/lib/thumb/v7e-m+fp/hard\libc_nano.a(lib_a-mprec.o)
                0x08002d08                __mcmp
 .text.__mdiff  0x08002d40      0x114 c:/progra~2/gnuarm~1/102021~1.10/bin/../lib/gcc/arm-none-eabi/10.3.1/../../../../arm-none-eabi/lib/thumb/v7e-m+fp/hard\libc_nano.a(lib_a-mprec.o)
                0x08002d40                __mdiff
 .text.__ulp    0x08002e54       0x58 c:/progra~2/gnuarm~1/102021~1.10/bin/../lib/gcc/arm-none-eabi/10.3.1/../../../../arm-none-eabi/lib/thumb/v7e-m+fp/hard\libc_nano.a(lib_a-mprec.o)
                0x08002e54                __ulp
 .text.__b2d    0x08002eac       0xa0 c:/progra~2/gnuarm~1/102021~1.10/bin/../lib/gcc/arm-none-eabi/10.3.1/../../../../arm-none-eabi/lib/thumb/v7e-m+fp/hard\libc_nano.a(lib_a-mprec.o)
                0x08002eac                __b2d
 .text.__d2b    0x08002f4c       0xb8 c:/progra~2/gnuarm~1/102021~1.10/bin/../lib/gcc/arm-none-eabi/10.3.1/../../../../arm-none-eabi/lib/thumb/v7e-m+fp/hard\libc_nano.a(lib_a-mprec.o)
                0x08002f4c                __d2b
 .text.__ratio  0x08003004       0x66 c:/progra~2/gnuarm~1/102021~1.10/bin/../lib/gcc/arm-none-eabi/10.3.1/../../../../arm-none-eabi/lib/thumb/v7e-m+fp/hard\libc_nano.a(lib_a-mprec.o)
                0x08003004                __ratio
 .text.__copybits
                0x0800306a       0x46 c:/progra~2/gnuarm~1/102021~1.10/bin/../lib/gcc/arm-none-eabi/10.3.1/../../../../arm-none-eabi/lib/thumb/v7e-m+fp/hard\libc_nano.a(lib_a-mprec.o)
                0x0800306a                __copybits
 .text.__any_on
                0x080030b0       0x42 c:/progra~2/gnuarm~1/102021~1.10/bin/../lib/gcc/arm-none-eabi/10.3.1/../../../../arm-none-eabi/lib/thumb/v7e-m+fp/hard\libc_nano.a(lib_a-mprec.o)
                0x080030b0                __any_on
 .text._calloc_r
                0x080030f2       0x2c c:/progra~2/gnuarm~1/102021~1.10/bin/../lib/gcc/arm-none-eabi/10.3.1/../../../../arm-none-eabi/lib/thumb/v7e-m+fp/hard\libc_nano.a(lib_a-nano-callocr.o)
                0x080030f2                _calloc_r
 *fill*         0x0800311e        0x2 
 .text._free_r  0x08003120       0x98 c:/progra~2/gnuarm~1/102021~1.10/bin/../lib/gcc/arm-none-eabi/10.3.1/../../../../arm-none-eabi/lib/thumb/v7e-m+fp/hard\libc_nano.a(lib_a-nano-freer.o)
                0x08003120                _free_r
 .text.sbrk_aligned
                0x080031b8       0x40 c:/progra~2/gnuarm~1/102021~1.10/bin/../lib/gcc/arm-none-eabi/10.3.1/../../../../arm-none-eabi/lib/thumb/v7e-m+fp/hard\libc_nano.a(lib_a-nano-mallocr.o)
 .text._malloc_r
                0x080031f8       0xe8 c:/progra~2/gnuarm~1/102021~1.10/bin/../lib/gcc/arm-none-eabi/10.3.1/../../../../arm-none-eabi/lib/thumb/v7e-m+fp/hard\libc_nano.a(lib_a-nano-mallocr.o)
                0x080031f8                _malloc_r
 .text._sbrk_r  0x080032e0       0x20 c:/progra~2/gnuarm~1/102021~1.10/bin/../lib/gcc/arm-none-eabi/10.3.1/../../../../arm-none-eabi/lib/thumb/v7e-m+fp/hard\libc_nano.a(lib_a-sbrkr.o)
                0x080032e0                _sbrk_r
 .text.__assert_func
                0x08003300       0x3c c:/progra~2/gnuarm~1/102021~1.10/bin/../lib/gcc/arm-none-eabi/10.3.1/../../../../arm-none-eabi/lib/thumb/v7e-m+fp/hard\libc_nano.a(lib_a-assert.o)
                0x08003300                __assert_func
 .text.fprintf  0x0800333c       0x24 c:/progra~2/gnuarm~1/102021~1.10/bin/../lib/gcc/arm-none-eabi/10.3.1/../../../../arm-none-eabi/lib/thumb/v7e-m+fp/hard\libc_nano.a(lib_a-fprintf.o)
                0x0800333c                fiprintf
                0x0800333c                fprintf
 .text.__ascii_mbtowc
                0x08003360       0x24 c:/progra~2/gnuarm~1/102021~1.10/bin/../lib/gcc/arm-none-eabi/10.3.1/../../../../arm-none-eabi/lib/thumb/v7e-m+fp/hard\libc_nano.a(lib_a-mbtowc_r.o)
                0x08003360                __ascii_mbtowc
 .text.__malloc_lock
                0x08003384        0xc c:/progra~2/gnuarm~1/102021~1.10/bin/../lib/gcc/arm-none-eabi/10.3.1/../../../../arm-none-eabi/lib/thumb/v7e-m+fp/hard\libc_nano.a(lib_a-mlock.o)
                0x08003384                __malloc_lock
 .text.__malloc_unlock
                0x08003390        0xc c:/progra~2/gnuarm~1/102021~1.10/bin/../lib/gcc/arm-none-eabi/10.3.1/../../../../arm-none-eabi/lib/thumb/v7e-m+fp/hard\libc_nano.a(lib_a-mlock.o)
                0x08003390                __malloc_unlock
 .text.__sfputc_r
                0x0800339c       0x2e c:/progra~2/gnuarm~1/102021~1.10/bin/../lib/gcc/arm-none-eabi/10.3.1/../../../../arm-none-eabi/lib/thumb/v7e-m+fp/hard\libc_nano.a(lib_a-nano-vfprintf.o)
 .text.__sfputs_r
                0x080033ca       0x24 c:/progra~2/gnuarm~1/102021~1.10/bin/../lib/gcc/arm-none-eabi/10.3.1/../../../../arm-none-eabi/lib/thumb/v7e-m+fp/hard\libc_nano.a(lib_a-nano-vfprintf.o)
                0x080033ca                __sfputs_r
 *fill*         0x080033ee        0x2 
 .text._vfprintf_r
                0x080033f0      0x260 c:/progra~2/gnuarm~1/102021~1.10/bin/../lib/gcc/arm-none-eabi/10.3.1/../../../../arm-none-eabi/lib/thumb/v7e-m+fp/hard\libc_nano.a(lib_a-nano-vfprintf.o)
                0x080033f0                _vfprintf_r
                0x080033f0                _vfiprintf_r
 .text.__swbuf_r
                0x08003650       0xa4 c:/progra~2/gnuarm~1/102021~1.10/bin/../lib/gcc/arm-none-eabi/10.3.1/../../../../arm-none-eabi/lib/thumb/v7e-m+fp/hard\libc_nano.a(lib_a-wbuf.o)
                0x08003650                __swbuf_r
 .text.__ascii_wctomb
                0x080036f4       0x1a c:/progra~2/gnuarm~1/102021~1.10/bin/../lib/gcc/arm-none-eabi/10.3.1/../../../../arm-none-eabi/lib/thumb/v7e-m+fp/hard\libc_nano.a(lib_a-wctomb_r.o)
                0x080036f4                __ascii_wctomb
 *fill*         0x0800370e        0x2 
 .text.__swsetup_r
                0x08003710       0xdc c:/progra~2/gnuarm~1/102021~1.10/bin/../lib/gcc/arm-none-eabi/10.3.1/../../../../arm-none-eabi/lib/thumb/v7e-m+fp/hard\libc_nano.a(lib_a-wsetup.o)
                0x08003710                __swsetup_r
 .text.abort    0x080037ec        0xe c:/progra~2/gnuarm~1/102021~1.10/bin/../lib/gcc/arm-none-eabi/10.3.1/../../../../arm-none-eabi/lib/thumb/v7e-m+fp/hard\libc_nano.a(lib_a-abort.o)
                0x080037ec                abort
 *fill*         0x080037fa        0x2 
 .text.__sflush_r
                0x080037fc      0x10c c:/progra~2/gnuarm~1/102021~1.10/bin/../lib/gcc/arm-none-eabi/10.3.1/../../../../arm-none-eabi/lib/thumb/v7e-m+fp/hard\libc_nano.a(lib_a-fflush.o)
                0x080037fc                __sflush_r
 .text._fflush_r
                0x08003908       0x78 c:/progra~2/gnuarm~1/102021~1.10/bin/../lib/gcc/arm-none-eabi/10.3.1/../../../../arm-none-eabi/lib/thumb/v7e-m+fp/hard\libc_nano.a(lib_a-fflush.o)
                0x08003908                _fflush_r
 .text.std      0x08003980       0x48 c:/progra~2/gnuarm~1/102021~1.10/bin/../lib/gcc/arm-none-eabi/10.3.1/../../../../arm-none-eabi/lib/thumb/v7e-m+fp/hard\libc_nano.a(lib_a-findfp.o)
 .text._cleanup_r
                0x080039c8        0xc c:/progra~2/gnuarm~1/102021~1.10/bin/../lib/gcc/arm-none-eabi/10.3.1/../../../../arm-none-eabi/lib/thumb/v7e-m+fp/hard\libc_nano.a(lib_a-findfp.o)
                0x080039c8                _cleanup_r
 .text.__sfmoreglue
                0x080039d4       0x2c c:/progra~2/gnuarm~1/102021~1.10/bin/../lib/gcc/arm-none-eabi/10.3.1/../../../../arm-none-eabi/lib/thumb/v7e-m+fp/hard\libc_nano.a(lib_a-findfp.o)
                0x080039d4                __sfmoreglue
 .text.__sfp_lock_acquire
                0x08003a00        0xc c:/progra~2/gnuarm~1/102021~1.10/bin/../lib/gcc/arm-none-eabi/10.3.1/../../../../arm-none-eabi/lib/thumb/v7e-m+fp/hard\libc_nano.a(lib_a-findfp.o)
                0x08003a00                __sfp_lock_acquire
 .text.__sfp_lock_release
                0x08003a0c        0xc c:/progra~2/gnuarm~1/102021~1.10/bin/../lib/gcc/arm-none-eabi/10.3.1/../../../../arm-none-eabi/lib/thumb/v7e-m+fp/hard\libc_nano.a(lib_a-findfp.o)
                0x08003a0c                __sfp_lock_release
 .text.__sinit_lock_acquire
                0x08003a18        0xc c:/progra~2/gnuarm~1/102021~1.10/bin/../lib/gcc/arm-none-eabi/10.3.1/../../../../arm-none-eabi/lib/thumb/v7e-m+fp/hard\libc_nano.a(lib_a-findfp.o)
                0x08003a18                __sinit_lock_acquire
 .text.__sinit_lock_release
                0x08003a24        0xc c:/progra~2/gnuarm~1/102021~1.10/bin/../lib/gcc/arm-none-eabi/10.3.1/../../../../arm-none-eabi/lib/thumb/v7e-m+fp/hard\libc_nano.a(lib_a-findfp.o)
                0x08003a24                __sinit_lock_release
 .text.__sinit  0x08003a30       0x70 c:/progra~2/gnuarm~1/102021~1.10/bin/../lib/gcc/arm-none-eabi/10.3.1/../../../../arm-none-eabi/lib/thumb/v7e-m+fp/hard\libc_nano.a(lib_a-findfp.o)
                0x08003a30                __sinit
 .text.__sfp    0x08003aa0       0x8c c:/progra~2/gnuarm~1/102021~1.10/bin/../lib/gcc/arm-none-eabi/10.3.1/../../../../arm-none-eabi/lib/thumb/v7e-m+fp/hard\libc_nano.a(lib_a-findfp.o)
                0x08003aa0                __sfp
 .text._fwalk_reent
                0x08003b2c       0x3e c:/progra~2/gnuarm~1/102021~1.10/bin/../lib/gcc/arm-none-eabi/10.3.1/../../../../arm-none-eabi/lib/thumb/v7e-m+fp/hard\libc_nano.a(lib_a-fwalk.o)
                0x08003b2c                _fwalk_reent
 .text.__retarget_lock_init_recursive
                0x08003b6a        0x2 c:/progra~2/gnuarm~1/102021~1.10/bin/../lib/gcc/arm-none-eabi/10.3.1/../../../../arm-none-eabi/lib/thumb/v7e-m+fp/hard\libc_nano.a(lib_a-lock.o)
                0x08003b6a                __retarget_lock_init_recursive
 .text.__retarget_lock_acquire_recursive
                0x08003b6c        0x2 c:/progra~2/gnuarm~1/102021~1.10/bin/../lib/gcc/arm-none-eabi/10.3.1/../../../../arm-none-eabi/lib/thumb/v7e-m+fp/hard\libc_nano.a(lib_a-lock.o)
                0x08003b6c                __retarget_lock_acquire_recursive
 .text.__retarget_lock_release_recursive
                0x08003b6e        0x2 c:/progra~2/gnuarm~1/102021~1.10/bin/../lib/gcc/arm-none-eabi/10.3.1/../../../../arm-none-eabi/lib/thumb/v7e-m+fp/hard\libc_nano.a(lib_a-lock.o)
                0x08003b6e                __retarget_lock_release_recursive
 .text.__swhatbuf_r
                0x08003b70       0x4a c:/progra~2/gnuarm~1/102021~1.10/bin/../lib/gcc/arm-none-eabi/10.3.1/../../../../arm-none-eabi/lib/thumb/v7e-m+fp/hard\libc_nano.a(lib_a-makebuf.o)
                0x08003b70                __swhatbuf_r
 *fill*         0x08003bba        0x2 
 .text.__smakebuf_r
                0x08003bbc       0x80 c:/progra~2/gnuarm~1/102021~1.10/bin/../lib/gcc/arm-none-eabi/10.3.1/../../../../arm-none-eabi/lib/thumb/v7e-m+fp/hard\libc_nano.a(lib_a-makebuf.o)
                0x08003bbc                __smakebuf_r
 .text.memmove  0x08003c3c       0x34 c:/progra~2/gnuarm~1/102021~1.10/bin/../lib/gcc/arm-none-eabi/10.3.1/../../../../arm-none-eabi/lib/thumb/v7e-m+fp/hard\libc_nano.a(lib_a-memmove.o)
                0x08003c3c                memmove
 .text._realloc_r
                0x08003c70       0x5e c:/progra~2/gnuarm~1/102021~1.10/bin/../lib/gcc/arm-none-eabi/10.3.1/../../../../arm-none-eabi/lib/thumb/v7e-m+fp/hard\libc_nano.a(lib_a-nano-reallocr.o)
                0x08003c70                _realloc_r
 .text._raise_r
                0x08003cce       0x50 c:/progra~2/gnuarm~1/102021~1.10/bin/../lib/gcc/arm-none-eabi/10.3.1/../../../../arm-none-eabi/lib/thumb/v7e-m+fp/hard\libc_nano.a(lib_a-signal.o)
                0x08003cce                _raise_r
 *fill*         0x08003d1e        0x2 
 .text.raise    0x08003d20       0x10 c:/progra~2/gnuarm~1/102021~1.10/bin/../lib/gcc/arm-none-eabi/10.3.1/../../../../arm-none-eabi/lib/thumb/v7e-m+fp/hard\libc_nano.a(lib_a-signal.o)
                0x08003d20                raise
 .text._kill_r  0x08003d30       0x24 c:/progra~2/gnuarm~1/102021~1.10/bin/../lib/gcc/arm-none-eabi/10.3.1/../../../../arm-none-eabi/lib/thumb/v7e-m+fp/hard\libc_nano.a(lib_a-signalr.o)
                0x08003d30                _kill_r
 .text._getpid_r
                0x08003d54        0x4 c:/progra~2/gnuarm~1/102021~1.10/bin/../lib/gcc/arm-none-eabi/10.3.1/../../../../arm-none-eabi/lib/thumb/v7e-m+fp/hard\libc_nano.a(lib_a-signalr.o)
                0x08003d54                _getpid_r
 .text.__sread  0x08003d58       0x22 c:/progra~2/gnuarm~1/102021~1.10/bin/../lib/gcc/arm-none-eabi/10.3.1/../../../../arm-none-eabi/lib/thumb/v7e-m+fp/hard\libc_nano.a(lib_a-stdio.o)
                0x08003d58                __sread
 .text.__swrite
                0x08003d7a       0x38 c:/progra~2/gnuarm~1/102021~1.10/bin/../lib/gcc/arm-none-eabi/10.3.1/../../../../arm-none-eabi/lib/thumb/v7e-m+fp/hard\libc_nano.a(lib_a-stdio.o)
                0x08003d7a                __swrite
 .text.__sseek  0x08003db2       0x24 c:/progra~2/gnuarm~1/102021~1.10/bin/../lib/gcc/arm-none-eabi/10.3.1/../../../../arm-none-eabi/lib/thumb/v7e-m+fp/hard\libc_nano.a(lib_a-stdio.o)
                0x08003db2                __sseek
 .text.__sclose
                0x08003dd6        0x8 c:/progra~2/gnuarm~1/102021~1.10/bin/../lib/gcc/arm-none-eabi/10.3.1/../../../../arm-none-eabi/lib/thumb/v7e-m+fp/hard\libc_nano.a(lib_a-stdio.o)
                0x08003dd6                __sclose
 *fill*         0x08003dde        0x2 
 .text._write_r
                0x08003de0       0x24 c:/progra~2/gnuarm~1/102021~1.10/bin/../lib/gcc/arm-none-eabi/10.3.1/../../../../arm-none-eabi/lib/thumb/v7e-m+fp/hard\libc_nano.a(lib_a-writer.o)
                0x08003de0                _write_r
 .text._close_r
                0x08003e04       0x20 c:/progra~2/gnuarm~1/102021~1.10/bin/../lib/gcc/arm-none-eabi/10.3.1/../../../../arm-none-eabi/lib/thumb/v7e-m+fp/hard\libc_nano.a(lib_a-closer.o)
                0x08003e04                _close_r
 .text._fstat_r
                0x08003e24       0x24 c:/progra~2/gnuarm~1/102021~1.10/bin/../lib/gcc/arm-none-eabi/10.3.1/../../../../arm-none-eabi/lib/thumb/v7e-m+fp/hard\libc_nano.a(lib_a-fstatr.o)
                0x08003e24                _fstat_r
 .text._isatty_r
                0x08003e48       0x20 c:/progra~2/gnuarm~1/102021~1.10/bin/../lib/gcc/arm-none-eabi/10.3.1/../../../../arm-none-eabi/lib/thumb/v7e-m+fp/hard\libc_nano.a(lib_a-isattyr.o)
                0x08003e48                _isatty_r
 .text._lseek_r
                0x08003e68       0x24 c:/progra~2/gnuarm~1/102021~1.10/bin/../lib/gcc/arm-none-eabi/10.3.1/../../../../arm-none-eabi/lib/thumb/v7e-m+fp/hard\libc_nano.a(lib_a-lseekr.o)
                0x08003e68                _lseek_r
 .text._malloc_usable_size_r
                0x08003e8c       0x10 c:/progra~2/gnuarm~1/102021~1.10/bin/../lib/gcc/arm-none-eabi/10.3.1/../../../../arm-none-eabi/lib/thumb/v7e-m+fp/hard\libc_nano.a(lib_a-nano-msizer.o)
                0x08003e8c                _malloc_usable_size_r
 .text._read_r  0x08003e9c       0x24 c:/progra~2/gnuarm~1/102021~1.10/bin/../lib/gcc/arm-none-eabi/10.3.1/../../../../arm-none-eabi/lib/thumb/v7e-m+fp/hard\libc_nano.a(lib_a-readr.o)
                0x08003e9c                _read_r
 .text._close   0x08003ec0       0x10 c:/progra~2/gnuarm~1/102021~1.10/bin/../lib/gcc/arm-none-eabi/10.3.1/../../../../arm-none-eabi/lib/thumb/v7e-m+fp/hard\libnosys.a(close.o)
                0x08003ec0                _close
 .text._fstat   0x08003ed0       0x10 c:/progra~2/gnuarm~1/102021~1.10/bin/../lib/gcc/arm-none-eabi/10.3.1/../../../../arm-none-eabi/lib/thumb/v7e-m+fp/hard\libnosys.a(fstat.o)
                0x08003ed0                _fstat
 .text._getpid  0x08003ee0       0x10 c:/progra~2/gnuarm~1/102021~1.10/bin/../lib/gcc/arm-none-eabi/10.3.1/../../../../arm-none-eabi/lib/thumb/v7e-m+fp/hard\libnosys.a(getpid.o)
                0x08003ee0                _getpid
 .text._isatty  0x08003ef0       0x10 c:/progra~2/gnuarm~1/102021~1.10/bin/../lib/gcc/arm-none-eabi/10.3.1/../../../../arm-none-eabi/lib/thumb/v7e-m+fp/hard\libnosys.a(isatty.o)
                0x08003ef0                _isatty
 .text._kill    0x08003f00       0x10 c:/progra~2/gnuarm~1/102021~1.10/bin/../lib/gcc/arm-none-eabi/10.3.1/../../../../arm-none-eabi/lib/thumb/v7e-m+fp/hard\libnosys.a(kill.o)
                0x08003f00                _kill
 .text._lseek   0x08003f10       0x10 c:/progra~2/gnuarm~1/102021~1.10/bin/../lib/gcc/arm-none-eabi/10.3.1/../../../../arm-none-eabi/lib/thumb/v7e-m+fp/hard\libnosys.a(lseek.o)
                0x08003f10                _lseek
 .text._read    0x08003f20       0x10 c:/progra~2/gnuarm~1/102021~1.10/bin/../lib/gcc/arm-none-eabi/10.3.1/../../../../arm-none-eabi/lib/thumb/v7e-m+fp/hard\libnosys.a(read.o)
                0x08003f20                _read
 .text._sbrk    0x08003f30       0x1c c:/progra~2/gnuarm~1/102021~1.10/bin/../lib/gcc/arm-none-eabi/10.3.1/../../../../arm-none-eabi/lib/thumb/v7e-m+fp/hard\libnosys.a(sbrk.o)
                0x08003f30                _sbrk
 .text._write   0x08003f4c       0x10 c:/progra~2/gnuarm~1/102021~1.10/bin/../lib/gcc/arm-none-eabi/10.3.1/../../../../arm-none-eabi/lib/thumb/v7e-m+fp/hard\libnosys.a(write.o)
                0x08003f4c                _write
 .text._exit    0x08003f5c        0x4 c:/progra~2/gnuarm~1/102021~1.10/bin/../lib/gcc/arm-none-eabi/10.3.1/../../../../arm-none-eabi/lib/thumb/v7e-m+fp/hard\libnosys.a(_exit.o)
                0x08003f5c                _exit
 .text.MX_ADC1_Init
                0x08003f60      0x204 CMakeFiles/Pegasus3.1v-firmware.elf.dir/src/adc.c.obj
                0x08003f60                MX_ADC1_Init
 .text.HAL_ADC_MspInit
                0x08004164      0x180 CMakeFiles/Pegasus3.1v-firmware.elf.dir/src/adc.c.obj
                0x08004164                HAL_ADC_MspInit
 .text.MX_FDCAN2_Init
                0x080042e4       0x64 CMakeFiles/Pegasus3.1v-firmware.elf.dir/src/fdcan.c.obj
                0x080042e4                MX_FDCAN2_Init
 .text.HAL_FDCAN_MspInit
                0x08004348      0x174 CMakeFiles/Pegasus3.1v-firmware.elf.dir/src/fdcan.c.obj
                0x08004348                HAL_FDCAN_MspInit
 .text.MX_GPIO_Init
                0x080044bc      0x170 CMakeFiles/Pegasus3.1v-firmware.elf.dir/src/gpio.c.obj
                0x080044bc                MX_GPIO_Init
 .text.MX_I2C2_Init
                0x0800462c       0x58 CMakeFiles/Pegasus3.1v-firmware.elf.dir/src/i2c.c.obj
                0x0800462c                MX_I2C2_Init
 .text.HAL_I2C_MspInit
                0x08004684       0x98 CMakeFiles/Pegasus3.1v-firmware.elf.dir/src/i2c.c.obj
                0x08004684                HAL_I2C_MspInit
 .text.MX_TIM2_Init
                0x0800471c       0xac CMakeFiles/Pegasus3.1v-firmware.elf.dir/src/tim.c.obj
                0x0800471c                MX_TIM2_Init
 .text.MX_TIM17_Init
                0x080047c8       0x34 CMakeFiles/Pegasus3.1v-firmware.elf.dir/src/tim.c.obj
                0x080047c8                MX_TIM17_Init
 .text.MX_TIM7_Init
                0x080047fc       0x54 CMakeFiles/Pegasus3.1v-firmware.elf.dir/src/tim.c.obj
                0x080047fc                MX_TIM7_Init
 .text.MX_TIM5_Init
                0x08004850       0xe8 CMakeFiles/Pegasus3.1v-firmware.elf.dir/src/tim.c.obj
                0x08004850                MX_TIM5_Init
 .text.HAL_TIM_Base_MspInit
                0x08004938      0x124 CMakeFiles/Pegasus3.1v-firmware.elf.dir/src/tim.c.obj
                0x08004938                HAL_TIM_Base_MspInit
 .text.HAL_TIM_PWM_MspInit
                0x08004a5c       0xb0 CMakeFiles/Pegasus3.1v-firmware.elf.dir/src/tim.c.obj
                0x08004a5c                HAL_TIM_PWM_MspInit
 .text.HAL_TIM_OC_MspInit
                0x08004b0c       0x48 CMakeFiles/Pegasus3.1v-firmware.elf.dir/src/tim.c.obj
                0x08004b0c                HAL_TIM_OC_MspInit
 .text.HAL_TIM_MspPostInit
                0x08004b54       0x98 CMakeFiles/Pegasus3.1v-firmware.elf.dir/src/tim.c.obj
                0x08004b54                HAL_TIM_MspPostInit
 .text.MX_TIM1_Init
                0x08004bec      0x124 CMakeFiles/Pegasus3.1v-firmware.elf.dir/src/tim.c.obj
                0x08004bec                MX_TIM1_Init
 .text.MX_TIM3_Init
                0x08004d10       0x80 CMakeFiles/Pegasus3.1v-firmware.elf.dir/src/tim.c.obj
                0x08004d10                MX_TIM3_Init
 .text.MX_DMA_Init
                0x08004d90       0x38 CMakeFiles/Pegasus3.1v-firmware.elf.dir/src/dma.c.obj
                0x08004d90                MX_DMA_Init
 .text.NMI_Handler
                0x08004dc8        0x2 CMakeFiles/Pegasus3.1v-firmware.elf.dir/src/stm32h7xx_it.c.obj
                0x08004dc8                NMI_Handler
 *fill*         0x08004dca        0x2 
 .text.HardFault_Handler
                0x08004dcc       0x30 CMakeFiles/Pegasus3.1v-firmware.elf.dir/src/stm32h7xx_it.c.obj
                0x08004dcc                HardFault_Handler
 .text.MemManage_Handler
                0x08004dfc        0x2 CMakeFiles/Pegasus3.1v-firmware.elf.dir/src/stm32h7xx_it.c.obj
                0x08004dfc                MemManage_Handler
 .text.BusFault_Handler
                0x08004dfe        0x2 CMakeFiles/Pegasus3.1v-firmware.elf.dir/src/stm32h7xx_it.c.obj
                0x08004dfe                BusFault_Handler
 .text.UsageFault_Handler
                0x08004e00        0x2 CMakeFiles/Pegasus3.1v-firmware.elf.dir/src/stm32h7xx_it.c.obj
                0x08004e00                UsageFault_Handler
 .text.SVC_Handler
                0x08004e02        0x2 CMakeFiles/Pegasus3.1v-firmware.elf.dir/src/stm32h7xx_it.c.obj
                0x08004e02                SVC_Handler
 .text.DebugMon_Handler
                0x08004e04        0x2 CMakeFiles/Pegasus3.1v-firmware.elf.dir/src/stm32h7xx_it.c.obj
                0x08004e04                DebugMon_Handler
 .text.PendSV_Handler
                0x08004e06        0x2 CMakeFiles/Pegasus3.1v-firmware.elf.dir/src/stm32h7xx_it.c.obj
                0x08004e06                PendSV_Handler
 .text.SysTick_Handler
                0x08004e08        0x8 CMakeFiles/Pegasus3.1v-firmware.elf.dir/src/stm32h7xx_it.c.obj
                0x08004e08                SysTick_Handler
 .text.DMA1_Stream0_IRQHandler
                0x08004e10       0x10 CMakeFiles/Pegasus3.1v-firmware.elf.dir/src/stm32h7xx_it.c.obj
                0x08004e10                DMA1_Stream0_IRQHandler
 .text.FDCAN2_IT0_IRQHandler
                0x08004e20       0x10 CMakeFiles/Pegasus3.1v-firmware.elf.dir/src/stm32h7xx_it.c.obj
                0x08004e20                FDCAN2_IT0_IRQHandler
 .text.FDCAN2_IT1_IRQHandler
                0x08004e30       0x10 CMakeFiles/Pegasus3.1v-firmware.elf.dir/src/stm32h7xx_it.c.obj
                0x08004e30                FDCAN2_IT1_IRQHandler
 .text.TIM1_CC_IRQHandler
                0x08004e40       0x10 CMakeFiles/Pegasus3.1v-firmware.elf.dir/src/stm32h7xx_it.c.obj
                0x08004e40                TIM1_CC_IRQHandler
 .text.TIM2_IRQHandler
                0x08004e50       0x10 CMakeFiles/Pegasus3.1v-firmware.elf.dir/src/stm32h7xx_it.c.obj
                0x08004e50                TIM2_IRQHandler
 .text.TIM3_IRQHandler
                0x08004e60       0x10 CMakeFiles/Pegasus3.1v-firmware.elf.dir/src/stm32h7xx_it.c.obj
                0x08004e60                TIM3_IRQHandler
 .text.USART1_IRQHandler
                0x08004e70       0x10 CMakeFiles/Pegasus3.1v-firmware.elf.dir/src/stm32h7xx_it.c.obj
                0x08004e70                USART1_IRQHandler
 .text.TIM17_IRQHandler
                0x08004e80       0x10 CMakeFiles/Pegasus3.1v-firmware.elf.dir/src/stm32h7xx_it.c.obj
                0x08004e80                TIM17_IRQHandler
 .text.TIM7_IRQHandler
                0x08004e90       0x10 CMakeFiles/Pegasus3.1v-firmware.elf.dir/src/stm32h7xx_it.c.obj
                0x08004e90                TIM7_IRQHandler
 .text.EXTI9_5_IRQHandler
                0x08004ea0        0xa CMakeFiles/Pegasus3.1v-firmware.elf.dir/src/stm32h7xx_it.c.obj
                0x08004ea0                EXTI9_5_IRQHandler
 *fill*         0x08004eaa        0x2 
 .text.TIM5_IRQHandler
                0x08004eac       0x10 CMakeFiles/Pegasus3.1v-firmware.elf.dir/src/stm32h7xx_it.c.obj
                0x08004eac                TIM5_IRQHandler
 .text.HAL_MspInit
                0x08004ebc       0x24 CMakeFiles/Pegasus3.1v-firmware.elf.dir/src/stm32h7xx_hal_msp.c.obj
                0x08004ebc                HAL_MspInit
 .text.SystemInit
                0x08004ee0       0xd4 CMakeFiles/Pegasus3.1v-firmware.elf.dir/src/system_stm32h7xx.c.obj
                0x08004ee0                SystemInit
 .text.ADC_DMAHalfConvCplt
                0x08004fb4        0xa CMakeFiles/Pegasus3.1v-firmware.elf.dir/Drivers/STM32H7xx_HAL_Driver/Src/stm32h7xx_hal_adc.c.obj
                0x08004fb4                ADC_DMAHalfConvCplt
 .text.HAL_ADC_ErrorCallback
                0x08004fbe        0x2 CMakeFiles/Pegasus3.1v-firmware.elf.dir/Drivers/STM32H7xx_HAL_Driver/Src/stm32h7xx_hal_adc.c.obj
                0x08004fbe                HAL_ADC_ErrorCallback
 .text.ADC_DMAConvCplt
                0x08004fc0       0x88 CMakeFiles/Pegasus3.1v-firmware.elf.dir/Drivers/STM32H7xx_HAL_Driver/Src/stm32h7xx_hal_adc.c.obj
                0x08004fc0                ADC_DMAConvCplt
 .text.ADC_DMAError
                0x08005048       0x1a CMakeFiles/Pegasus3.1v-firmware.elf.dir/Drivers/STM32H7xx_HAL_Driver/Src/stm32h7xx_hal_adc.c.obj
                0x08005048                ADC_DMAError
 *fill*         0x08005062        0x2 
 .text.HAL_ADC_ConfigChannel
                0x08005064      0x4e8 CMakeFiles/Pegasus3.1v-firmware.elf.dir/Drivers/STM32H7xx_HAL_Driver/Src/stm32h7xx_hal_adc.c.obj
                0x08005064                HAL_ADC_ConfigChannel
 .text.ADC_ConversionStop
                0x0800554c       0xfc CMakeFiles/Pegasus3.1v-firmware.elf.dir/Drivers/STM32H7xx_HAL_Driver/Src/stm32h7xx_hal_adc.c.obj
                0x0800554c                ADC_ConversionStop
 .text.ADC_Enable
                0x08005648       0xd4 CMakeFiles/Pegasus3.1v-firmware.elf.dir/Drivers/STM32H7xx_HAL_Driver/Src/stm32h7xx_hal_adc.c.obj
                0x08005648                ADC_Enable
 .text.HAL_ADC_Start_DMA
                0x0800571c      0x11c CMakeFiles/Pegasus3.1v-firmware.elf.dir/Drivers/STM32H7xx_HAL_Driver/Src/stm32h7xx_hal_adc.c.obj
                0x0800571c                HAL_ADC_Start_DMA
 .text.ADC_Disable
                0x08005838       0x94 CMakeFiles/Pegasus3.1v-firmware.elf.dir/Drivers/STM32H7xx_HAL_Driver/Src/stm32h7xx_hal_adc.c.obj
                0x08005838                ADC_Disable
 .text.HAL_ADC_Stop_DMA
                0x080058cc       0x84 CMakeFiles/Pegasus3.1v-firmware.elf.dir/Drivers/STM32H7xx_HAL_Driver/Src/stm32h7xx_hal_adc.c.obj
                0x080058cc                HAL_ADC_Stop_DMA
 .text.ADC_ConfigureBoostMode
                0x08005950      0x164 CMakeFiles/Pegasus3.1v-firmware.elf.dir/Drivers/STM32H7xx_HAL_Driver/Src/stm32h7xx_hal_adc.c.obj
                0x08005950                ADC_ConfigureBoostMode
 .text.HAL_ADC_Init
                0x08005ab4      0x264 CMakeFiles/Pegasus3.1v-firmware.elf.dir/Drivers/STM32H7xx_HAL_Driver/Src/stm32h7xx_hal_adc.c.obj
                0x08005ab4                HAL_ADC_Init
 .text.HAL_ADCEx_Calibration_Start
                0x08005d18       0xa8 CMakeFiles/Pegasus3.1v-firmware.elf.dir/Drivers/STM32H7xx_HAL_Driver/Src/stm32h7xx_hal_adc_ex.c.obj
                0x08005d18                HAL_ADCEx_Calibration_Start
 .text.HAL_ADCEx_MultiModeConfigChannel
                0x08005dc0      0x164 CMakeFiles/Pegasus3.1v-firmware.elf.dir/Drivers/STM32H7xx_HAL_Driver/Src/stm32h7xx_hal_adc_ex.c.obj
                0x08005dc0                HAL_ADCEx_MultiModeConfigChannel
 .text.HAL_InitTick
                0x08005f24       0x50 CMakeFiles/Pegasus3.1v-firmware.elf.dir/Drivers/STM32H7xx_HAL_Driver/Src/stm32h7xx_hal.c.obj
                0x08005f24                HAL_InitTick
 .text.HAL_Init
                0x08005f74       0x5c CMakeFiles/Pegasus3.1v-firmware.elf.dir/Drivers/STM32H7xx_HAL_Driver/Src/stm32h7xx_hal.c.obj
                0x08005f74                HAL_Init
 .text.HAL_IncTick
                0x08005fd0       0x18 CMakeFiles/Pegasus3.1v-firmware.elf.dir/Drivers/STM32H7xx_HAL_Driver/Src/stm32h7xx_hal.c.obj
                0x08005fd0                HAL_IncTick
 .text.HAL_GetTick
                0x08005fe8        0xc CMakeFiles/Pegasus3.1v-firmware.elf.dir/Drivers/STM32H7xx_HAL_Driver/Src/stm32h7xx_hal.c.obj
                0x08005fe8                HAL_GetTick
 .text.HAL_Delay
                0x08005ff4       0x28 CMakeFiles/Pegasus3.1v-firmware.elf.dir/Drivers/STM32H7xx_HAL_Driver/Src/stm32h7xx_hal.c.obj
                0x08005ff4                HAL_Delay
 .text.HAL_GetREVID
                0x0800601c        0xc CMakeFiles/Pegasus3.1v-firmware.elf.dir/Drivers/STM32H7xx_HAL_Driver/Src/stm32h7xx_hal.c.obj
                0x0800601c                HAL_GetREVID
 .text.I2C_Flush_TXDR
                0x08006028       0x22 CMakeFiles/Pegasus3.1v-firmware.elf.dir/Drivers/STM32H7xx_HAL_Driver/Src/stm32h7xx_hal_i2c.c.obj
 .text.I2C_TransferConfig
                0x0800604a       0x3c CMakeFiles/Pegasus3.1v-firmware.elf.dir/Drivers/STM32H7xx_HAL_Driver/Src/stm32h7xx_hal_i2c.c.obj
 .text.I2C_IsErrorOccurred
                0x08006086      0x118 CMakeFiles/Pegasus3.1v-firmware.elf.dir/Drivers/STM32H7xx_HAL_Driver/Src/stm32h7xx_hal_i2c.c.obj
 .text.I2C_WaitOnTXISFlagUntilTimeout
                0x0800619e       0x60 CMakeFiles/Pegasus3.1v-firmware.elf.dir/Drivers/STM32H7xx_HAL_Driver/Src/stm32h7xx_hal_i2c.c.obj
 .text.I2C_WaitOnFlagUntilTimeout
                0x080061fe       0x6e CMakeFiles/Pegasus3.1v-firmware.elf.dir/Drivers/STM32H7xx_HAL_Driver/Src/stm32h7xx_hal_i2c.c.obj
 .text.I2C_RequestMemoryWrite
                0x0800626c       0x7c CMakeFiles/Pegasus3.1v-firmware.elf.dir/Drivers/STM32H7xx_HAL_Driver/Src/stm32h7xx_hal_i2c.c.obj
 .text.I2C_RequestMemoryRead
                0x080062e8       0x78 CMakeFiles/Pegasus3.1v-firmware.elf.dir/Drivers/STM32H7xx_HAL_Driver/Src/stm32h7xx_hal_i2c.c.obj
 .text.I2C_WaitOnSTOPFlagUntilTimeout
                0x08006360       0x5e CMakeFiles/Pegasus3.1v-firmware.elf.dir/Drivers/STM32H7xx_HAL_Driver/Src/stm32h7xx_hal_i2c.c.obj
 *fill*         0x080063be        0x2 
 .text.HAL_I2C_Init
                0x080063c0       0xbc CMakeFiles/Pegasus3.1v-firmware.elf.dir/Drivers/STM32H7xx_HAL_Driver/Src/stm32h7xx_hal_i2c.c.obj
                0x080063c0                HAL_I2C_Init
 .text.HAL_I2C_Mem_Write
                0x0800647c      0x1aa CMakeFiles/Pegasus3.1v-firmware.elf.dir/Drivers/STM32H7xx_HAL_Driver/Src/stm32h7xx_hal_i2c.c.obj
                0x0800647c                HAL_I2C_Mem_Write
 *fill*         0x08006626        0x2 
 .text.HAL_I2C_Mem_Read
                0x08006628      0x1b0 CMakeFiles/Pegasus3.1v-firmware.elf.dir/Drivers/STM32H7xx_HAL_Driver/Src/stm32h7xx_hal_i2c.c.obj
                0x08006628                HAL_I2C_Mem_Read
 .text.HAL_I2CEx_ConfigAnalogFilter
                0x080067d8       0x5c CMakeFiles/Pegasus3.1v-firmware.elf.dir/Drivers/STM32H7xx_HAL_Driver/Src/stm32h7xx_hal_i2c_ex.c.obj
                0x080067d8                HAL_I2CEx_ConfigAnalogFilter
 .text.HAL_I2CEx_ConfigDigitalFilter
                0x08006834       0x58 CMakeFiles/Pegasus3.1v-firmware.elf.dir/Drivers/STM32H7xx_HAL_Driver/Src/stm32h7xx_hal_i2c_ex.c.obj
                0x08006834                HAL_I2CEx_ConfigDigitalFilter
 .text.HAL_RCC_OscConfig
                0x0800688c      0x6b4 CMakeFiles/Pegasus3.1v-firmware.elf.dir/Drivers/STM32H7xx_HAL_Driver/Src/stm32h7xx_hal_rcc.c.obj
                0x0800688c                HAL_RCC_OscConfig
 .text.HAL_RCC_GetSysClockFreq
                0x08006f40      0x1f4 CMakeFiles/Pegasus3.1v-firmware.elf.dir/Drivers/STM32H7xx_HAL_Driver/Src/stm32h7xx_hal_rcc.c.obj
                0x08006f40                HAL_RCC_GetSysClockFreq
 .text.HAL_RCC_ClockConfig
                0x08007134      0x294 CMakeFiles/Pegasus3.1v-firmware.elf.dir/Drivers/STM32H7xx_HAL_Driver/Src/stm32h7xx_hal_rcc.c.obj
                0x08007134                HAL_RCC_ClockConfig
 .text.HAL_RCC_GetHCLKFreq
                0x080073c8       0x44 CMakeFiles/Pegasus3.1v-firmware.elf.dir/Drivers/STM32H7xx_HAL_Driver/Src/stm32h7xx_hal_rcc.c.obj
                0x080073c8                HAL_RCC_GetHCLKFreq
 .text.HAL_RCC_GetPCLK1Freq
                0x0800740c       0x24 CMakeFiles/Pegasus3.1v-firmware.elf.dir/Drivers/STM32H7xx_HAL_Driver/Src/stm32h7xx_hal_rcc.c.obj
                0x0800740c                HAL_RCC_GetPCLK1Freq
 .text.RCCEx_PLL2_Config
                0x08007430      0x10c CMakeFiles/Pegasus3.1v-firmware.elf.dir/Drivers/STM32H7xx_HAL_Driver/Src/stm32h7xx_hal_rcc_ex.c.obj
 .text.RCCEx_PLL3_Config
                0x0800753c      0x10c CMakeFiles/Pegasus3.1v-firmware.elf.dir/Drivers/STM32H7xx_HAL_Driver/Src/stm32h7xx_hal_rcc_ex.c.obj
 .text.HAL_RCCEx_PeriphCLKConfig
                0x08007648      0xa8c CMakeFiles/Pegasus3.1v-firmware.elf.dir/Drivers/STM32H7xx_HAL_Driver/Src/stm32h7xx_hal_rcc_ex.c.obj
                0x08007648                HAL_RCCEx_PeriphCLKConfig
 .text.HAL_RCCEx_GetD3PCLK1Freq
                0x080080d4       0x24 CMakeFiles/Pegasus3.1v-firmware.elf.dir/Drivers/STM32H7xx_HAL_Driver/Src/stm32h7xx_hal_rcc_ex.c.obj
                0x080080d4                HAL_RCCEx_GetD3PCLK1Freq
 .text.HAL_RCCEx_GetPLL2ClockFreq
                0x080080f8      0x1f8 CMakeFiles/Pegasus3.1v-firmware.elf.dir/Drivers/STM32H7xx_HAL_Driver/Src/stm32h7xx_hal_rcc_ex.c.obj
                0x080080f8                HAL_RCCEx_GetPLL2ClockFreq
 .text.HAL_RCCEx_GetPLL3ClockFreq
                0x080082f0      0x1f8 CMakeFiles/Pegasus3.1v-firmware.elf.dir/Drivers/STM32H7xx_HAL_Driver/Src/stm32h7xx_hal_rcc_ex.c.obj
                0x080082f0                HAL_RCCEx_GetPLL3ClockFreq
 .text.HAL_RCCEx_GetPLL1ClockFreq
                0x080084e8      0x1f8 CMakeFiles/Pegasus3.1v-firmware.elf.dir/Drivers/STM32H7xx_HAL_Driver/Src/stm32h7xx_hal_rcc_ex.c.obj
                0x080084e8                HAL_RCCEx_GetPLL1ClockFreq
 .text.HAL_RCCEx_GetPeriphCLKFreq
                0x080086e0      0x6d0 CMakeFiles/Pegasus3.1v-firmware.elf.dir/Drivers/STM32H7xx_HAL_Driver/Src/stm32h7xx_hal_rcc_ex.c.obj
                0x080086e0                HAL_RCCEx_GetPeriphCLKFreq
 .text.HAL_FLASH_Unlock
                0x08008db0       0x5c CMakeFiles/Pegasus3.1v-firmware.elf.dir/Drivers/STM32H7xx_HAL_Driver/Src/stm32h7xx_hal_flash.c.obj
                0x08008db0                HAL_FLASH_Unlock
 .text.HAL_FLASH_Lock
                0x08008e0c       0x3c CMakeFiles/Pegasus3.1v-firmware.elf.dir/Drivers/STM32H7xx_HAL_Driver/Src/stm32h7xx_hal_flash.c.obj
                0x08008e0c                HAL_FLASH_Lock
 .text.HAL_FLASH_GetError
                0x08008e48        0xc CMakeFiles/Pegasus3.1v-firmware.elf.dir/Drivers/STM32H7xx_HAL_Driver/Src/stm32h7xx_hal_flash.c.obj
                0x08008e48                HAL_FLASH_GetError
 .text.FLASH_WaitForLastOperation
                0x08008e54       0xf4 CMakeFiles/Pegasus3.1v-firmware.elf.dir/Drivers/STM32H7xx_HAL_Driver/Src/stm32h7xx_hal_flash.c.obj
                0x08008e54                FLASH_WaitForLastOperation
 .text.HAL_FLASH_Program
                0x08008f48       0xc0 CMakeFiles/Pegasus3.1v-firmware.elf.dir/Drivers/STM32H7xx_HAL_Driver/Src/stm32h7xx_hal_flash.c.obj
                0x08008f48                HAL_FLASH_Program
 .text.FLASH_MassErase
                0x08009008       0x88 CMakeFiles/Pegasus3.1v-firmware.elf.dir/Drivers/STM32H7xx_HAL_Driver/Src/stm32h7xx_hal_flash_ex.c.obj
 .text.FLASH_Erase_Sector
                0x08009090       0x54 CMakeFiles/Pegasus3.1v-firmware.elf.dir/Drivers/STM32H7xx_HAL_Driver/Src/stm32h7xx_hal_flash_ex.c.obj
                0x08009090                FLASH_Erase_Sector
 .text.HAL_FLASHEx_Erase
                0x080090e4      0x12c CMakeFiles/Pegasus3.1v-firmware.elf.dir/Drivers/STM32H7xx_HAL_Driver/Src/stm32h7xx_hal_flash_ex.c.obj
                0x080090e4                HAL_FLASHEx_Erase
 .text.HAL_GPIO_Init
                0x08009210      0x220 CMakeFiles/Pegasus3.1v-firmware.elf.dir/Drivers/STM32H7xx_HAL_Driver/Src/stm32h7xx_hal_gpio.c.obj
                0x08009210                HAL_GPIO_Init
 .text.HAL_GPIO_ReadPin
                0x08009430        0xe CMakeFiles/Pegasus3.1v-firmware.elf.dir/Drivers/STM32H7xx_HAL_Driver/Src/stm32h7xx_hal_gpio.c.obj
                0x08009430                HAL_GPIO_ReadPin
 .text.HAL_GPIO_WritePin
                0x0800943e        0xc CMakeFiles/Pegasus3.1v-firmware.elf.dir/Drivers/STM32H7xx_HAL_Driver/Src/stm32h7xx_hal_gpio.c.obj
                0x0800943e                HAL_GPIO_WritePin
 .text.HAL_GPIO_TogglePin
                0x0800944a       0x12 CMakeFiles/Pegasus3.1v-firmware.elf.dir/Drivers/STM32H7xx_HAL_Driver/Src/stm32h7xx_hal_gpio.c.obj
                0x0800944a                HAL_GPIO_TogglePin
 .text.HAL_GPIO_EXTI_IRQHandler
                0x0800945c       0x1e CMakeFiles/Pegasus3.1v-firmware.elf.dir/Drivers/STM32H7xx_HAL_Driver/Src/stm32h7xx_hal_gpio.c.obj
                0x0800945c                HAL_GPIO_EXTI_IRQHandler
 *fill*         0x0800947a        0x2 
 .text.DMA_SetConfig
                0x0800947c      0x1b4 CMakeFiles/Pegasus3.1v-firmware.elf.dir/Drivers/STM32H7xx_HAL_Driver/Src/stm32h7xx_hal_dma.c.obj
 .text.DMA_CalcBaseAndBitshift
                0x08009630       0xb4 CMakeFiles/Pegasus3.1v-firmware.elf.dir/Drivers/STM32H7xx_HAL_Driver/Src/stm32h7xx_hal_dma.c.obj
 .text.DMA_CheckFifoParam
                0x080096e4       0x92 CMakeFiles/Pegasus3.1v-firmware.elf.dir/Drivers/STM32H7xx_HAL_Driver/Src/stm32h7xx_hal_dma.c.obj
 *fill*         0x08009776        0x2 
 .text.DMA_CalcDMAMUXChannelBaseAndMask
                0x08009778       0xb0 CMakeFiles/Pegasus3.1v-firmware.elf.dir/Drivers/STM32H7xx_HAL_Driver/Src/stm32h7xx_hal_dma.c.obj
 .text.DMA_CalcDMAMUXRequestGenBaseAndMask
                0x08009828       0x7c CMakeFiles/Pegasus3.1v-firmware.elf.dir/Drivers/STM32H7xx_HAL_Driver/Src/stm32h7xx_hal_dma.c.obj
 .text.HAL_DMA_Init
                0x080098a4      0x3a4 CMakeFiles/Pegasus3.1v-firmware.elf.dir/Drivers/STM32H7xx_HAL_Driver/Src/stm32h7xx_hal_dma.c.obj
                0x080098a4                HAL_DMA_Init
 .text.HAL_DMA_Start_IT
                0x08009c48      0x298 CMakeFiles/Pegasus3.1v-firmware.elf.dir/Drivers/STM32H7xx_HAL_Driver/Src/stm32h7xx_hal_dma.c.obj
                0x08009c48                HAL_DMA_Start_IT
 .text.HAL_DMA_Abort
                0x08009ee0      0x340 CMakeFiles/Pegasus3.1v-firmware.elf.dir/Drivers/STM32H7xx_HAL_Driver/Src/stm32h7xx_hal_dma.c.obj
                0x08009ee0                HAL_DMA_Abort
 .text.HAL_DMA_Abort_IT
                0x0800a220      0x270 CMakeFiles/Pegasus3.1v-firmware.elf.dir/Drivers/STM32H7xx_HAL_Driver/Src/stm32h7xx_hal_dma.c.obj
                0x0800a220                HAL_DMA_Abort_IT
 .text.HAL_DMA_IRQHandler
                0x0800a490      0x738 CMakeFiles/Pegasus3.1v-firmware.elf.dir/Drivers/STM32H7xx_HAL_Driver/Src/stm32h7xx_hal_dma.c.obj
                0x0800a490                HAL_DMA_IRQHandler
 .text.HAL_PWREx_ConfigSupply
                0x0800abc8       0x54 CMakeFiles/Pegasus3.1v-firmware.elf.dir/Drivers/STM32H7xx_HAL_Driver/Src/stm32h7xx_hal_pwr_ex.c.obj
                0x0800abc8                HAL_PWREx_ConfigSupply
 .text.HAL_NVIC_SetPriorityGrouping
                0x0800ac1c       0x24 CMakeFiles/Pegasus3.1v-firmware.elf.dir/Drivers/STM32H7xx_HAL_Driver/Src/stm32h7xx_hal_cortex.c.obj
                0x0800ac1c                HAL_NVIC_SetPriorityGrouping
 .text.HAL_NVIC_SetPriority
                0x0800ac40       0x6c CMakeFiles/Pegasus3.1v-firmware.elf.dir/Drivers/STM32H7xx_HAL_Driver/Src/stm32h7xx_hal_cortex.c.obj
                0x0800ac40                HAL_NVIC_SetPriority
 .text.HAL_NVIC_EnableIRQ
                0x0800acac       0x1c CMakeFiles/Pegasus3.1v-firmware.elf.dir/Drivers/STM32H7xx_HAL_Driver/Src/stm32h7xx_hal_cortex.c.obj
                0x0800acac                HAL_NVIC_EnableIRQ
 .text.HAL_SYSTICK_Config
                0x0800acc8       0x28 CMakeFiles/Pegasus3.1v-firmware.elf.dir/Drivers/STM32H7xx_HAL_Driver/Src/stm32h7xx_hal_cortex.c.obj
                0x0800acc8                HAL_SYSTICK_Config
 .text.FDCAN_CalcultateRamBlockAddresses
                0x0800acf0      0x1d4 CMakeFiles/Pegasus3.1v-firmware.elf.dir/Drivers/STM32H7xx_HAL_Driver/Src/stm32h7xx_hal_fdcan.c.obj
 .text.FDCAN_CopyMessageToRAM
                0x0800aec4       0x88 CMakeFiles/Pegasus3.1v-firmware.elf.dir/Drivers/STM32H7xx_HAL_Driver/Src/stm32h7xx_hal_fdcan.c.obj
 .text.HAL_FDCAN_Init
                0x0800af4c      0x294 CMakeFiles/Pegasus3.1v-firmware.elf.dir/Drivers/STM32H7xx_HAL_Driver/Src/stm32h7xx_hal_fdcan.c.obj
                0x0800af4c                HAL_FDCAN_Init
 .text.HAL_FDCAN_ConfigFilter
                0x0800b1e0       0x88 CMakeFiles/Pegasus3.1v-firmware.elf.dir/Drivers/STM32H7xx_HAL_Driver/Src/stm32h7xx_hal_fdcan.c.obj
                0x0800b1e0                HAL_FDCAN_ConfigFilter
 .text.HAL_FDCAN_ConfigGlobalFilter
                0x0800b268       0x36 CMakeFiles/Pegasus3.1v-firmware.elf.dir/Drivers/STM32H7xx_HAL_Driver/Src/stm32h7xx_hal_fdcan.c.obj
                0x0800b268                HAL_FDCAN_ConfigGlobalFilter
 .text.HAL_FDCAN_ConfigFifoWatermark
                0x0800b29e       0x5e CMakeFiles/Pegasus3.1v-firmware.elf.dir/Drivers/STM32H7xx_HAL_Driver/Src/stm32h7xx_hal_fdcan.c.obj
                0x0800b29e                HAL_FDCAN_ConfigFifoWatermark
 .text.HAL_FDCAN_Start
                0x0800b2fc       0x34 CMakeFiles/Pegasus3.1v-firmware.elf.dir/Drivers/STM32H7xx_HAL_Driver/Src/stm32h7xx_hal_fdcan.c.obj
                0x0800b2fc                HAL_FDCAN_Start
 .text.HAL_FDCAN_AddMessageToTxFifoQ
                0x0800b330       0x76 CMakeFiles/Pegasus3.1v-firmware.elf.dir/Drivers/STM32H7xx_HAL_Driver/Src/stm32h7xx_hal_fdcan.c.obj
                0x0800b330                HAL_FDCAN_AddMessageToTxFifoQ
 *fill*         0x0800b3a6        0x2 
 .text.HAL_FDCAN_GetRxMessage
                0x0800b3a8      0x1e0 CMakeFiles/Pegasus3.1v-firmware.elf.dir/Drivers/STM32H7xx_HAL_Driver/Src/stm32h7xx_hal_fdcan.c.obj
                0x0800b3a8                HAL_FDCAN_GetRxMessage
 .text.HAL_FDCAN_ActivateNotification
                0x0800b588       0x90 CMakeFiles/Pegasus3.1v-firmware.elf.dir/Drivers/STM32H7xx_HAL_Driver/Src/stm32h7xx_hal_fdcan.c.obj
                0x0800b588                HAL_FDCAN_ActivateNotification
 .text.HAL_FDCAN_ClockCalibrationCallback
                0x0800b618        0x2 CMakeFiles/Pegasus3.1v-firmware.elf.dir/Drivers/STM32H7xx_HAL_Driver/Src/stm32h7xx_hal_fdcan.c.obj
                0x0800b618                HAL_FDCAN_ClockCalibrationCallback
 .text.HAL_FDCAN_TxEventFifoCallback
                0x0800b61a        0x2 CMakeFiles/Pegasus3.1v-firmware.elf.dir/Drivers/STM32H7xx_HAL_Driver/Src/stm32h7xx_hal_fdcan.c.obj
                0x0800b61a                HAL_FDCAN_TxEventFifoCallback
 .text.HAL_FDCAN_RxFifo1Callback
                0x0800b61c        0x2 CMakeFiles/Pegasus3.1v-firmware.elf.dir/Drivers/STM32H7xx_HAL_Driver/Src/stm32h7xx_hal_fdcan.c.obj
                0x0800b61c                HAL_FDCAN_RxFifo1Callback
 .text.HAL_FDCAN_TxFifoEmptyCallback
                0x0800b61e        0x2 CMakeFiles/Pegasus3.1v-firmware.elf.dir/Drivers/STM32H7xx_HAL_Driver/Src/stm32h7xx_hal_fdcan.c.obj
                0x0800b61e                HAL_FDCAN_TxFifoEmptyCallback
 .text.HAL_FDCAN_TxBufferCompleteCallback
                0x0800b620        0x2 CMakeFiles/Pegasus3.1v-firmware.elf.dir/Drivers/STM32H7xx_HAL_Driver/Src/stm32h7xx_hal_fdcan.c.obj
                0x0800b620                HAL_FDCAN_TxBufferCompleteCallback
 .text.HAL_FDCAN_TxBufferAbortCallback
                0x0800b622        0x2 CMakeFiles/Pegasus3.1v-firmware.elf.dir/Drivers/STM32H7xx_HAL_Driver/Src/stm32h7xx_hal_fdcan.c.obj
                0x0800b622                HAL_FDCAN_TxBufferAbortCallback
 .text.HAL_FDCAN_RxBufferNewMessageCallback
                0x0800b624        0x2 CMakeFiles/Pegasus3.1v-firmware.elf.dir/Drivers/STM32H7xx_HAL_Driver/Src/stm32h7xx_hal_fdcan.c.obj
                0x0800b624                HAL_FDCAN_RxBufferNewMessageCallback
 .text.HAL_FDCAN_TimestampWraparoundCallback
                0x0800b626        0x2 CMakeFiles/Pegasus3.1v-firmware.elf.dir/Drivers/STM32H7xx_HAL_Driver/Src/stm32h7xx_hal_fdcan.c.obj
                0x0800b626                HAL_FDCAN_TimestampWraparoundCallback
 .text.HAL_FDCAN_TimeoutOccurredCallback
                0x0800b628        0x2 CMakeFiles/Pegasus3.1v-firmware.elf.dir/Drivers/STM32H7xx_HAL_Driver/Src/stm32h7xx_hal_fdcan.c.obj
                0x0800b628                HAL_FDCAN_TimeoutOccurredCallback
 .text.HAL_FDCAN_HighPriorityMessageCallback
                0x0800b62a        0x2 CMakeFiles/Pegasus3.1v-firmware.elf.dir/Drivers/STM32H7xx_HAL_Driver/Src/stm32h7xx_hal_fdcan.c.obj
                0x0800b62a                HAL_FDCAN_HighPriorityMessageCallback
 .text.HAL_FDCAN_ErrorCallback
                0x0800b62c        0x2 CMakeFiles/Pegasus3.1v-firmware.elf.dir/Drivers/STM32H7xx_HAL_Driver/Src/stm32h7xx_hal_fdcan.c.obj
                0x0800b62c                HAL_FDCAN_ErrorCallback
 .text.HAL_FDCAN_ErrorStatusCallback
                0x0800b62e        0x2 CMakeFiles/Pegasus3.1v-firmware.elf.dir/Drivers/STM32H7xx_HAL_Driver/Src/stm32h7xx_hal_fdcan.c.obj
                0x0800b62e                HAL_FDCAN_ErrorStatusCallback
 .text.HAL_FDCAN_TT_ScheduleSyncCallback
                0x0800b630        0x2 CMakeFiles/Pegasus3.1v-firmware.elf.dir/Drivers/STM32H7xx_HAL_Driver/Src/stm32h7xx_hal_fdcan.c.obj
                0x0800b630                HAL_FDCAN_TT_ScheduleSyncCallback
 .text.HAL_FDCAN_TT_TimeMarkCallback
                0x0800b632        0x2 CMakeFiles/Pegasus3.1v-firmware.elf.dir/Drivers/STM32H7xx_HAL_Driver/Src/stm32h7xx_hal_fdcan.c.obj
                0x0800b632                HAL_FDCAN_TT_TimeMarkCallback
 .text.HAL_FDCAN_TT_StopWatchCallback
                0x0800b634        0x2 CMakeFiles/Pegasus3.1v-firmware.elf.dir/Drivers/STM32H7xx_HAL_Driver/Src/stm32h7xx_hal_fdcan.c.obj
                0x0800b634                HAL_FDCAN_TT_StopWatchCallback
 .text.HAL_FDCAN_TT_GlobalTimeCallback
                0x0800b636        0x2 CMakeFiles/Pegasus3.1v-firmware.elf.dir/Drivers/STM32H7xx_HAL_Driver/Src/stm32h7xx_hal_fdcan.c.obj
                0x0800b636                HAL_FDCAN_TT_GlobalTimeCallback
 .text.HAL_FDCAN_IRQHandler
                0x0800b638      0x31c CMakeFiles/Pegasus3.1v-firmware.elf.dir/Drivers/STM32H7xx_HAL_Driver/Src/stm32h7xx_hal_fdcan.c.obj
                0x0800b638                HAL_FDCAN_IRQHandler
 .text.UART_EndRxTransfer
                0x0800b954       0x58 CMakeFiles/Pegasus3.1v-firmware.elf.dir/Drivers/STM32H7xx_HAL_Driver/Src/stm32h7xx_hal_uart.c.obj
 .text.HAL_UART_TxCpltCallback
                0x0800b9ac        0x2 CMakeFiles/Pegasus3.1v-firmware.elf.dir/Drivers/STM32H7xx_HAL_Driver/Src/stm32h7xx_hal_uart.c.obj
                0x0800b9ac                HAL_UART_TxCpltCallback
 .text.UART_EndTransmit_IT
                0x0800b9ae       0x24 CMakeFiles/Pegasus3.1v-firmware.elf.dir/Drivers/STM32H7xx_HAL_Driver/Src/stm32h7xx_hal_uart.c.obj
 .text.HAL_UART_ErrorCallback
                0x0800b9d2        0x2 CMakeFiles/Pegasus3.1v-firmware.elf.dir/Drivers/STM32H7xx_HAL_Driver/Src/stm32h7xx_hal_uart.c.obj
                0x0800b9d2                HAL_UART_ErrorCallback
 .text.UART_DMAAbortOnError
                0x0800b9d4       0x14 CMakeFiles/Pegasus3.1v-firmware.elf.dir/Drivers/STM32H7xx_HAL_Driver/Src/stm32h7xx_hal_uart.c.obj
 .text.HAL_UARTEx_RxEventCallback
                0x0800b9e8        0x2 CMakeFiles/Pegasus3.1v-firmware.elf.dir/Drivers/STM32H7xx_HAL_Driver/Src/stm32h7xx_hal_uart.c.obj
                0x0800b9e8                HAL_UARTEx_RxEventCallback
 *fill*         0x0800b9ea        0x2 
 .text.HAL_UART_IRQHandler
                0x0800b9ec      0x3b8 CMakeFiles/Pegasus3.1v-firmware.elf.dir/Drivers/STM32H7xx_HAL_Driver/Src/stm32h7xx_hal_uart.c.obj
                0x0800b9ec                HAL_UART_IRQHandler
 .text.UART_WaitOnFlagUntilTimeout
                0x0800bda4       0x9a CMakeFiles/Pegasus3.1v-firmware.elf.dir/Drivers/STM32H7xx_HAL_Driver/Src/stm32h7xx_hal_uart.c.obj
                0x0800bda4                UART_WaitOnFlagUntilTimeout
 .text.HAL_UART_Transmit
                0x0800be3e       0xd0 CMakeFiles/Pegasus3.1v-firmware.elf.dir/Drivers/STM32H7xx_HAL_Driver/Src/stm32h7xx_hal_uart.c.obj
                0x0800be3e                HAL_UART_Transmit
 .text.HAL_UART_Receive
                0x0800bf0e      0x116 CMakeFiles/Pegasus3.1v-firmware.elf.dir/Drivers/STM32H7xx_HAL_Driver/Src/stm32h7xx_hal_uart.c.obj
                0x0800bf0e                HAL_UART_Receive
 .text.HAL_UARTEx_WakeupCallback
                0x0800c024        0x2 CMakeFiles/Pegasus3.1v-firmware.elf.dir/Drivers/STM32H7xx_HAL_Driver/Src/stm32h7xx_hal_uart_ex.c.obj
                0x0800c024                HAL_UARTEx_WakeupCallback
 .text.HAL_UARTEx_RxFifoFullCallback
                0x0800c026        0x2 CMakeFiles/Pegasus3.1v-firmware.elf.dir/Drivers/STM32H7xx_HAL_Driver/Src/stm32h7xx_hal_uart_ex.c.obj
                0x0800c026                HAL_UARTEx_RxFifoFullCallback
 .text.HAL_UARTEx_TxFifoEmptyCallback
                0x0800c028        0x2 CMakeFiles/Pegasus3.1v-firmware.elf.dir/Drivers/STM32H7xx_HAL_Driver/Src/stm32h7xx_hal_uart_ex.c.obj
                0x0800c028                HAL_UARTEx_TxFifoEmptyCallback
 *fill*         0x0800c02a        0x2 
 .text.TIM_OC1_SetConfig
                0x0800c02c       0xa8 CMakeFiles/Pegasus3.1v-firmware.elf.dir/Drivers/STM32H7xx_HAL_Driver/Src/stm32h7xx_hal_tim.c.obj
 .text.TIM_OC3_SetConfig
                0x0800c0d4       0x94 CMakeFiles/Pegasus3.1v-firmware.elf.dir/Drivers/STM32H7xx_HAL_Driver/Src/stm32h7xx_hal_tim.c.obj
 .text.TIM_OC4_SetConfig
                0x0800c168       0x74 CMakeFiles/Pegasus3.1v-firmware.elf.dir/Drivers/STM32H7xx_HAL_Driver/Src/stm32h7xx_hal_tim.c.obj
 .text.TIM_OC5_SetConfig
                0x0800c1dc       0x74 CMakeFiles/Pegasus3.1v-firmware.elf.dir/Drivers/STM32H7xx_HAL_Driver/Src/stm32h7xx_hal_tim.c.obj
 .text.TIM_OC6_SetConfig
                0x0800c250       0x74 CMakeFiles/Pegasus3.1v-firmware.elf.dir/Drivers/STM32H7xx_HAL_Driver/Src/stm32h7xx_hal_tim.c.obj
 .text.TIM_TI1_ConfigInputStage
                0x0800c2c4       0x26 CMakeFiles/Pegasus3.1v-firmware.elf.dir/Drivers/STM32H7xx_HAL_Driver/Src/stm32h7xx_hal_tim.c.obj
 .text.TIM_TI2_SetConfig
                0x0800c2ea       0x36 CMakeFiles/Pegasus3.1v-firmware.elf.dir/Drivers/STM32H7xx_HAL_Driver/Src/stm32h7xx_hal_tim.c.obj
 .text.TIM_TI2_ConfigInputStage
                0x0800c320       0x28 CMakeFiles/Pegasus3.1v-firmware.elf.dir/Drivers/STM32H7xx_HAL_Driver/Src/stm32h7xx_hal_tim.c.obj
 .text.TIM_TI3_SetConfig
                0x0800c348       0x36 CMakeFiles/Pegasus3.1v-firmware.elf.dir/Drivers/STM32H7xx_HAL_Driver/Src/stm32h7xx_hal_tim.c.obj
 .text.TIM_TI4_SetConfig
                0x0800c37e       0x36 CMakeFiles/Pegasus3.1v-firmware.elf.dir/Drivers/STM32H7xx_HAL_Driver/Src/stm32h7xx_hal_tim.c.obj
 .text.TIM_ITRx_SetConfig
                0x0800c3b4       0x14 CMakeFiles/Pegasus3.1v-firmware.elf.dir/Drivers/STM32H7xx_HAL_Driver/Src/stm32h7xx_hal_tim.c.obj
 .text.HAL_TIM_Base_Start_IT
                0x0800c3c8       0x90 CMakeFiles/Pegasus3.1v-firmware.elf.dir/Drivers/STM32H7xx_HAL_Driver/Src/stm32h7xx_hal_tim.c.obj
                0x0800c3c8                HAL_TIM_Base_Start_IT
 .text.HAL_TIM_Base_Stop_IT
                0x0800c458       0x32 CMakeFiles/Pegasus3.1v-firmware.elf.dir/Drivers/STM32H7xx_HAL_Driver/Src/stm32h7xx_hal_tim.c.obj
                0x0800c458                HAL_TIM_Base_Stop_IT
 .text.HAL_TIM_IC_MspInit
                0x0800c48a        0x2 CMakeFiles/Pegasus3.1v-firmware.elf.dir/Drivers/STM32H7xx_HAL_Driver/Src/stm32h7xx_hal_tim.c.obj
                0x0800c48a                HAL_TIM_IC_MspInit
 .text.HAL_TIM_Encoder_MspInit
                0x0800c48c        0x2 CMakeFiles/Pegasus3.1v-firmware.elf.dir/Drivers/STM32H7xx_HAL_Driver/Src/stm32h7xx_hal_tim.c.obj
                0x0800c48c                HAL_TIM_Encoder_MspInit
 .text.HAL_TIM_ReadCapturedValue
                0x0800c48e       0x32 CMakeFiles/Pegasus3.1v-firmware.elf.dir/Drivers/STM32H7xx_HAL_Driver/Src/stm32h7xx_hal_tim.c.obj
                0x0800c48e                HAL_TIM_ReadCapturedValue
 .text.HAL_TIM_OC_DelayElapsedCallback
                0x0800c4c0        0x2 CMakeFiles/Pegasus3.1v-firmware.elf.dir/Drivers/STM32H7xx_HAL_Driver/Src/stm32h7xx_hal_tim.c.obj
                0x0800c4c0                HAL_TIM_OC_DelayElapsedCallback
 .text.HAL_TIM_PWM_PulseFinishedCallback
                0x0800c4c2        0x2 CMakeFiles/Pegasus3.1v-firmware.elf.dir/Drivers/STM32H7xx_HAL_Driver/Src/stm32h7xx_hal_tim.c.obj
                0x0800c4c2                HAL_TIM_PWM_PulseFinishedCallback
 .text.HAL_TIM_TriggerCallback
                0x0800c4c4        0x2 CMakeFiles/Pegasus3.1v-firmware.elf.dir/Drivers/STM32H7xx_HAL_Driver/Src/stm32h7xx_hal_tim.c.obj
                0x0800c4c4                HAL_TIM_TriggerCallback
 .text.HAL_TIM_IRQHandler
                0x0800c4c6      0x19a CMakeFiles/Pegasus3.1v-firmware.elf.dir/Drivers/STM32H7xx_HAL_Driver/Src/stm32h7xx_hal_tim.c.obj
                0x0800c4c6                HAL_TIM_IRQHandler
 .text.TIM_Base_SetConfig
                0x0800c660      0x104 CMakeFiles/Pegasus3.1v-firmware.elf.dir/Drivers/STM32H7xx_HAL_Driver/Src/stm32h7xx_hal_tim.c.obj
                0x0800c660                TIM_Base_SetConfig
 .text.HAL_TIM_Base_Init
                0x0800c764       0x60 CMakeFiles/Pegasus3.1v-firmware.elf.dir/Drivers/STM32H7xx_HAL_Driver/Src/stm32h7xx_hal_tim.c.obj
                0x0800c764                HAL_TIM_Base_Init
 .text.HAL_TIM_OC_Init
                0x0800c7c4       0x60 CMakeFiles/Pegasus3.1v-firmware.elf.dir/Drivers/STM32H7xx_HAL_Driver/Src/stm32h7xx_hal_tim.c.obj
                0x0800c7c4                HAL_TIM_OC_Init
 .text.HAL_TIM_PWM_Init
                0x0800c824       0x60 CMakeFiles/Pegasus3.1v-firmware.elf.dir/Drivers/STM32H7xx_HAL_Driver/Src/stm32h7xx_hal_tim.c.obj
                0x0800c824                HAL_TIM_PWM_Init
 .text.HAL_TIM_IC_Init
                0x0800c884       0x60 CMakeFiles/Pegasus3.1v-firmware.elf.dir/Drivers/STM32H7xx_HAL_Driver/Src/stm32h7xx_hal_tim.c.obj
                0x0800c884                HAL_TIM_IC_Init
 .text.HAL_TIM_Encoder_Init
                0x0800c8e4       0xb4 CMakeFiles/Pegasus3.1v-firmware.elf.dir/Drivers/STM32H7xx_HAL_Driver/Src/stm32h7xx_hal_tim.c.obj
                0x0800c8e4                HAL_TIM_Encoder_Init
 .text.TIM_OC2_SetConfig
                0x0800c998       0x94 CMakeFiles/Pegasus3.1v-firmware.elf.dir/Drivers/STM32H7xx_HAL_Driver/Src/stm32h7xx_hal_tim.c.obj
                0x0800c998                TIM_OC2_SetConfig
 .text.HAL_TIM_OC_ConfigChannel
                0x0800ca2c       0x7a CMakeFiles/Pegasus3.1v-firmware.elf.dir/Drivers/STM32H7xx_HAL_Driver/Src/stm32h7xx_hal_tim.c.obj
                0x0800ca2c                HAL_TIM_OC_ConfigChannel
 .text.HAL_TIM_PWM_ConfigChannel
                0x0800caa6      0x13a CMakeFiles/Pegasus3.1v-firmware.elf.dir/Drivers/STM32H7xx_HAL_Driver/Src/stm32h7xx_hal_tim.c.obj
                0x0800caa6                HAL_TIM_PWM_ConfigChannel
 .text.TIM_TI1_SetConfig
                0x0800cbe0       0x94 CMakeFiles/Pegasus3.1v-firmware.elf.dir/Drivers/STM32H7xx_HAL_Driver/Src/stm32h7xx_hal_tim.c.obj
                0x0800cbe0                TIM_TI1_SetConfig
 .text.HAL_TIM_IC_ConfigChannel
                0x0800cc74       0xc4 CMakeFiles/Pegasus3.1v-firmware.elf.dir/Drivers/STM32H7xx_HAL_Driver/Src/stm32h7xx_hal_tim.c.obj
                0x0800cc74                HAL_TIM_IC_ConfigChannel
 .text.TIM_ETR_SetConfig
                0x0800cd38       0x1a CMakeFiles/Pegasus3.1v-firmware.elf.dir/Drivers/STM32H7xx_HAL_Driver/Src/stm32h7xx_hal_tim.c.obj
                0x0800cd38                TIM_ETR_SetConfig
 *fill*         0x0800cd52        0x2 
 .text.HAL_TIM_ConfigClockSource
                0x0800cd54      0x138 CMakeFiles/Pegasus3.1v-firmware.elf.dir/Drivers/STM32H7xx_HAL_Driver/Src/stm32h7xx_hal_tim.c.obj
                0x0800cd54                HAL_TIM_ConfigClockSource
 .text.TIM_SlaveTimer_SetConfig
                0x0800ce8c      0x150 CMakeFiles/Pegasus3.1v-firmware.elf.dir/Drivers/STM32H7xx_HAL_Driver/Src/stm32h7xx_hal_tim.c.obj
 .text.HAL_TIM_SlaveConfigSynchro
                0x0800cfdc       0x52 CMakeFiles/Pegasus3.1v-firmware.elf.dir/Drivers/STM32H7xx_HAL_Driver/Src/stm32h7xx_hal_tim.c.obj
                0x0800cfdc                HAL_TIM_SlaveConfigSynchro
 .text.TIM_CCxChannelCmd
                0x0800d02e       0x1e CMakeFiles/Pegasus3.1v-firmware.elf.dir/Drivers/STM32H7xx_HAL_Driver/Src/stm32h7xx_hal_tim.c.obj
                0x0800d02e                TIM_CCxChannelCmd
 .text.HAL_TIM_PWM_Start
                0x0800d04c      0x168 CMakeFiles/Pegasus3.1v-firmware.elf.dir/Drivers/STM32H7xx_HAL_Driver/Src/stm32h7xx_hal_tim.c.obj
                0x0800d04c                HAL_TIM_PWM_Start
 .text.HAL_TIM_IC_Start
                0x0800d1b4      0x168 CMakeFiles/Pegasus3.1v-firmware.elf.dir/Drivers/STM32H7xx_HAL_Driver/Src/stm32h7xx_hal_tim.c.obj
                0x0800d1b4                HAL_TIM_IC_Start
 .text.HAL_TIM_IC_Start_IT
                0x0800d31c      0x1b0 CMakeFiles/Pegasus3.1v-firmware.elf.dir/Drivers/STM32H7xx_HAL_Driver/Src/stm32h7xx_hal_tim.c.obj
                0x0800d31c                HAL_TIM_IC_Start_IT
 .text.HAL_TIM_Encoder_Start_IT
                0x0800d4cc       0xf4 CMakeFiles/Pegasus3.1v-firmware.elf.dir/Drivers/STM32H7xx_HAL_Driver/Src/stm32h7xx_hal_tim.c.obj
                0x0800d4cc                HAL_TIM_Encoder_Start_IT
 .text.TIM_CCxNChannelCmd
                0x0800d5c0       0x1e CMakeFiles/Pegasus3.1v-firmware.elf.dir/Drivers/STM32H7xx_HAL_Driver/Src/stm32h7xx_hal_tim_ex.c.obj
 *fill*         0x0800d5de        0x2 
 .text.HAL_TIMEx_PWMN_Start
                0x0800d5e0      0x100 CMakeFiles/Pegasus3.1v-firmware.elf.dir/Drivers/STM32H7xx_HAL_Driver/Src/stm32h7xx_hal_tim_ex.c.obj
                0x0800d5e0                HAL_TIMEx_PWMN_Start
 .text.HAL_TIMEx_MasterConfigSynchronization
                0x0800d6e0       0xa0 CMakeFiles/Pegasus3.1v-firmware.elf.dir/Drivers/STM32H7xx_HAL_Driver/Src/stm32h7xx_hal_tim_ex.c.obj
                0x0800d6e0                HAL_TIMEx_MasterConfigSynchronization
 .text.HAL_TIMEx_ConfigBreakDeadTime
                0x0800d780       0x90 CMakeFiles/Pegasus3.1v-firmware.elf.dir/Drivers/STM32H7xx_HAL_Driver/Src/stm32h7xx_hal_tim_ex.c.obj
                0x0800d780                HAL_TIMEx_ConfigBreakDeadTime
 .text.HAL_TIMEx_CommutCallback
                0x0800d810        0x2 CMakeFiles/Pegasus3.1v-firmware.elf.dir/Drivers/STM32H7xx_HAL_Driver/Src/stm32h7xx_hal_tim_ex.c.obj
                0x0800d810                HAL_TIMEx_CommutCallback
 .text.HAL_TIMEx_BreakCallback
                0x0800d812        0x2 CMakeFiles/Pegasus3.1v-firmware.elf.dir/Drivers/STM32H7xx_HAL_Driver/Src/stm32h7xx_hal_tim_ex.c.obj
                0x0800d812                HAL_TIMEx_BreakCallback
 .text.HAL_TIMEx_Break2Callback
                0x0800d814        0x2 CMakeFiles/Pegasus3.1v-firmware.elf.dir/Drivers/STM32H7xx_HAL_Driver/Src/stm32h7xx_hal_tim_ex.c.obj
                0x0800d814                HAL_TIMEx_Break2Callback
 *fill*         0x0800d816        0x2 
 .text.Reset_Handler
                0x0800d818       0x50 CMakeFiles/Pegasus3.1v-firmware.elf.dir/startup_stm32h743zitx.s.obj
                0x0800d818                Reset_Handler
 .text.Default_Handler
                0x0800d868        0x2 CMakeFiles/Pegasus3.1v-firmware.elf.dir/startup_stm32h743zitx.s.obj
                0x0800d868                RTC_Alarm_IRQHandler
                0x0800d868                EXTI2_IRQHandler
                0x0800d868                TIM8_CC_IRQHandler
                0x0800d868                HRTIM1_Master_IRQHandler
                0x0800d868                UART8_IRQHandler
                0x0800d868                SPI4_IRQHandler
                0x0800d868                BDMA_Channel6_IRQHandler
                0x0800d868                DMA2_Stream5_IRQHandler
                0x0800d868                HRTIM1_FLT_IRQHandler
                0x0800d868                JPEG_IRQHandler
                0x0800d868                DMA1_Stream5_IRQHandler
                0x0800d868                BDMA_Channel1_IRQHandler
                0x0800d868                HRTIM1_TIMD_IRQHandler
                0x0800d868                TAMP_STAMP_IRQHandler
                0x0800d868                EXTI3_IRQHandler
                0x0800d868                LPTIM4_IRQHandler
                0x0800d868                TIM8_TRG_COM_TIM14_IRQHandler
                0x0800d868                LPTIM2_IRQHandler
                0x0800d868                DFSDM1_FLT1_IRQHandler
                0x0800d868                DMAMUX2_OVR_IRQHandler
                0x0800d868                TIM8_UP_TIM13_IRQHandler
                0x0800d868                I2C3_ER_IRQHandler
                0x0800d868                DFSDM1_FLT2_IRQHandler
                0x0800d868                MDMA_IRQHandler
                0x0800d868                LPTIM3_IRQHandler
                0x0800d868                HSEM1_IRQHandler
                0x0800d868                EXTI0_IRQHandler
                0x0800d868                I2C2_EV_IRQHandler
                0x0800d868                DMA1_Stream2_IRQHandler
                0x0800d868                FPU_IRQHandler
                0x0800d868                OTG_HS_WKUP_IRQHandler
                0x0800d868                FDCAN1_IT1_IRQHandler
                0x0800d868                LTDC_ER_IRQHandler
                0x0800d868                DMA2_Stream2_IRQHandler
                0x0800d868                HRTIM1_TIME_IRQHandler
                0x0800d868                SPI1_IRQHandler
                0x0800d868                TIM6_DAC_IRQHandler
                0x0800d868                DCMI_IRQHandler
                0x0800d868                HRTIM1_TIMC_IRQHandler
                0x0800d868                DMA2_Stream3_IRQHandler
                0x0800d868                SAI2_IRQHandler
                0x0800d868                DFSDM1_FLT3_IRQHandler
                0x0800d868                USART6_IRQHandler
                0x0800d868                USART3_IRQHandler
                0x0800d868                BDMA_Channel7_IRQHandler
                0x0800d868                LPTIM5_IRQHandler
                0x0800d868                UART5_IRQHandler
                0x0800d868                ADC3_IRQHandler
                0x0800d868                DMA2_Stream0_IRQHandler
                0x0800d868                TIM4_IRQHandler
                0x0800d868                BDMA_Channel2_IRQHandler
                0x0800d868                QUADSPI_IRQHandler
                0x0800d868                I2C1_EV_IRQHandler
                0x0800d868                DMA1_Stream6_IRQHandler
                0x0800d868                DMAMUX1_OVR_IRQHandler
                0x0800d868                DMA1_Stream1_IRQHandler
                0x0800d868                TIM16_IRQHandler
                0x0800d868                UART4_IRQHandler
                0x0800d868                BDMA_Channel5_IRQHandler
                0x0800d868                RCC_IRQHandler
                0x0800d868                TIM8_BRK_TIM12_IRQHandler
                0x0800d868                TIM1_TRG_COM_IRQHandler
                0x0800d868                Default_Handler
                0x0800d868                ECC_IRQHandler
                0x0800d868                CEC_IRQHandler
                0x0800d868                EXTI15_10_IRQHandler
                0x0800d868                BDMA_Channel0_IRQHandler
                0x0800d868                ADC_IRQHandler
                0x0800d868                DMA1_Stream7_IRQHandler
                0x0800d868                HRTIM1_TIMA_IRQHandler
                0x0800d868                SPI5_IRQHandler
                0x0800d868                SDMMC1_IRQHandler
                0x0800d868                DMA2_Stream7_IRQHandler
                0x0800d868                TIM15_IRQHandler
                0x0800d868                PVD_AVD_IRQHandler
                0x0800d868                I2C3_EV_IRQHandler
                0x0800d868                RTC_WKUP_IRQHandler
                0x0800d868                LTDC_IRQHandler
                0x0800d868                SAI3_IRQHandler
                0x0800d868                ETH_WKUP_IRQHandler
                0x0800d868                SPDIF_RX_IRQHandler
                0x0800d868                SPI2_IRQHandler
                0x0800d868                OTG_HS_EP1_IN_IRQHandler
                0x0800d868                CRS_IRQHandler
                0x0800d868                EXTI4_IRQHandler
                0x0800d868                RNG_IRQHandler
                0x0800d868                HRTIM1_TIMB_IRQHandler
                0x0800d868                ETH_IRQHandler
                0x0800d868                TIM1_UP_IRQHandler
                0x0800d868                BDMA_Channel4_IRQHandler
                0x0800d868                OTG_HS_EP1_OUT_IRQHandler
                0x0800d868                WWDG_IRQHandler
                0x0800d868                SPI6_IRQHandler
                0x0800d868                MDIOS_IRQHandler
                0x0800d868                I2C4_EV_IRQHandler
                0x0800d868                LPUART1_IRQHandler
                0x0800d868                FDCAN1_IT0_IRQHandler
                0x0800d868                OTG_FS_WKUP_IRQHandler
                0x0800d868                OTG_HS_IRQHandler
                0x0800d868                DMA2D_IRQHandler
                0x0800d868                TIM1_BRK_IRQHandler
                0x0800d868                EXTI1_IRQHandler
                0x0800d868                SDMMC2_IRQHandler
                0x0800d868                OTG_FS_EP1_OUT_IRQHandler
                0x0800d868                BDMA_Channel3_IRQHandler
                0x0800d868                UART7_IRQHandler
                0x0800d868                MDIOS_WKUP_IRQHandler
                0x0800d868                USART2_IRQHandler
                0x0800d868                DFSDM1_FLT0_IRQHandler
                0x0800d868                SAI4_IRQHandler
                0x0800d868                I2C2_ER_IRQHandler
                0x0800d868                DMA2_Stream1_IRQHandler
                0x0800d868                FLASH_IRQHandler
                0x0800d868                DMA2_Stream4_IRQHandler
                0x0800d868                OTG_FS_IRQHandler
                0x0800d868                SPI3_IRQHandler
                0x0800d868                WAKEUP_PIN_IRQHandler
                0x0800d868                DMA1_Stream4_IRQHandler
                0x0800d868                OTG_FS_EP1_IN_IRQHandler
                0x0800d868                I2C1_ER_IRQHandler
                0x0800d868                FMC_IRQHandler
                0x0800d868                FDCAN_CAL_IRQHandler
                0x0800d868                SWPMI1_IRQHandler
                0x0800d868                COMP1_IRQHandler
                0x0800d868                LPTIM1_IRQHandler
                0x0800d868                I2C4_ER_IRQHandler
                0x0800d868                DMA2_Stream6_IRQHandler
                0x0800d868                SAI1_IRQHandler
                0x0800d868                DMA1_Stream3_IRQHandler
 *fill*         0x0800d86a        0x2 
 .text.get_conifg_flag
                0x0800d86c        0xc CMakeFiles/Pegasus3.1v-firmware.elf.dir/src/main.c.obj
                0x0800d86c                get_conifg_flag
 .text.get_interrupt_flag
                0x0800d878        0xc CMakeFiles/Pegasus3.1v-firmware.elf.dir/src/main.c.obj
                0x0800d878                get_interrupt_flag
 .text.set_config_flag
                0x0800d884        0xc CMakeFiles/Pegasus3.1v-firmware.elf.dir/src/main.c.obj
                0x0800d884                set_config_flag
 .text.set_interrupt_flag
                0x0800d890        0xc CMakeFiles/Pegasus3.1v-firmware.elf.dir/src/main.c.obj
                0x0800d890                set_interrupt_flag
 .text.HAL_TIM_IC_CaptureCallback
                0x0800d89c       0x4c CMakeFiles/Pegasus3.1v-firmware.elf.dir/src/main.c.obj
                0x0800d89c                HAL_TIM_IC_CaptureCallback
 .text.HAL_GPIO_EXTI_Callback
                0x0800d8e8       0x20 CMakeFiles/Pegasus3.1v-firmware.elf.dir/src/main.c.obj
                0x0800d8e8                HAL_GPIO_EXTI_Callback
 .text.HAL_TIM_PeriodElapsedCallback
                0x0800d908      0x1f8 CMakeFiles/Pegasus3.1v-firmware.elf.dir/src/main.c.obj
                0x0800d908                HAL_TIM_PeriodElapsedCallback
 .text.Error_Handler
                0x0800db00        0x4 CMakeFiles/Pegasus3.1v-firmware.elf.dir/src/main.c.obj
                0x0800db00                Error_Handler
 .text.main     0x0800db04       0xbc CMakeFiles/Pegasus3.1v-firmware.elf.dir/src/main.c.obj
                0x0800db04                main
 .text.Get_ADC_Reading
                0x0800dbc0       0x2c CMakeFiles/Pegasus3.1v-firmware.elf.dir/lib/ApplicationLayer/adc_AL.c.obj
                0x0800dbc0                Get_ADC_Reading
 .text.HAL_ADC_ConvHalfCpltCallback
                0x0800dbec       0x2c CMakeFiles/Pegasus3.1v-firmware.elf.dir/lib/ApplicationLayer/adc_AL.c.obj
                0x0800dbec                HAL_ADC_ConvHalfCpltCallback
 .text.HAL_ADC_ConvCpltCallback
                0x0800dc18       0x2c CMakeFiles/Pegasus3.1v-firmware.elf.dir/lib/ApplicationLayer/adc_AL.c.obj
                0x0800dc18                HAL_ADC_ConvCpltCallback
 .text.verifyStringFromServer
                0x0800dc44       0x4e CMakeFiles/Pegasus3.1v-firmware.elf.dir/lib/ApplicationLayer/config.c.obj
                0x0800dc44                verifyStringFromServer
 .text.parse_config
                0x0800dc92       0xa4 CMakeFiles/Pegasus3.1v-firmware.elf.dir/lib/ApplicationLayer/config.c.obj
                0x0800dc92                parse_config
 *fill*         0x0800dd36        0x2 
 .text.bootup_config
                0x0800dd38       0xd8 CMakeFiles/Pegasus3.1v-firmware.elf.dir/lib/ApplicationLayer/config.c.obj
                0x0800dd38                bootup_config
 .text.update_config
                0x0800de10       0x34 CMakeFiles/Pegasus3.1v-firmware.elf.dir/lib/ApplicationLayer/config.c.obj
                0x0800de10                update_config
 .text.EEPROM_Write
                0x0800de44       0x38 CMakeFiles/Pegasus3.1v-firmware.elf.dir/lib/ApplicationLayer/eeprom_AL.c.obj
                0x0800de44                EEPROM_Write
 .text.EEPROM_Read
                0x0800de7c       0x24 CMakeFiles/Pegasus3.1v-firmware.elf.dir/lib/ApplicationLayer/eeprom_AL.c.obj
                0x0800de7c                EEPROM_Read
 .text.EEPROM_Read_Data
                0x0800dea0       0x50 CMakeFiles/Pegasus3.1v-firmware.elf.dir/lib/ApplicationLayer/eeprom_AL.c.obj
                0x0800dea0                EEPROM_Read_Data
 .text.EEPROM_Write_Data
                0x0800def0       0x54 CMakeFiles/Pegasus3.1v-firmware.elf.dir/lib/ApplicationLayer/eeprom_AL.c.obj
                0x0800def0                EEPROM_Write_Data
 .text.CAN_Write
                0x0800df44       0xac CMakeFiles/Pegasus3.1v-firmware.elf.dir/lib/ApplicationLayer/fdcan_AL.c.obj
                0x0800df44                CAN_Write
 .text.isFDCAN_Available
                0x0800dff0       0x10 CMakeFiles/Pegasus3.1v-firmware.elf.dir/lib/ApplicationLayer/fdcan_AL.c.obj
                0x0800dff0                isFDCAN_Available
 .text.__motorController_calibrateTerminalReading
                0x0800e000       0x94 CMakeFiles/Pegasus3.1v-firmware.elf.dir/lib/ApplicationLayer/fdcan_AL.c.obj
 .text.__fdcan_addScalingFactorToMessage
                0x0800e094        0xc CMakeFiles/Pegasus3.1v-firmware.elf.dir/lib/ApplicationLayer/fdcan_AL.c.obj
 .text.Transmit_on_CAN
                0x0800e0a0       0xa8 CMakeFiles/Pegasus3.1v-firmware.elf.dir/lib/ApplicationLayer/fdcan_AL.c.obj
                0x0800e0a0                Transmit_on_CAN
 .text.__fdcan_transferMessagesOnID300
                0x0800e148       0x74 CMakeFiles/Pegasus3.1v-firmware.elf.dir/lib/ApplicationLayer/fdcan_AL.c.obj
 .text.__fdcan_transferMessagesOnID301
                0x0800e1bc       0x74 CMakeFiles/Pegasus3.1v-firmware.elf.dir/lib/ApplicationLayer/fdcan_AL.c.obj
 .text.__fdcan_transferMessagesOnID302
                0x0800e230       0x8c CMakeFiles/Pegasus3.1v-firmware.elf.dir/lib/ApplicationLayer/fdcan_AL.c.obj
 .text.__fdcan_transferMessagesOnID303
                0x0800e2bc       0x70 CMakeFiles/Pegasus3.1v-firmware.elf.dir/lib/ApplicationLayer/fdcan_AL.c.obj
 .text.__fdcan_transferMessagesOnID304
                0x0800e32c       0x6c CMakeFiles/Pegasus3.1v-firmware.elf.dir/lib/ApplicationLayer/fdcan_AL.c.obj
 .text.__fdcan_transferMessagesOnID305
                0x0800e398       0x84 CMakeFiles/Pegasus3.1v-firmware.elf.dir/lib/ApplicationLayer/fdcan_AL.c.obj
 .text.__fdcan_transferMessagesOnID306
                0x0800e41c       0x7c CMakeFiles/Pegasus3.1v-firmware.elf.dir/lib/ApplicationLayer/fdcan_AL.c.obj
 .text.__fdcan_transferMessagesOnID307
                0x0800e498       0x6c CMakeFiles/Pegasus3.1v-firmware.elf.dir/lib/ApplicationLayer/fdcan_AL.c.obj
 .text.FDCAN_dataLoggingForPythonScript
                0x0800e504      0x124 CMakeFiles/Pegasus3.1v-firmware.elf.dir/lib/ApplicationLayer/fdcan_AL.c.obj
                0x0800e504                FDCAN_dataLoggingForPythonScript
 .text.CAN_Filter_IDList
                0x0800e628       0x84 CMakeFiles/Pegasus3.1v-firmware.elf.dir/lib/ApplicationLayer/fdcan_AL.c.obj
                0x0800e628                CAN_Filter_IDList
 .text.FDCAN_ApplicationSetup
                0x0800e6ac       0x40 CMakeFiles/Pegasus3.1v-firmware.elf.dir/lib/ApplicationLayer/fdcan_AL.c.obj
                0x0800e6ac                FDCAN_ApplicationSetup
 *fill*         0x0800e6ec        0x4 
 .text.HAL_FDCAN_RxFifo0Callback
                0x0800e6f0       0xe8 CMakeFiles/Pegasus3.1v-firmware.elf.dir/lib/ApplicationLayer/fdcan_AL.c.obj