Archive member included to satisfy reference by file (symbol)

c:/users/pratik~1/downlo~1/gnutoo~1/gnutoo~1/62017-~1/bin/../lib/gcc/arm-none-eabi/6.3.1/../../../../arm-none-eabi/lib/thumb/v7e-m/fpv4-sp/hard\libc_nano.a(lib_a-exit.o)
                              c:/users/pratik~1/downlo~1/gnutoo~1/gnutoo~1/62017-~1/bin/../lib/gcc/arm-none-eabi/6.3.1/../../../../arm-none-eabi/lib/thumb/v7e-m/fpv4-sp/hard/crt0.o (exit)
c:/users/pratik~1/downlo~1/gnutoo~1/gnutoo~1/62017-~1/bin/../lib/gcc/arm-none-eabi/6.3.1/../../../../arm-none-eabi/lib/thumb/v7e-m/fpv4-sp/hard\libc_nano.a(lib_a-impure.o)
                              c:/users/pratik~1/downlo~1/gnutoo~1/gnutoo~1/62017-~1/bin/../lib/gcc/arm-none-eabi/6.3.1/../../../../arm-none-eabi/lib/thumb/v7e-m/fpv4-sp/hard\libc_nano.a(lib_a-exit.o) (_global_impure_ptr)
c:/users/pratik~1/downlo~1/gnutoo~1/gnutoo~1/62017-~1/bin/../lib/gcc/arm-none-eabi/6.3.1/../../../../arm-none-eabi/lib/thumb/v7e-m/fpv4-sp/hard\libc_nano.a(lib_a-init.o)
                              c:/users/pratik~1/downlo~1/gnutoo~1/gnutoo~1/62017-~1/bin/../lib/gcc/arm-none-eabi/6.3.1/../../../../arm-none-eabi/lib/thumb/v7e-m/fpv4-sp/hard/crt0.o (__libc_init_array)
c:/users/pratik~1/downlo~1/gnutoo~1/gnutoo~1/62017-~1/bin/../lib/gcc/arm-none-eabi/6.3.1/../../../../arm-none-eabi/lib/thumb/v7e-m/fpv4-sp/hard\libc_nano.a(lib_a-memset.o)
                              c:/users/pratik~1/downlo~1/gnutoo~1/gnutoo~1/62017-~1/bin/../lib/gcc/arm-none-eabi/6.3.1/../../../../arm-none-eabi/lib/thumb/v7e-m/fpv4-sp/hard/crt0.o (memset)
c:/users/pratik~1/downlo~1/gnutoo~1/gnutoo~1/62017-~1/bin/../lib/gcc/arm-none-eabi/6.3.1/../../../../arm-none-eabi/lib/thumb/v7e-m/fpv4-sp/hard\libc_nano.a(lib_a-nano-vfprintf_float.o)
                              (_printf_float)
c:/users/pratik~1/downlo~1/gnutoo~1/gnutoo~1/62017-~1/bin/../lib/gcc/arm-none-eabi/6.3.1/../../../../arm-none-eabi/lib/thumb/v7e-m/fpv4-sp/hard\libc_nano.a(lib_a-nano-vfprintf_i.o)
                              c:/users/pratik~1/downlo~1/gnutoo~1/gnutoo~1/62017-~1/bin/../lib/gcc/arm-none-eabi/6.3.1/../../../../arm-none-eabi/lib/thumb/v7e-m/fpv4-sp/hard\libc_nano.a(lib_a-nano-vfprintf_float.o) (_printf_common)
c:/users/pratik~1/downlo~1/gnutoo~1/gnutoo~1/62017-~1/bin/../lib/gcc/arm-none-eabi/6.3.1/../../../../arm-none-eabi/lib/thumb/v7e-m/fpv4-sp/hard\libc_nano.a(lib_a-strlen.o)
                              c:/users/pratik~1/downlo~1/gnutoo~1/gnutoo~1/62017-~1/bin/../lib/gcc/arm-none-eabi/6.3.1/../../../../arm-none-eabi/lib/thumb/v7e-m/fpv4-sp/hard\libc_nano.a(lib_a-nano-vfprintf_float.o) (strlen)
c:/users/pratik~1/downlo~1/gnutoo~1/gnutoo~1/62017-~1/bin/../lib/gcc/arm-none-eabi/6.3.1/../../../../arm-none-eabi/lib/thumb/v7e-m/fpv4-sp/hard\libc_nano.a(lib_a-dtoa.o)
                              c:/users/pratik~1/downlo~1/gnutoo~1/gnutoo~1/62017-~1/bin/../lib/gcc/arm-none-eabi/6.3.1/../../../../arm-none-eabi/lib/thumb/v7e-m/fpv4-sp/hard\libc_nano.a(lib_a-nano-vfprintf_float.o) (_dtoa_r)
c:/users/pratik~1/downlo~1/gnutoo~1/gnutoo~1/62017-~1/bin/../lib/gcc/arm-none-eabi/6.3.1/../../../../arm-none-eabi/lib/thumb/v7e-m/fpv4-sp/hard\libc_nano.a(lib_a-localeconv.o)
                              c:/users/pratik~1/downlo~1/gnutoo~1/gnutoo~1/62017-~1/bin/../lib/gcc/arm-none-eabi/6.3.1/../../../../arm-none-eabi/lib/thumb/v7e-m/fpv4-sp/hard\libc_nano.a(lib_a-nano-vfprintf_float.o) (_localeconv_r)
c:/users/pratik~1/downlo~1/gnutoo~1/gnutoo~1/62017-~1/bin/../lib/gcc/arm-none-eabi/6.3.1/../../../../arm-none-eabi/lib/thumb/v7e-m/fpv4-sp/hard\libc_nano.a(lib_a-malloc.o)
                              c:/users/pratik~1/downlo~1/gnutoo~1/gnutoo~1/62017-~1/bin/../lib/gcc/arm-none-eabi/6.3.1/../../../../arm-none-eabi/lib/thumb/v7e-m/fpv4-sp/hard\libc_nano.a(lib_a-dtoa.o) (malloc)
c:/users/pratik~1/downlo~1/gnutoo~1/gnutoo~1/62017-~1/bin/../lib/gcc/arm-none-eabi/6.3.1/../../../../arm-none-eabi/lib/thumb/v7e-m/fpv4-sp/hard\libc_nano.a(lib_a-memchr.o)
                              c:/users/pratik~1/downlo~1/gnutoo~1/gnutoo~1/62017-~1/bin/../lib/gcc/arm-none-eabi/6.3.1/../../../../arm-none-eabi/lib/thumb/v7e-m/fpv4-sp/hard\libc_nano.a(lib_a-nano-vfprintf_i.o) (memchr)
c:/users/pratik~1/downlo~1/gnutoo~1/gnutoo~1/62017-~1/bin/../lib/gcc/arm-none-eabi/6.3.1/../../../../arm-none-eabi/lib/thumb/v7e-m/fpv4-sp/hard\libc_nano.a(lib_a-memcpy-stub.o)
                              c:/users/pratik~1/downlo~1/gnutoo~1/gnutoo~1/62017-~1/bin/../lib/gcc/arm-none-eabi/6.3.1/../../../../arm-none-eabi/lib/thumb/v7e-m/fpv4-sp/hard\libc_nano.a(lib_a-dtoa.o) (memcpy)
c:/users/pratik~1/downlo~1/gnutoo~1/gnutoo~1/62017-~1/bin/../lib/gcc/arm-none-eabi/6.3.1/../../../../arm-none-eabi/lib/thumb/v7e-m/fpv4-sp/hard\libc_nano.a(lib_a-mprec.o)
                              c:/users/pratik~1/downlo~1/gnutoo~1/gnutoo~1/62017-~1/bin/../lib/gcc/arm-none-eabi/6.3.1/../../../../arm-none-eabi/lib/thumb/v7e-m/fpv4-sp/hard\libc_nano.a(lib_a-dtoa.o) (_Balloc)
[...]
Memory Configuration

Name             Origin             Length             Attributes
FLASH            0x08000000         0x00200000         xr
DTCMRAM          0x20000000         0x00020000         xrw
RAM_D1           0x24000000         0x00080000         xrw
RAM_D2           0x30000000         0x00048000         xrw
RAM_D3           0x38000000         0x00010000         xrw
ITCMRAM          0x00000000         0x00010000         xrw
*default*        0x00000000         0xffffffff

Linker script and memory map

LOAD c:/users/pratik~1/downlo~1/gnutoo~1/gnutoo~1/62017-~1/bin/../lib/gcc/arm-none-eabi/6.3.1/thumb/v7e-m/fpv4-sp/hard/crti.o
LOAD c:/users/pratik~1/downlo~1/gnutoo~1/gnutoo~1/62017-~1/bin/../lib/gcc/arm-none-eabi/6.3.1/thumb/v7e-m/fpv4-sp/hard/crtbegin.o
LOAD c:/users/pratik~1/downlo~1/gnutoo~1/gnutoo~1/62017-~1/bin/../lib/gcc/arm-none-eabi/6.3.1/../../../../arm-none-eabi/lib/thumb/v7e-m/fpv4-sp/hard/crt0.o
START GROUP
LOAD c:/users/pratik~1/downlo~1/gnutoo~1/gnutoo~1/62017-~1/bin/../lib/gcc/arm-none-eabi/6.3.1/../../../../arm-none-eabi/lib/thumb/v7e-m/fpv4-sp/hard\libc_nano.a
LOAD c:/users/pratik~1/downlo~1/gnutoo~1/gnutoo~1/62017-~1/bin/../lib/gcc/arm-none-eabi/6.3.1/../../../../arm-none-eabi/lib/thumb/v7e-m/fpv4-sp/hard\libm.a
END GROUP
LOAD c:/users/pratik~1/downlo~1/gnutoo~1/gnutoo~1/62017-~1/bin/../lib/gcc/arm-none-eabi/6.3.1/../../../../arm-none-eabi/lib/thumb/v7e-m/fpv4-sp/hard\libnosys.a
LOAD CMakeFiles/Pegasus3.1v-firmware.elf.dir/src/adc.c.obj
LOAD CMakeFiles/Pegasus3.1v-firmware.elf.dir/src/fdcan.c.obj
LOAD CMakeFiles/Pegasus3.1v-firmware.elf.dir/src/gpio.c.obj
LOAD CMakeFiles/Pegasus3.1v-firmware.elf.dir/src/i2c.c.obj
LOAD CMakeFiles/Pegasus3.1v-firmware.elf.dir/src/tim.c.obj
LOAD CMakeFiles/Pegasus3.1v-firmware.elf.dir/src/usart.c.obj
LOAD CMakeFiles/Pegasus3.1v-firmware.elf.dir/src/dma.c.obj
LOAD CMakeFiles/Pegasus3.1v-firmware.elf.dir/src/stm32h7xx_it.c.obj
LOAD CMakeFiles/Pegasus3.1v-firmware.elf.dir/src/stm32h7xx_hal_msp.c.obj
LOAD CMakeFiles/Pegasus3.1v-firmware.elf.dir/src/system_stm32h7xx.c.obj
LOAD CMakeFiles/Pegasus3.1v-firmware.elf.dir/Drivers/STM32H7xx_HAL_Driver/Src/stm32h7xx_hal_adc.c.obj
LOAD CMakeFiles/Pegasus3.1v-firmware.elf.dir/Drivers/STM32H7xx_HAL_Driver/Src/stm32h7xx_hal_adc_ex.c.obj
LOAD CMakeFiles/Pegasus3.1v-firmware.elf.dir/Drivers/STM32H7xx_HAL_Driver/Src/stm32h7xx_hal.c.obj
LOAD CMakeFiles/Pegasus3.1v-firmware.elf.dir/Drivers/STM32H7xx_HAL_Driver/Src/stm32h7xx_hal_i2c.c.obj
LOAD CMakeFiles/Pegasus3.1v-firmware.elf.dir/Drivers/STM32H7xx_HAL_Driver/Src/stm32h7xx_hal_i2c_ex.c.obj
LOAD CMakeFiles/Pegasus3.1v-firmware.elf.dir/Drivers/STM32H7xx_HAL_Driver/Src/stm32h7xx_hal_rcc.c.obj
LOAD CMakeFiles/Pegasus3.1v-firmware.elf.dir/Drivers/STM32H7xx_HAL_Driver/Src/stm32h7xx_hal_rcc_ex.c.obj
LOAD CMakeFiles/Pegasus3.1v-firmware.elf.dir/Drivers/STM32H7xx_HAL_Driver/Src/stm32h7xx_hal_flash.c.obj
LOAD CMakeFiles/Pegasus3.1v-firmware.elf.dir/Drivers/STM32H7xx_HAL_Driver/Src/stm32h7xx_hal_flash_ex.c.obj
LOAD CMakeFiles/Pegasus3.1v-firmware.elf.dir/Drivers/STM32H7xx_HAL_Driver/Src/stm32h7xx_hal_gpio.c.obj
LOAD CMakeFiles/Pegasus3.1v-firmware.elf.dir/Drivers/STM32H7xx_HAL_Driver/Src/stm32h7xx_hal_dma.c.obj
LOAD CMakeFiles/Pegasus3.1v-firmware.elf.dir/Drivers/STM32H7xx_HAL_Driver/Src/stm32h7xx_hal_dma_ex.c.obj
LOAD CMakeFiles/Pegasus3.1v-firmware.elf.dir/Drivers/STM32H7xx_HAL_Driver/Src/stm32h7xx_hal_pwr.c.obj
LOAD CMakeFiles/Pegasus3.1v-firmware.elf.dir/Drivers/STM32H7xx_HAL_Driver/Src/stm32h7xx_hal_pwr_ex.c.obj
LOAD CMakeFiles/Pegasus3.1v-firmware.elf.dir/Drivers/STM32H7xx_HAL_Driver/Src/stm32h7xx_hal_cortex.c.obj
LOAD CMakeFiles/Pegasus3.1v-firmware.elf.dir/Drivers/STM32H7xx_HAL_Driver/Src/stm32h7xx_hal_exti.c.obj
LOAD CMakeFiles/Pegasus3.1v-firmware.elf.dir/Drivers/STM32H7xx_HAL_Driver/Src/stm32h7xx_hal_fdcan.c.obj
LOAD CMakeFiles/Pegasus3.1v-firmware.elf.dir/Drivers/STM32H7xx_HAL_Driver/Src/stm32h7xx_hal_uart.c.obj
LOAD CMakeFiles/Pegasus3.1v-firmware.elf.dir/Drivers/STM32H7xx_HAL_Driver/Src/stm32h7xx_hal_uart_ex.c.obj
LOAD CMakeFiles/Pegasus3.1v-firmware.elf.dir/Drivers/STM32H7xx_HAL_Driver/Src/stm32h7xx_hal_usart.c.obj
LOAD CMakeFiles/Pegasus3.1v-firmware.elf.dir/Drivers/STM32H7xx_HAL_Driver/Src/stm32h7xx_hal_usart_ex.c.obj
LOAD CMakeFiles/Pegasus3.1v-firmware.elf.dir/Drivers/STM32H7xx_HAL_Driver/Src/stm32h7xx_hal_tim.c.obj
LOAD CMakeFiles/Pegasus3.1v-firmware.elf.dir/Drivers/STM32H7xx_HAL_Driver/Src/stm32h7xx_hal_tim_ex.c.obj
LOAD CMakeFiles/Pegasus3.1v-firmware.elf.dir/startup_stm32h743zitx.s.obj
LOAD CMakeFiles/Pegasus3.1v-firmware.elf.dir/src/main.c.obj
LOAD CMakeFiles/Pegasus3.1v-firmware.elf.dir/lib/ApplicationLayer/adc_AL.c.obj
LOAD CMakeFiles/Pegasus3.1v-firmware.elf.dir/lib/ApplicationLayer/config.c.obj
LOAD CMakeFiles/Pegasus3.1v-firmware.elf.dir/lib/ApplicationLayer/crc32.c.obj
LOAD CMakeFiles/Pegasus3.1v-firmware.elf.dir/lib/ApplicationLayer/eeprom_AL.c.obj
LOAD CMakeFiles/Pegasus3.1v-firmware.elf.dir/lib/ApplicationLayer/eepromCRC.c.obj
LOAD CMakeFiles/Pegasus3.1v-firmware.elf.dir/lib/ApplicationLayer/fdcan_AL.c.obj
LOAD CMakeFiles/Pegasus3.1v-firmware.elf.dir/lib/ApplicationLayer/flash.c.obj
LOAD CMakeFiles/Pegasus3.1v-firmware.elf.dir/lib/ApplicationLayer/foc_blockset.c.obj
LOAD CMakeFiles/Pegasus3.1v-firmware.elf.dir/lib/ApplicationLayer/foc_mtpa_lut.c.obj
LOAD CMakeFiles/Pegasus3.1v-firmware.elf.dir/lib/ApplicationLayer/led_AL.c.obj
LOAD CMakeFiles/Pegasus3.1v-firmware.elf.dir/lib/ApplicationLayer/microcontroller.c.obj
LOAD CMakeFiles/Pegasus3.1v-firmware.elf.dir/lib/ApplicationLayer/motor_param.c.obj
LOAD CMakeFiles/Pegasus3.1v-firmware.elf.dir/lib/ApplicationLayer/sanity.c.obj
LOAD CMakeFiles/Pegasus3.1v-firmware.elf.dir/lib/ApplicationLayer/temp_AL.c.obj
LOAD CMakeFiles/Pegasus3.1v-firmware.elf.dir/lib/ApplicationLayer/usart_AL.c.obj
LOAD CMakeFiles/Pegasus3.1v-firmware.elf.dir/lib/ApplicationLayer/v_f_control.c.obj
LOAD CMakeFiles/Pegasus3.1v-firmware.elf.dir/lib/ApplicationLayer/vector_control.c.obj
LOAD CMakeFiles/Pegasus3.1v-firmware.elf.dir/lib/ApplicationLayer/vehicle.c.obj
LOAD CMakeFiles/Pegasus3.1v-firmware.elf.dir/lib/CustomLibs/printf.c.obj
LOAD CMakeFiles/Pegasus3.1v-firmware.elf.dir/lib/CustomLibs/math_func.c.obj
LOAD CMakeFiles/Pegasus3.1v-firmware.elf.dir/lib/ApplicationLayer/can-tp-module-threadx/isotp-c/deps/bitfield-c/src/bitfield/8byte.c.obj
LOAD CMakeFiles/Pegasus3.1v-firmware.elf.dir/lib/ApplicationLayer/can-tp-module-threadx/isotp-c/deps/bitfield-c/src/bitfield/bitarray.c.obj
LOAD CMakeFiles/Pegasus3.1v-firmware.elf.dir/lib/ApplicationLayer/can-tp-module-threadx/isotp-c/deps/bitfield-c/src/bitfield/bitfield.c.obj
LOAD CMakeFiles/Pegasus3.1v-firmware.elf.dir/lib/ApplicationLayer/can-tp-module-threadx/isotp-c/src/isotp/isotp.c.obj
LOAD CMakeFiles/Pegasus3.1v-firmware.elf.dir/lib/ApplicationLayer/can-tp-module-threadx/isotp-c/src/isotp/receive.c.obj
LOAD CMakeFiles/Pegasus3.1v-firmware.elf.dir/lib/ApplicationLayer/can-tp-module-threadx/isotp-c/src/isotp/send.c.obj
LOAD CMakeFiles/Pegasus3.1v-firmware.elf.dir/lib/ApplicationLayer/can-tp-module-threadx/can_tp_app.c.obj
START GROUP
LOAD c:/users/pratik~1/downlo~1/gnutoo~1/gnutoo~1/62017-~1/bin/../lib/gcc/arm-none-eabi/6.3.1/thumb/v7e-m/fpv4-sp/hard\libgcc.a
LOAD c:/users/pratik~1/downlo~1/gnutoo~1/gnutoo~1/62017-~1/bin/../lib/gcc/arm-none-eabi/6.3.1/../../../../arm-none-eabi/lib/thumb/v7e-m/fpv4-sp/hard\libg_nano.a
LOAD c:/users/pratik~1/downlo~1/gnutoo~1/gnutoo~1/62017-~1/bin/../lib/gcc/arm-none-eabi/6.3.1/../../../../arm-none-eabi/lib/thumb/v7e-m/fpv4-sp/hard\libc_nano.a
END GROUP
START GROUP
LOAD c:/users/pratik~1/downlo~1/gnutoo~1/gnutoo~1/62017-~1/bin/../lib/gcc/arm-none-eabi/6.3.1/thumb/v7e-m/fpv4-sp/hard\libgcc.a
LOAD c:/users/pratik~1/downlo~1/gnutoo~1/gnutoo~1/62017-~1/bin/../lib/gcc/arm-none-eabi/6.3.1/../../../../arm-none-eabi/lib/thumb/v7e-m/fpv4-sp/hard\libc_nano.a
LOAD c:/users/pratik~1/downlo~1/gnutoo~1/gnutoo~1/62017-~1/bin/../lib/gcc/arm-none-eabi/6.3.1/../../../../arm-none-eabi/lib/thumb/v7e-m/fpv4-sp/hard\libnosys.a
END GROUP
START GROUP
LOAD c:/users/pratik~1/downlo~1/gnutoo~1/gnutoo~1/62017-~1/bin/../lib/gcc/arm-none-eabi/6.3.1/thumb/v7e-m/fpv4-sp/hard\libgcc.a
LOAD c:/users/pratik~1/downlo~1/gnutoo~1/gnutoo~1/62017-~1/bin/../lib/gcc/arm-none-eabi/6.3.1/../../../../arm-none-eabi/lib/thumb/v7e-m/fpv4-sp/hard\libc_nano.a
LOAD c:/users/pratik~1/downlo~1/gnutoo~1/gnutoo~1/62017-~1/bin/../lib/gcc/arm-none-eabi/6.3.1/../../../../arm-none-eabi/lib/thumb/v7e-m/fpv4-sp/hard\libnosys.a
END GROUP
LOAD c:/users/pratik~1/downlo~1/gnutoo~1/gnutoo~1/62017-~1/bin/../lib/gcc/arm-none-eabi/6.3.1/thumb/v7e-m/fpv4-sp/hard/crtend.o
LOAD c:/users/pratik~1/downlo~1/gnutoo~1/gnutoo~1/62017-~1/bin/../lib/gcc/arm-none-eabi/6.3.1/thumb/v7e-m/fpv4-sp/hard/crtn.o
                0x24080000                _estack = (ORIGIN (RAM_D1) + LENGTH (RAM_D1))
                0x00000200                _Min_Heap_Size = 0x200
                0x00000400                _Min_Stack_Size = 0x400

.isr_vector     0x08000000      0x298
                0x08000000                . = ALIGN (0x4)
 *(.isr_vector)
 .isr_vector    0x08000000      0x298 CMakeFiles/Pegasus3.1v-firmware.elf.dir/startup_stm32h743zitx.s.obj
                0x08000000                g_pfnVectors
                0x08000298                . = ALIGN (0x4)

.text           0x080002a0    0x14f08
                0x080002a0                . = ALIGN (0x4)
 *(.text)
 .text          0x080002a0       0x6c c:/users/pratik~1/downlo~1/gnutoo~1/gnutoo~1/62017-~1/bin/../lib/gcc/arm-none-eabi/6.3.1/thumb/v7e-m/fpv4-sp/hard/crtbegin.o
 .text          0x0800030c       0x10 c:/users/pratik~1/downlo~1/gnutoo~1/gnutoo~1/62017-~1/bin/../lib/gcc/arm-none-eabi/6.3.1/../../../../arm-none-eabi/lib/thumb/v7e-m/fpv4-sp/hard\libc_nano.a(lib_a-strlen.o)
                0x0800030c                strlen
 *fill*         0x0800031c        0x4 
 .text          0x08000320       0xa0 c:/users/pratik~1/downlo~1/gnutoo~1/gnutoo~1/62017-~1/bin/../lib/gcc/arm-none-eabi/6.3.1/../../../../arm-none-eabi/lib/thumb/v7e-m/fpv4-sp/hard\libc_nano.a(lib_a-memchr.o)
                0x08000320                memchr
 .text          0x080003c0      0x370 c:/users/pratik~1/downlo~1/gnutoo~1/gnutoo~1/62017-~1/bin/../lib/gcc/arm-none-eabi/6.3.1/thumb/v7e-m/fpv4-sp/hard\libgcc.a(_arm_addsubdf3.o)
                0x080003c0                __aeabi_drsub
                0x080003c8                __aeabi_dsub
                0x080003c8                __subdf3
                0x080003cc                __aeabi_dadd
                0x080003cc                __adddf3
                0x08000644                __floatunsidf
                0x08000644                __aeabi_ui2d
                0x08000664                __floatsidf
                0x08000664                __aeabi_i2d
                0x08000688                __aeabi_f2d
                0x08000688                __extendsfdf2
                0x080006c4                __floatundidf
                0x080006c4                __aeabi_ul2d
                0x080006d4                __floatdidf
                0x080006d4                __aeabi_l2d
 .text          0x08000730      0x424 c:/users/pratik~1/downlo~1/gnutoo~1/gnutoo~1/62017-~1/bin/../lib/gcc/arm-none-eabi/6.3.1/thumb/v7e-m/fpv4-sp/hard\libgcc.a(_arm_muldivdf3.o)
                0x08000730                __aeabi_dmul
                0x08000730                __muldf3
                0x08000984                __divdf3
                0x08000984                __aeabi_ddiv
 .text          0x08000b54      0x110 c:/users/pratik~1/downlo~1/gnutoo~1/gnutoo~1/62017-~1/bin/../lib/gcc/arm-none-eabi/6.3.1/thumb/v7e-m/fpv4-sp/hard\libgcc.a(_arm_cmpdf2.o)
                0x08000b54                __gtdf2
                0x08000b54                __gedf2
                0x08000b5c                __ltdf2
                0x08000b5c                __ledf2
                0x08000b64                __nedf2
                0x08000b64                __eqdf2
                0x08000b64                __cmpdf2
                0x08000be0                __aeabi_cdrcmple
                0x08000bf0                __aeabi_cdcmpeq
                0x08000bf0                __aeabi_cdcmple
                0x08000c00                __aeabi_dcmpeq
                0x08000c14                __aeabi_dcmplt
                0x08000c28                __aeabi_dcmple
                0x08000c3c                __aeabi_dcmpge
                0x08000c50                __aeabi_dcmpgt
 .text          0x08000c64       0x2c c:/users/pratik~1/downlo~1/gnutoo~1/gnutoo~1/62017-~1/bin/../lib/gcc/arm-none-eabi/6.3.1/thumb/v7e-m/fpv4-sp/hard\libgcc.a(_arm_unorddf2.o)
                0x08000c64                __unorddf2
                0x08000c64                __aeabi_dcmpun
 .text          0x08000c90       0x50 c:/users/pratik~1/downlo~1/gnutoo~1/gnutoo~1/62017-~1/bin/../lib/gcc/arm-none-eabi/6.3.1/thumb/v7e-m/fpv4-sp/hard\libgcc.a(_arm_fixdfsi.o)
                0x08000c90                __aeabi_d2iz
                0x08000c90                __fixdfsi
 .text          0x08000ce0       0x40 c:/users/pratik~1/downlo~1/gnutoo~1/gnutoo~1/62017-~1/bin/../lib/gcc/arm-none-eabi/6.3.1/thumb/v7e-m/fpv4-sp/hard\libgcc.a(_arm_fixunsdfsi.o)
                0x08000ce0                __aeabi_d2uiz
                0x08000ce0                __fixunsdfsi
 .text          0x08000d20       0xa0 c:/users/pratik~1/downlo~1/gnutoo~1/gnutoo~1/62017-~1/bin/../lib/gcc/arm-none-eabi/6.3.1/thumb/v7e-m/fpv4-sp/hard\libgcc.a(_arm_truncdfsf2.o)
                0x08000d20                __truncdfsf2
                0x08000d20                __aeabi_d2f
 .text          0x08000dc0       0x30 c:/users/pratik~1/downlo~1/gnutoo~1/gnutoo~1/62017-~1/bin/../lib/gcc/arm-none-eabi/6.3.1/thumb/v7e-m/fpv4-sp/hard\libgcc.a(_aeabi_uldivmod.o)
                0x08000dc0                __aeabi_uldivmod
 .text          0x08000df0      0x2dc c:/users/pratik~1/downlo~1/gnutoo~1/gnutoo~1/62017-~1/bin/../lib/gcc/arm-none-eabi/6.3.1/thumb/v7e-m/fpv4-sp/hard\libgcc.a(_udivmoddi4.o)
                0x08000df0                __udivmoddi4
 .text          0x080010cc        0x4 c:/users/pratik~1/downlo~1/gnutoo~1/gnutoo~1/62017-~1/bin/../lib/gcc/arm-none-eabi/6.3.1/thumb/v7e-m/fpv4-sp/hard\libgcc.a(_dvmd_tls.o)
                0x080010cc                __aeabi_idiv0
                0x080010cc                __aeabi_ldiv0
 *(.text*)
 .text.__libc_init_array
                0x080010d0       0x48 c:/users/pratik~1/downlo~1/gnutoo~1/gnutoo~1/62017-~1/bin/../lib/gcc/arm-none-eabi/6.3.1/../../../../arm-none-eabi/lib/thumb/v7e-m/fpv4-sp/hard\libc_nano.a(lib_a-init.o)
                0x080010d0                __libc_init_array
 .text.memset   0x08001118       0x10 c:/users/pratik~1/downlo~1/gnutoo~1/gnutoo~1/62017-~1/bin/../lib/gcc/arm-none-eabi/6.3.1/../../../../arm-none-eabi/lib/thumb/v7e-m/fpv4-sp/hard\libc_nano.a(lib_a-memset.o)
                0x08001118                memset
 .text.__cvt    0x08001128       0xc2 c:/users/pratik~1/downlo~1/gnutoo~1/gnutoo~1/62017-~1/bin/../lib/gcc/arm-none-eabi/6.3.1/../../../../arm-none-eabi/lib/thumb/v7e-m/fpv4-sp/hard\libc_nano.a(lib_a-nano-vfprintf_float.o)
                0x08001128                __cvt
 .text.__exponent
                0x080011ea       0x6a c:/users/pratik~1/downlo~1/gnutoo~1/gnutoo~1/62017-~1/bin/../lib/gcc/arm-none-eabi/6.3.1/../../../../arm-none-eabi/lib/thumb/v7e-m/fpv4-sp/hard\libc_nano.a(lib_a-nano-vfprintf_float.o)
                0x080011ea                __exponent
 .text._printf_float
                0x08001254      0x480 c:/users/pratik~1/downlo~1/gnutoo~1/gnutoo~1/62017-~1/bin/../lib/gcc/arm-none-eabi/6.3.1/../../../../arm-none-eabi/lib/thumb/v7e-m/fpv4-sp/hard\libc_nano.a(lib_a-nano-vfprintf_float.o)
                0x08001254                _printf_float
 .text._printf_common
                0x080016d4       0xec c:/users/pratik~1/downlo~1/gnutoo~1/gnutoo~1/62017-~1/bin/../lib/gcc/arm-none-eabi/6.3.1/../../../../arm-none-eabi/lib/thumb/v7e-m/fpv4-sp/hard\libc_nano.a(lib_a-nano-vfprintf_i.o)
                0x080016d4                _printf_common
 .text._printf_i
                0x080017c0      0x240 c:/users/pratik~1/downlo~1/gnutoo~1/gnutoo~1/62017-~1/bin/../lib/gcc/arm-none-eabi/6.3.1/../../../../arm-none-eabi/lib/thumb/v7e-m/fpv4-sp/hard\libc_nano.a(lib_a-nano-vfprintf_i.o)
                0x080017c0                _printf_i
 .text.quorem   0x08001a00      0x118 c:/users/pratik~1/downlo~1/gnutoo~1/gnutoo~1/62017-~1/bin/../lib/gcc/arm-none-eabi/6.3.1/../../../../arm-none-eabi/lib/thumb/v7e-m/fpv4-sp/hard\libc_nano.a(lib_a-dtoa.o)
 .text._dtoa_r  0x08001b18      0xb9c c:/users/pratik~1/downlo~1/gnutoo~1/gnutoo~1/62017-~1/bin/../lib/gcc/arm-none-eabi/6.3.1/../../../../arm-none-eabi/lib/thumb/v7e-m/fpv4-sp/hard\libc_nano.a(lib_a-dtoa.o)
                0x08001b18                _dtoa_r
 .text.__localeconv_l
                0x080026b4        0x4 c:/users/pratik~1/downlo~1/gnutoo~1/gnutoo~1/62017-~1/bin/../lib/gcc/arm-none-eabi/6.3.1/../../../../arm-none-eabi/lib/thumb/v7e-m/fpv4-sp/hard\libc_nano.a(lib_a-localeconv.o)
                0x080026b4                __localeconv_l
 .text._localeconv_r
                0x080026b8       0x1c c:/users/pratik~1/downlo~1/gnutoo~1/gnutoo~1/62017-~1/bin/../lib/gcc/arm-none-eabi/6.3.1/../../../../arm-none-eabi/lib/thumb/v7e-m/fpv4-sp/hard\libc_nano.a(lib_a-localeconv.o)
                0x080026b8                _localeconv_r
 .text.malloc   0x080026d4       0x10 c:/users/pratik~1/downlo~1/gnutoo~1/gnutoo~1/62017-~1/bin/../lib/gcc/arm-none-eabi/6.3.1/../../../../arm-none-eabi/lib/thumb/v7e-m/fpv4-sp/hard\libc_nano.a(lib_a-malloc.o)
                0x080026d4                malloc
 .text.free     0x080026e4       0x10 c:/users/pratik~1/downlo~1/gnutoo~1/gnutoo~1/62017-~1/bin/../lib/gcc/arm-none-eabi/6.3.1/../../../../arm-none-eabi/lib/thumb/v7e-m/fpv4-sp/hard\libc_nano.a(lib_a-malloc.o)
                0x080026e4                free
 .text.memcpy   0x080026f4       0x16 c:/users/pratik~1/downlo~1/gnutoo~1/gnutoo~1/62017-~1/bin/../lib/gcc/arm-none-eabi/6.3.1/../../../../arm-none-eabi/lib/thumb/v7e-m/fpv4-sp/hard\libc_nano.a(lib_a-memcpy-stub.o)
                0x080026f4                memcpy
 .text._Balloc  0x0800270a       0x68 c:/users/pratik~1/downlo~1/gnutoo~1/gnutoo~1/62017-~1/bin/../lib/gcc/arm-none-eabi/6.3.1/../../../../arm-none-eabi/lib/thumb/v7e-m/fpv4-sp/hard\libc_nano.a(lib_a-mprec.o)
                0x0800270a                _Balloc
 .text._Bfree   0x08002772       0x2e c:/users/pratik~1/downlo~1/gnutoo~1/gnutoo~1/62017-~1/bin/../lib/gcc/arm-none-eabi/6.3.1/../../../../arm-none-eabi/lib/thumb/v7e-m/fpv4-sp/hard\libc_nano.a(lib_a-mprec.o)
                0x08002772                _Bfree
 .text.__multadd
                0x080027a0       0x76 c:/users/pratik~1/downlo~1/gnutoo~1/gnutoo~1/62017-~1/bin/../lib/gcc/arm-none-eabi/6.3.1/../../../../arm-none-eabi/lib/thumb/v7e-m/fpv4-sp/hard\libc_nano.a(lib_a-mprec.o)
                0x080027a0                __multadd
 .text.__s2b    0x08002816       0x7c c:/users/pratik~1/downlo~1/gnutoo~1/gnutoo~1/62017-~1/bin/../lib/gcc/arm-none-eabi/6.3.1/../../../../arm-none-eabi/lib/thumb/v7e-m/fpv4-sp/hard\libc_nano.a(lib_a-mprec.o)
                0x08002816                __s2b
 .text.__hi0bits
                0x08002892       0x3e c:/users/pratik~1/downlo~1/gnutoo~1/gnutoo~1/62017-~1/bin/../lib/gcc/arm-none-eabi/6.3.1/../../../../arm-none-eabi/lib/thumb/v7e-m/fpv4-sp/hard\libc_nano.a(lib_a-mprec.o)
                0x08002892                __hi0bits
 .text.__lo0bits
                0x080028d0       0x5e c:/users/pratik~1/downlo~1/gnutoo~1/gnutoo~1/62017-~1/bin/../lib/gcc/arm-none-eabi/6.3.1/../../../../arm-none-eabi/lib/thumb/v7e-m/fpv4-sp/hard\libc_nano.a(lib_a-mprec.o)
                0x080028d0                __lo0bits
 .text.__i2b    0x0800292e       0x12 c:/users/pratik~1/downlo~1/gnutoo~1/gnutoo~1/62017-~1/bin/../lib/gcc/arm-none-eabi/6.3.1/../../../../arm-none-eabi/lib/thumb/v7e-m/fpv4-sp/hard\libc_nano.a(lib_a-mprec.o)
                0x0800292e                __i2b
 .text.__multiply
                0x08002940      0x11a c:/users/pratik~1/downlo~1/gnutoo~1/gnutoo~1/62017-~1/bin/../lib/gcc/arm-none-eabi/6.3.1/../../../../arm-none-eabi/lib/thumb/v7e-m/fpv4-sp/hard\libc_nano.a(lib_a-mprec.o)
                0x08002940                __multiply
 *fill*         0x08002a5a        0x2 
 .text.__pow5mult
                0x08002a5c       0x9c c:/users/pratik~1/downlo~1/gnutoo~1/gnutoo~1/62017-~1/bin/../lib/gcc/arm-none-eabi/6.3.1/../../../../arm-none-eabi/lib/thumb/v7e-m/fpv4-sp/hard\libc_nano.a(lib_a-mprec.o)
                0x08002a5c                __pow5mult
 .text.__lshift
                0x08002af8       0xa2 c:/users/pratik~1/downlo~1/gnutoo~1/gnutoo~1/62017-~1/bin/../lib/gcc/arm-none-eabi/6.3.1/../../../../arm-none-eabi/lib/thumb/v7e-m/fpv4-sp/hard\libc_nano.a(lib_a-mprec.o)
                0x08002af8                __lshift
 .text.__mcmp   0x08002b9a       0x34 c:/users/pratik~1/downlo~1/gnutoo~1/gnutoo~1/62017-~1/bin/../lib/gcc/arm-none-eabi/6.3.1/../../../../arm-none-eabi/lib/thumb/v7e-m/fpv4-sp/hard\libc_nano.a(lib_a-mprec.o)
                0x08002b9a                __mcmp
 .text.__mdiff  0x08002bce       0xbc c:/users/pratik~1/downlo~1/gnutoo~1/gnutoo~1/62017-~1/bin/../lib/gcc/arm-none-eabi/6.3.1/../../../../arm-none-eabi/lib/thumb/v7e-m/fpv4-sp/hard\libc_nano.a(lib_a-mprec.o)
                0x08002bce                __mdiff
 *fill*         0x08002c8a        0x2 
 .text.__ulp    0x08002c8c       0x50 c:/users/pratik~1/downlo~1/gnutoo~1/gnutoo~1/62017-~1/bin/../lib/gcc/arm-none-eabi/6.3.1/../../../../arm-none-eabi/lib/thumb/v7e-m/fpv4-sp/hard\libc_nano.a(lib_a-mprec.o)
                0x08002c8c                __ulp
 .text.__b2d    0x08002cdc       0x9c c:/users/pratik~1/downlo~1/gnutoo~1/gnutoo~1/62017-~1/bin/../lib/gcc/arm-none-eabi/6.3.1/../../../../arm-none-eabi/lib/thumb/v7e-m/fpv4-sp/hard\libc_nano.a(lib_a-mprec.o)
                0x08002cdc                __b2d
 .text.__d2b    0x08002d78       0x9e c:/users/pratik~1/downlo~1/gnutoo~1/gnutoo~1/62017-~1/bin/../lib/gcc/arm-none-eabi/6.3.1/../../../../arm-none-eabi/lib/thumb/v7e-m/fpv4-sp/hard\libc_nano.a(lib_a-mprec.o)
                0x08002d78                __d2b
 .text.__ratio  0x08002e16       0x58 c:/users/pratik~1/downlo~1/gnutoo~1/gnutoo~1/62017-~1/bin/../lib/gcc/arm-none-eabi/6.3.1/../../../../arm-none-eabi/lib/thumb/v7e-m/fpv4-sp/hard\libc_nano.a(lib_a-mprec.o)
                0x08002e16                __ratio
 .text.__copybits
                0x08002e6e       0x34 c:/users/pratik~1/downlo~1/gnutoo~1/gnutoo~1/62017-~1/bin/../lib/gcc/arm-none-eabi/6.3.1/../../../../arm-none-eabi/lib/thumb/v7e-m/fpv4-sp/hard\libc_nano.a(lib_a-mprec.o)
                0x08002e6e                __copybits
 .text.__any_on
                0x08002ea2       0x42 c:/users/pratik~1/downlo~1/gnutoo~1/gnutoo~1/62017-~1/bin/../lib/gcc/arm-none-eabi/6.3.1/../../../../arm-none-eabi/lib/thumb/v7e-m/fpv4-sp/hard\libc_nano.a(lib_a-mprec.o)
                0x08002ea2                __any_on
 .text._calloc_r
                0x08002ee4       0x1c c:/users/pratik~1/downlo~1/gnutoo~1/gnutoo~1/62017-~1/bin/../lib/gcc/arm-none-eabi/6.3.1/../../../../arm-none-eabi/lib/thumb/v7e-m/fpv4-sp/hard\libc_nano.a(lib_a-nano-callocr.o)
                0x08002ee4                _calloc_r
 .text._free_r  0x08002f00       0x9c c:/users/pratik~1/downlo~1/gnutoo~1/gnutoo~1/62017-~1/bin/../lib/gcc/arm-none-eabi/6.3.1/../../../../arm-none-eabi/lib/thumb/v7e-m/fpv4-sp/hard\libc_nano.a(lib_a-nano-freer.o)
                0x08002f00                _free_r
 .text._malloc_r
                0x08002f9c       0xbc c:/users/pratik~1/downlo~1/gnutoo~1/gnutoo~1/62017-~1/bin/../lib/gcc/arm-none-eabi/6.3.1/../../../../arm-none-eabi/lib/thumb/v7e-m/fpv4-sp/hard\libc_nano.a(lib_a-nano-mallocr.o)
                0x08002f9c                _malloc_r
 .text._sbrk_r  0x08003058       0x20 c:/users/pratik~1/downlo~1/gnutoo~1/gnutoo~1/62017-~1/bin/../lib/gcc/arm-none-eabi/6.3.1/../../../../arm-none-eabi/lib/thumb/v7e-m/fpv4-sp/hard\libc_nano.a(lib_a-sbrkr.o)
                0x08003058                _sbrk_r
 .text.__locale_ctype_ptr_l
                0x08003078        0x6 c:/users/pratik~1/downlo~1/gnutoo~1/gnutoo~1/62017-~1/bin/../lib/gcc/arm-none-eabi/6.3.1/../../../../arm-none-eabi/lib/thumb/v7e-m/fpv4-sp/hard\libc_nano.a(lib_a-locale.o)
                0x08003078                __locale_ctype_ptr_l
 .text.__ascii_mbtowc
                0x0800307e       0x24 c:/users/pratik~1/downlo~1/gnutoo~1/gnutoo~1/62017-~1/bin/../lib/gcc/arm-none-eabi/6.3.1/../../../../arm-none-eabi/lib/thumb/v7e-m/fpv4-sp/hard\libc_nano.a(lib_a-mbtowc_r.o)
                0x0800307e                __ascii_mbtowc
 .text.__malloc_lock
                0x080030a2        0x2 c:/users/pratik~1/downlo~1/gnutoo~1/gnutoo~1/62017-~1/bin/../lib/gcc/arm-none-eabi/6.3.1/../../../../arm-none-eabi/lib/thumb/v7e-m/fpv4-sp/hard\libc_nano.a(lib_a-mlock.o)
                0x080030a2                __malloc_lock
 .text.__malloc_unlock
                0x080030a4        0x2 c:/users/pratik~1/downlo~1/gnutoo~1/gnutoo~1/62017-~1/bin/../lib/gcc/arm-none-eabi/6.3.1/../../../../arm-none-eabi/lib/thumb/v7e-m/fpv4-sp/hard\libc_nano.a(lib_a-mlock.o)
                0x080030a4                __malloc_unlock
 .text.__ascii_wctomb
                0x080030a6       0x1a c:/users/pratik~1/downlo~1/gnutoo~1/gnutoo~1/62017-~1/bin/../lib/gcc/arm-none-eabi/6.3.1/../../../../arm-none-eabi/lib/thumb/v7e-m/fpv4-sp/hard\libc_nano.a(lib_a-wctomb_r.o)
                0x080030a6                __ascii_wctomb
 .text._sbrk    0x080030c0       0x1c c:/users/pratik~1/downlo~1/gnutoo~1/gnutoo~1/62017-~1/bin/../lib/gcc/arm-none-eabi/6.3.1/../../../../arm-none-eabi/lib/thumb/v7e-m/fpv4-sp/hard\libnosys.a(sbrk.o)
                0x080030c0                _sbrk
 .text.MX_ADC1_Init
                0x080030dc      0x208 CMakeFiles/Pegasus3.1v-firmware.elf.dir/src/adc.c.obj
                0x080030dc                MX_ADC1_Init
 .text.HAL_ADC_MspInit
                0x080032e4      0x180 CMakeFiles/Pegasus3.1v-firmware.elf.dir/src/adc.c.obj
                0x080032e4                HAL_ADC_MspInit
 .text.MX_FDCAN2_Init
                0x08003464       0x64 CMakeFiles/Pegasus3.1v-firmware.elf.dir/src/fdcan.c.obj
                0x08003464                MX_FDCAN2_Init
 .text.HAL_FDCAN_MspInit
                0x080034c8      0x174 CMakeFiles/Pegasus3.1v-firmware.elf.dir/src/fdcan.c.obj
                0x080034c8                HAL_FDCAN_MspInit
 .text.MX_GPIO_Init
                0x0800363c      0x170 CMakeFiles/Pegasus3.1v-firmware.elf.dir/src/gpio.c.obj
                0x0800363c                MX_GPIO_Init
 .text.MX_I2C2_Init
                0x080037ac       0x58 CMakeFiles/Pegasus3.1v-firmware.elf.dir/src/i2c.c.obj
                0x080037ac                MX_I2C2_Init
 .text.HAL_I2C_MspInit
                0x08003804       0x98 CMakeFiles/Pegasus3.1v-firmware.elf.dir/src/i2c.c.obj
                0x08003804                HAL_I2C_MspInit
 .text.MX_TIM2_Init
                0x0800389c       0xac CMakeFiles/Pegasus3.1v-firmware.elf.dir/src/tim.c.obj
                0x0800389c                MX_TIM2_Init
 .text.MX_TIM17_Init
                0x08003948       0x34 CMakeFiles/Pegasus3.1v-firmware.elf.dir/src/tim.c.obj
                0x08003948                MX_TIM17_Init
 .text.MX_TIM7_Init
                0x0800397c       0x54 CMakeFiles/Pegasus3.1v-firmware.elf.dir/src/tim.c.obj
                0x0800397c                MX_TIM7_Init
 .text.MX_TIM5_Init
                0x080039d0       0xec CMakeFiles/Pegasus3.1v-firmware.elf.dir/src/tim.c.obj
                0x080039d0                MX_TIM5_Init
 .text.HAL_TIM_Base_MspInit
                0x08003abc      0x124 CMakeFiles/Pegasus3.1v-firmware.elf.dir/src/tim.c.obj
                0x08003abc                HAL_TIM_Base_MspInit
 .text.HAL_TIM_PWM_MspInit
                0x08003be0       0xb0 CMakeFiles/Pegasus3.1v-firmware.elf.dir/src/tim.c.obj
                0x08003be0                HAL_TIM_PWM_MspInit
 .text.HAL_TIM_OC_MspInit
                0x08003c90       0x48 CMakeFiles/Pegasus3.1v-firmware.elf.dir/src/tim.c.obj
                0x08003c90                HAL_TIM_OC_MspInit
 .text.HAL_TIM_MspPostInit
                0x08003cd8       0x98 CMakeFiles/Pegasus3.1v-firmware.elf.dir/src/tim.c.obj
                0x08003cd8                HAL_TIM_MspPostInit
 .text.MX_TIM1_Init
                0x08003d70      0x128 CMakeFiles/Pegasus3.1v-firmware.elf.dir/src/tim.c.obj
                0x08003d70                MX_TIM1_Init
 .text.MX_TIM3_Init
                0x08003e98       0x80 CMakeFiles/Pegasus3.1v-firmware.elf.dir/src/tim.c.obj
                0x08003e98                MX_TIM3_Init
 .text.MX_DMA_Init
                0x08003f18       0x38 CMakeFiles/Pegasus3.1v-firmware.elf.dir/src/dma.c.obj
                0x08003f18                MX_DMA_Init
 .text.NMI_Handler
                0x08003f50        0x2 CMakeFiles/Pegasus3.1v-firmware.elf.dir/src/stm32h7xx_it.c.obj
                0x08003f50                NMI_Handler
 .text.HardFault_Handler
                0x08003f52       0x18 CMakeFiles/Pegasus3.1v-firmware.elf.dir/src/stm32h7xx_it.c.obj
                0x08003f52                HardFault_Handler
 .text.MemManage_Handler
                0x08003f6a        0x2 CMakeFiles/Pegasus3.1v-firmware.elf.dir/src/stm32h7xx_it.c.obj
                0x08003f6a                MemManage_Handler
 .text.BusFault_Handler
                0x08003f6c        0x2 CMakeFiles/Pegasus3.1v-firmware.elf.dir/src/stm32h7xx_it.c.obj
                0x08003f6c                BusFault_Handler
 .text.UsageFault_Handler
                0x08003f6e        0x2 CMakeFiles/Pegasus3.1v-firmware.elf.dir/src/stm32h7xx_it.c.obj
                0x08003f6e                UsageFault_Handler
 .text.SVC_Handler
                0x08003f70        0x2 CMakeFiles/Pegasus3.1v-firmware.elf.dir/src/stm32h7xx_it.c.obj
                0x08003f70                SVC_Handler
 .text.DebugMon_Handler
                0x08003f72        0x2 CMakeFiles/Pegasus3.1v-firmware.elf.dir/src/stm32h7xx_it.c.obj
                0x08003f72                DebugMon_Handler
 .text.PendSV_Handler
                0x08003f74        0x2 CMakeFiles/Pegasus3.1v-firmware.elf.dir/src/stm32h7xx_it.c.obj
                0x08003f74                PendSV_Handler
 .text.SysTick_Handler
                0x08003f76        0x8 CMakeFiles/Pegasus3.1v-firmware.elf.dir/src/stm32h7xx_it.c.obj
                0x08003f76                SysTick_Handler
 *fill*         0x08003f7e        0x2 
 .text.DMA1_Stream0_IRQHandler
                0x08003f80       0x10 CMakeFiles/Pegasus3.1v-firmware.elf.dir/src/stm32h7xx_it.c.obj
                0x08003f80                DMA1_Stream0_IRQHandler
 .text.FDCAN2_IT0_IRQHandler
                0x08003f90       0x10 CMakeFiles/Pegasus3.1v-firmware.elf.dir/src/stm32h7xx_it.c.obj
                0x08003f90                FDCAN2_IT0_IRQHandler
 .text.FDCAN2_IT1_IRQHandler
                0x08003fa0       0x10 CMakeFiles/Pegasus3.1v-firmware.elf.dir/src/stm32h7xx_it.c.obj
                0x08003fa0                FDCAN2_IT1_IRQHandler
 .text.TIM1_CC_IRQHandler
                0x08003fb0       0x10 CMakeFiles/Pegasus3.1v-firmware.elf.dir/src/stm32h7xx_it.c.obj
                0x08003fb0                TIM1_CC_IRQHandler
 .text.TIM2_IRQHandler
                0x08003fc0       0x10 CMakeFiles/Pegasus3.1v-firmware.elf.dir/src/stm32h7xx_it.c.obj
                0x08003fc0                TIM2_IRQHandler
 .text.TIM3_IRQHandler
                0x08003fd0       0x10 CMakeFiles/Pegasus3.1v-firmware.elf.dir/src/stm32h7xx_it.c.obj
                0x08003fd0                TIM3_IRQHandler
 .text.USART1_IRQHandler
                0x08003fe0       0x10 CMakeFiles/Pegasus3.1v-firmware.elf.dir/src/stm32h7xx_it.c.obj
                0x08003fe0                USART1_IRQHandler
 .text.TIM17_IRQHandler
                0x08003ff0       0x10 CMakeFiles/Pegasus3.1v-firmware.elf.dir/src/stm32h7xx_it.c.obj
                0x08003ff0                TIM17_IRQHandler
 .text.TIM7_IRQHandler
                0x08004000       0x10 CMakeFiles/Pegasus3.1v-firmware.elf.dir/src/stm32h7xx_it.c.obj
                0x08004000                TIM7_IRQHandler
 .text.EXTI9_5_IRQHandler
                0x08004010        0xa CMakeFiles/Pegasus3.1v-firmware.elf.dir/src/stm32h7xx_it.c.obj
                0x08004010                EXTI9_5_IRQHandler
 *fill*         0x0800401a        0x2 
 .text.TIM5_IRQHandler
                0x0800401c       0x10 CMakeFiles/Pegasus3.1v-firmware.elf.dir/src/stm32h7xx_it.c.obj
                0x0800401c                TIM5_IRQHandler
 .text.HAL_MspInit
                0x0800402c       0x24 CMakeFiles/Pegasus3.1v-firmware.elf.dir/src/stm32h7xx_hal_msp.c.obj
                0x0800402c                HAL_MspInit
 .text.SystemInit
                0x08004050       0xd4 CMakeFiles/Pegasus3.1v-firmware.elf.dir/src/system_stm32h7xx.c.obj
                0x08004050                SystemInit
 .text.ADC_DMAHalfConvCplt
                0x08004124        0xa CMakeFiles/Pegasus3.1v-firmware.elf.dir/Drivers/STM32H7xx_HAL_Driver/Src/stm32h7xx_hal_adc.c.obj
                0x08004124                ADC_DMAHalfConvCplt
 .text.HAL_ADC_ErrorCallback
                0x0800412e        0x2 CMakeFiles/Pegasus3.1v-firmware.elf.dir/Drivers/STM32H7xx_HAL_Driver/Src/stm32h7xx_hal_adc.c.obj
                0x0800412e                HAL_ADC_ErrorCallback
 .text.ADC_DMAConvCplt
                0x08004130       0x90 CMakeFiles/Pegasus3.1v-firmware.elf.dir/Drivers/STM32H7xx_HAL_Driver/Src/stm32h7xx_hal_adc.c.obj
                0x08004130                ADC_DMAConvCplt
 .text.ADC_DMAError
                0x080041c0       0x1a CMakeFiles/Pegasus3.1v-firmware.elf.dir/Drivers/STM32H7xx_HAL_Driver/Src/stm32h7xx_hal_adc.c.obj
                0x080041c0                ADC_DMAError
 *fill*         0x080041da        0x2 
 .text.HAL_ADC_ConfigChannel
                0x080041dc      0x518 CMakeFiles/Pegasus3.1v-firmware.elf.dir/Drivers/STM32H7xx_HAL_Driver/Src/stm32h7xx_hal_adc.c.obj
                0x080041dc                HAL_ADC_ConfigChannel
 .text.ADC_ConversionStop
                0x080046f4      0x124 CMakeFiles/Pegasus3.1v-firmware.elf.dir/Drivers/STM32H7xx_HAL_Driver/Src/stm32h7xx_hal_adc.c.obj
                0x080046f4                ADC_ConversionStop
 .text.ADC_Enable
                0x08004818       0xe4 CMakeFiles/Pegasus3.1v-firmware.elf.dir/Drivers/STM32H7xx_HAL_Driver/Src/stm32h7xx_hal_adc.c.obj
                0x08004818                ADC_Enable
 .text.HAL_ADC_Start_DMA
                0x080048fc      0x12c CMakeFiles/Pegasus3.1v-firmware.elf.dir/Drivers/STM32H7xx_HAL_Driver/Src/stm32h7xx_hal_adc.c.obj
                0x080048fc                HAL_ADC_Start_DMA
 .text.ADC_Disable
                0x08004a28       0xa4 CMakeFiles/Pegasus3.1v-firmware.elf.dir/Drivers/STM32H7xx_HAL_Driver/Src/stm32h7xx_hal_adc.c.obj
                0x08004a28                ADC_Disable
 .text.HAL_ADC_Stop_DMA
                0x08004acc       0x84 CMakeFiles/Pegasus3.1v-firmware.elf.dir/Drivers/STM32H7xx_HAL_Driver/Src/stm32h7xx_hal_adc.c.obj
                0x08004acc                HAL_ADC_Stop_DMA
 .text.ADC_ConfigureBoostMode
                0x08004b50      0x164 CMakeFiles/Pegasus3.1v-firmware.elf.dir/Drivers/STM32H7xx_HAL_Driver/Src/stm32h7xx_hal_adc.c.obj
                0x08004b50                ADC_ConfigureBoostMode
 .text.HAL_ADC_Init
                0x08004cb4      0x2ac CMakeFiles/Pegasus3.1v-firmware.elf.dir/Drivers/STM32H7xx_HAL_Driver/Src/stm32h7xx_hal_adc.c.obj
                0x08004cb4                HAL_ADC_Init
 .text.HAL_ADCEx_Calibration_Start
                0x08004f60       0xb4 CMakeFiles/Pegasus3.1v-firmware.elf.dir/Drivers/STM32H7xx_HAL_Driver/Src/stm32h7xx_hal_adc_ex.c.obj
                0x08004f60                HAL_ADCEx_Calibration_Start
 .text.HAL_ADCEx_MultiModeConfigChannel
                0x08005014      0x188 CMakeFiles/Pegasus3.1v-firmware.elf.dir/Drivers/STM32H7xx_HAL_Driver/Src/stm32h7xx_hal_adc_ex.c.obj
                0x08005014                HAL_ADCEx_MultiModeConfigChannel
 .text.HAL_InitTick
                0x0800519c       0x50 CMakeFiles/Pegasus3.1v-firmware.elf.dir/Drivers/STM32H7xx_HAL_Driver/Src/stm32h7xx_hal.c.obj
                0x0800519c                HAL_InitTick
 .text.HAL_Init
                0x080051ec       0x5c CMakeFiles/Pegasus3.1v-firmware.elf.dir/Drivers/STM32H7xx_HAL_Driver/Src/stm32h7xx_hal.c.obj
                0x080051ec                HAL_Init
 .text.HAL_IncTick
                0x08005248       0x18 CMakeFiles/Pegasus3.1v-firmware.elf.dir/Drivers/STM32H7xx_HAL_Driver/Src/stm32h7xx_hal.c.obj
                0x08005248                HAL_IncTick
 .text.HAL_GetTick
                0x08005260        0xc CMakeFiles/Pegasus3.1v-firmware.elf.dir/Drivers/STM32H7xx_HAL_Driver/Src/stm32h7xx_hal.c.obj
                0x08005260                HAL_GetTick
 .text.HAL_Delay
                0x0800526c       0x28 CMakeFiles/Pegasus3.1v-firmware.elf.dir/Drivers/STM32H7xx_HAL_Driver/Src/stm32h7xx_hal.c.obj
                0x0800526c                HAL_Delay
 .text.HAL_GetREVID
                0x08005294        0xc CMakeFiles/Pegasus3.1v-firmware.elf.dir/Drivers/STM32H7xx_HAL_Driver/Src/stm32h7xx_hal.c.obj
                0x08005294                HAL_GetREVID
 .text.I2C_Flush_TXDR
                0x080052a0       0x22 CMakeFiles/Pegasus3.1v-firmware.elf.dir/Drivers/STM32H7xx_HAL_Driver/Src/stm32h7xx_hal_i2c.c.obj
 .text.I2C_TransferConfig
                0x080052c2       0x3c CMakeFiles/Pegasus3.1v-firmware.elf.dir/Drivers/STM32H7xx_HAL_Driver/Src/stm32h7xx_hal_i2c.c.obj
 .text.I2C_IsErrorOccurred
                0x080052fe      0x11a CMakeFiles/Pegasus3.1v-firmware.elf.dir/Drivers/STM32H7xx_HAL_Driver/Src/stm32h7xx_hal_i2c.c.obj
 .text.I2C_WaitOnTXISFlagUntilTimeout
                0x08005418       0x60 CMakeFiles/Pegasus3.1v-firmware.elf.dir/Drivers/STM32H7xx_HAL_Driver/Src/stm32h7xx_hal_i2c.c.obj
 .text.I2C_WaitOnFlagUntilTimeout
                0x08005478       0x6c CMakeFiles/Pegasus3.1v-firmware.elf.dir/Drivers/STM32H7xx_HAL_Driver/Src/stm32h7xx_hal_i2c.c.obj
 .text.I2C_RequestMemoryWrite
                0x080054e4       0x70 CMakeFiles/Pegasus3.1v-firmware.elf.dir/Drivers/STM32H7xx_HAL_Driver/Src/stm32h7xx_hal_i2c.c.obj
 .text.I2C_RequestMemoryRead
                0x08005554       0x70 CMakeFiles/Pegasus3.1v-firmware.elf.dir/Drivers/STM32H7xx_HAL_Driver/Src/stm32h7xx_hal_i2c.c.obj
 .text.I2C_WaitOnSTOPFlagUntilTimeout
                0x080055c4       0x5e CMakeFiles/Pegasus3.1v-firmware.elf.dir/Drivers/STM32H7xx_HAL_Driver/Src/stm32h7xx_hal_i2c.c.obj
 *fill*         0x08005622        0x2 
 .text.HAL_I2C_Init
                0x08005624       0xbc CMakeFiles/Pegasus3.1v-firmware.elf.dir/Drivers/STM32H7xx_HAL_Driver/Src/stm32h7xx_hal_i2c.c.obj
                0x08005624                HAL_I2C_Init
 .text.HAL_I2C_Mem_Write
                0x080056e0      0x1a6 CMakeFiles/Pegasus3.1v-firmware.elf.dir/Drivers/STM32H7xx_HAL_Driver/Src/stm32h7xx_hal_i2c.c.obj
                0x080056e0                HAL_I2C_Mem_Write
 *fill*         0x08005886        0x2 
 .text.HAL_I2C_Mem_Read
                0x08005888      0x1ac CMakeFiles/Pegasus3.1v-firmware.elf.dir/Drivers/STM32H7xx_HAL_Driver/Src/stm32h7xx_hal_i2c.c.obj
                0x08005888                HAL_I2C_Mem_Read
 .text.HAL_I2CEx_ConfigAnalogFilter
                0x08005a34       0x5c CMakeFiles/Pegasus3.1v-firmware.elf.dir/Drivers/STM32H7xx_HAL_Driver/Src/stm32h7xx_hal_i2c_ex.c.obj
                0x08005a34                HAL_I2CEx_ConfigAnalogFilter
 .text.HAL_I2CEx_ConfigDigitalFilter
                0x08005a90       0x58 CMakeFiles/Pegasus3.1v-firmware.elf.dir/Drivers/STM32H7xx_HAL_Driver/Src/stm32h7xx_hal_i2c_ex.c.obj
                0x08005a90                HAL_I2CEx_ConfigDigitalFilter
 .text.HAL_RCC_OscConfig
                0x08005ae8      0x6b4 CMakeFiles/Pegasus3.1v-firmware.elf.dir/Drivers/STM32H7xx_HAL_Driver/Src/stm32h7xx_hal_rcc.c.obj
                0x08005ae8                HAL_RCC_OscConfig
 .text.HAL_RCC_GetSysClockFreq
                0x0800619c      0x1f0 CMakeFiles/Pegasus3.1v-firmware.elf.dir/Drivers/STM32H7xx_HAL_Driver/Src/stm32h7xx_hal_rcc.c.obj
                0x0800619c                HAL_RCC_GetSysClockFreq
 .text.HAL_RCC_ClockConfig
                0x0800638c      0x290 CMakeFiles/Pegasus3.1v-firmware.elf.dir/Drivers/STM32H7xx_HAL_Driver/Src/stm32h7xx_hal_rcc.c.obj
                0x0800638c                HAL_RCC_ClockConfig
 .text.HAL_RCC_GetHCLKFreq
                0x0800661c       0x44 CMakeFiles/Pegasus3.1v-firmware.elf.dir/Drivers/STM32H7xx_HAL_Driver/Src/stm32h7xx_hal_rcc.c.obj
                0x0800661c                HAL_RCC_GetHCLKFreq
 .text.HAL_RCC_GetPCLK1Freq
                0x08006660       0x24 CMakeFiles/Pegasus3.1v-firmware.elf.dir/Drivers/STM32H7xx_HAL_Driver/Src/stm32h7xx_hal_rcc.c.obj
                0x08006660                HAL_RCC_GetPCLK1Freq
 .text.RCCEx_PLL2_Config
                0x08006684      0x10c CMakeFiles/Pegasus3.1v-firmware.elf.dir/Drivers/STM32H7xx_HAL_Driver/Src/stm32h7xx_hal_rcc_ex.c.obj
 .text.RCCEx_PLL3_Config
                0x08006790      0x10c CMakeFiles/Pegasus3.1v-firmware.elf.dir/Drivers/STM32H7xx_HAL_Driver/Src/stm32h7xx_hal_rcc_ex.c.obj
 .text.HAL_RCCEx_PeriphCLKConfig
                0x0800689c      0xac8 CMakeFiles/Pegasus3.1v-firmware.elf.dir/Drivers/STM32H7xx_HAL_Driver/Src/stm32h7xx_hal_rcc_ex.c.obj
                0x0800689c                HAL_RCCEx_PeriphCLKConfig
 .text.HAL_RCCEx_GetD3PCLK1Freq
                0x08007364       0x24 CMakeFiles/Pegasus3.1v-firmware.elf.dir/Drivers/STM32H7xx_HAL_Driver/Src/stm32h7xx_hal_rcc_ex.c.obj
                0x08007364                HAL_RCCEx_GetD3PCLK1Freq
 .text.HAL_RCCEx_GetPLL2ClockFreq
                0x08007388      0x1f8 CMakeFiles/Pegasus3.1v-firmware.elf.dir/Drivers/STM32H7xx_HAL_Driver/Src/stm32h7xx_hal_rcc_ex.c.obj
                0x08007388                HAL_RCCEx_GetPLL2ClockFreq
 .text.HAL_RCCEx_GetPLL3ClockFreq
                0x08007580      0x1f8 CMakeFiles/Pegasus3.1v-firmware.elf.dir/Drivers/STM32H7xx_HAL_Driver/Src/stm32h7xx_hal_rcc_ex.c.obj
                0x08007580                HAL_RCCEx_GetPLL3ClockFreq
 .text.HAL_RCCEx_GetPLL1ClockFreq
                0x08007778      0x1f8 CMakeFiles/Pegasus3.1v-firmware.elf.dir/Drivers/STM32H7xx_HAL_Driver/Src/stm32h7xx_hal_rcc_ex.c.obj
                0x08007778                HAL_RCCEx_GetPLL1ClockFreq
 .text.HAL_RCCEx_GetPeriphCLKFreq
                0x08007970      0x724 CMakeFiles/Pegasus3.1v-firmware.elf.dir/Drivers/STM32H7xx_HAL_Driver/Src/stm32h7xx_hal_rcc_ex.c.obj
                0x08007970                HAL_RCCEx_GetPeriphCLKFreq
 .text.HAL_FLASH_Unlock
                0x08008094       0x5c CMakeFiles/Pegasus3.1v-firmware.elf.dir/Drivers/STM32H7xx_HAL_Driver/Src/stm32h7xx_hal_flash.c.obj
                0x08008094                HAL_FLASH_Unlock
 .text.HAL_FLASH_Lock
                0x080080f0       0x3c CMakeFiles/Pegasus3.1v-firmware.elf.dir/Drivers/STM32H7xx_HAL_Driver/Src/stm32h7xx_hal_flash.c.obj
                0x080080f0                HAL_FLASH_Lock
 .text.HAL_FLASH_GetError
                0x0800812c        0xc CMakeFiles/Pegasus3.1v-firmware.elf.dir/Drivers/STM32H7xx_HAL_Driver/Src/stm32h7xx_hal_flash.c.obj
                0x0800812c                HAL_FLASH_GetError
 .text.FLASH_WaitForLastOperation
                0x08008138       0xf8 CMakeFiles/Pegasus3.1v-firmware.elf.dir/Drivers/STM32H7xx_HAL_Driver/Src/stm32h7xx_hal_flash.c.obj
                0x08008138                FLASH_WaitForLastOperation
 .text.HAL_FLASH_Program
                0x08008230       0xc8 CMakeFiles/Pegasus3.1v-firmware.elf.dir/Drivers/STM32H7xx_HAL_Driver/Src/stm32h7xx_hal_flash.c.obj
                0x08008230                HAL_FLASH_Program
 .text.FLASH_MassErase
                0x080082f8       0x88 CMakeFiles/Pegasus3.1v-firmware.elf.dir/Drivers/STM32H7xx_HAL_Driver/Src/stm32h7xx_hal_flash_ex.c.obj
 .text.FLASH_Erase_Sector
                0x08008380       0x50 CMakeFiles/Pegasus3.1v-firmware.elf.dir/Drivers/STM32H7xx_HAL_Driver/Src/stm32h7xx_hal_flash_ex.c.obj
                0x08008380                FLASH_Erase_Sector
 .text.HAL_FLASHEx_Erase
                0x080083d0      0x130 CMakeFiles/Pegasus3.1v-firmware.elf.dir/Drivers/STM32H7xx_HAL_Driver/Src/stm32h7xx_hal_flash_ex.c.obj
                0x080083d0                HAL_FLASHEx_Erase
 .text.HAL_GPIO_Init
                0x08008500      0x1fc CMakeFiles/Pegasus3.1v-firmware.elf.dir/Drivers/STM32H7xx_HAL_Driver/Src/stm32h7xx_hal_gpio.c.obj
                0x08008500                HAL_GPIO_Init
 .text.HAL_GPIO_ReadPin
                0x080086fc        0xe CMakeFiles/Pegasus3.1v-firmware.elf.dir/Drivers/STM32H7xx_HAL_Driver/Src/stm32h7xx_hal_gpio.c.obj
                0x080086fc                HAL_GPIO_ReadPin
 .text.HAL_GPIO_WritePin
                0x0800870a        0xc CMakeFiles/Pegasus3.1v-firmware.elf.dir/Drivers/STM32H7xx_HAL_Driver/Src/stm32h7xx_hal_gpio.c.obj
                0x0800870a                HAL_GPIO_WritePin
 .text.HAL_GPIO_TogglePin
                0x08008716       0x12 CMakeFiles/Pegasus3.1v-firmware.elf.dir/Drivers/STM32H7xx_HAL_Driver/Src/stm32h7xx_hal_gpio.c.obj
                0x08008716                HAL_GPIO_TogglePin
 .text.HAL_GPIO_EXTI_IRQHandler
                0x08008728       0x1e CMakeFiles/Pegasus3.1v-firmware.elf.dir/Drivers/STM32H7xx_HAL_Driver/Src/stm32h7xx_hal_gpio.c.obj
                0x08008728                HAL_GPIO_EXTI_IRQHandler
 *fill*         0x08008746        0x2 
 .text.DMA_SetConfig
                0x08008748      0x270 CMakeFiles/Pegasus3.1v-firmware.elf.dir/Drivers/STM32H7xx_HAL_Driver/Src/stm32h7xx_hal_dma.c.obj
 .text.DMA_CalcBaseAndBitshift
                0x080089b8       0xf8 CMakeFiles/Pegasus3.1v-firmware.elf.dir/Drivers/STM32H7xx_HAL_Driver/Src/stm32h7xx_hal_dma.c.obj
 .text.DMA_CheckFifoParam
                0x08008ab0       0x92 CMakeFiles/Pegasus3.1v-firmware.elf.dir/Drivers/STM32H7xx_HAL_Driver/Src/stm32h7xx_hal_dma.c.obj
 *fill*         0x08008b42        0x2 
 .text.DMA_CalcDMAMUXChannelBaseAndMask
                0x08008b44       0xcc CMakeFiles/Pegasus3.1v-firmware.elf.dir/Drivers/STM32H7xx_HAL_Driver/Src/stm32h7xx_hal_dma.c.obj
 .text.DMA_CalcDMAMUXRequestGenBaseAndMask
                0x08008c10       0x9c CMakeFiles/Pegasus3.1v-firmware.elf.dir/Drivers/STM32H7xx_HAL_Driver/Src/stm32h7xx_hal_dma.c.obj
 .text.HAL_DMA_Init
                0x08008cac      0x468 CMakeFiles/Pegasus3.1v-firmware.elf.dir/Drivers/STM32H7xx_HAL_Driver/Src/stm32h7xx_hal_dma.c.obj
                0x08008cac                HAL_DMA_Init
 .text.HAL_DMA_Start_IT
                0x08009114      0x384 CMakeFiles/Pegasus3.1v-firmware.elf.dir/Drivers/STM32H7xx_HAL_Driver/Src/stm32h7xx_hal_dma.c.obj
                0x08009114                HAL_DMA_Start_IT
 .text.HAL_DMA_Abort
                0x08009498      0x4d8 CMakeFiles/Pegasus3.1v-firmware.elf.dir/Drivers/STM32H7xx_HAL_Driver/Src/stm32h7xx_hal_dma.c.obj
                0x08009498                HAL_DMA_Abort
 .text.HAL_DMA_Abort_IT
                0x08009970      0x310 CMakeFiles/Pegasus3.1v-firmware.elf.dir/Drivers/STM32H7xx_HAL_Driver/Src/stm32h7xx_hal_dma.c.obj
                0x08009970                HAL_DMA_Abort_IT
 .text.HAL_DMA_IRQHandler
                0x08009c80      0x7f8 CMakeFiles/Pegasus3.1v-firmware.elf.dir/Drivers/STM32H7xx_HAL_Driver/Src/stm32h7xx_hal_dma.c.obj
                0x08009c80                HAL_DMA_IRQHandler
 .text.HAL_PWREx_ConfigSupply
                0x0800a478       0x54 CMakeFiles/Pegasus3.1v-firmware.elf.dir/Drivers/STM32H7xx_HAL_Driver/Src/stm32h7xx_hal_pwr_ex.c.obj
                0x0800a478                HAL_PWREx_ConfigSupply
 .text.HAL_NVIC_SetPriorityGrouping
                0x0800a4cc       0x24 CMakeFiles/Pegasus3.1v-firmware.elf.dir/Drivers/STM32H7xx_HAL_Driver/Src/stm32h7xx_hal_cortex.c.obj
                0x0800a4cc                HAL_NVIC_SetPriorityGrouping
 .text.HAL_NVIC_SetPriority
                0x0800a4f0       0x60 CMakeFiles/Pegasus3.1v-firmware.elf.dir/Drivers/STM32H7xx_HAL_Driver/Src/stm32h7xx_hal_cortex.c.obj
                0x0800a4f0                HAL_NVIC_SetPriority
 .text.HAL_NVIC_EnableIRQ
                0x0800a550       0x1c CMakeFiles/Pegasus3.1v-firmware.elf.dir/Drivers/STM32H7xx_HAL_Driver/Src/stm32h7xx_hal_cortex.c.obj
                0x0800a550                HAL_NVIC_EnableIRQ
 .text.HAL_SYSTICK_Config
                0x0800a56c       0x2c CMakeFiles/Pegasus3.1v-firmware.elf.dir/Drivers/STM32H7xx_HAL_Driver/Src/stm32h7xx_hal_cortex.c.obj
                0x0800a56c                HAL_SYSTICK_Config
 .text.FDCAN_CalcultateRamBlockAddresses
                0x0800a598      0x1d4 CMakeFiles/Pegasus3.1v-firmware.elf.dir/Drivers/STM32H7xx_HAL_Driver/Src/stm32h7xx_hal_fdcan.c.obj
 .text.FDCAN_CopyMessageToRAM
                0x0800a76c       0x80 CMakeFiles/Pegasus3.1v-firmware.elf.dir/Drivers/STM32H7xx_HAL_Driver/Src/stm32h7xx_hal_fdcan.c.obj
 .text.HAL_FDCAN_Init
                0x0800a7ec      0x294 CMakeFiles/Pegasus3.1v-firmware.elf.dir/Drivers/STM32H7xx_HAL_Driver/Src/stm32h7xx_hal_fdcan.c.obj
                0x0800a7ec                HAL_FDCAN_Init
 .text.HAL_FDCAN_ConfigFilter
                0x0800aa80       0x86 CMakeFiles/Pegasus3.1v-firmware.elf.dir/Drivers/STM32H7xx_HAL_Driver/Src/stm32h7xx_hal_fdcan.c.obj
                0x0800aa80                HAL_FDCAN_ConfigFilter
 .text.HAL_FDCAN_ConfigGlobalFilter
                0x0800ab06       0x38 CMakeFiles/Pegasus3.1v-firmware.elf.dir/Drivers/STM32H7xx_HAL_Driver/Src/stm32h7xx_hal_fdcan.c.obj
                0x0800ab06                HAL_FDCAN_ConfigGlobalFilter
 .text.HAL_FDCAN_ConfigFifoWatermark
                0x0800ab3e       0x62 CMakeFiles/Pegasus3.1v-firmware.elf.dir/Drivers/STM32H7xx_HAL_Driver/Src/stm32h7xx_hal_fdcan.c.obj
                0x0800ab3e                HAL_FDCAN_ConfigFifoWatermark
 .text.HAL_FDCAN_Start
                0x0800aba0       0x34 CMakeFiles/Pegasus3.1v-firmware.elf.dir/Drivers/STM32H7xx_HAL_Driver/Src/stm32h7xx_hal_fdcan.c.obj
                0x0800aba0                HAL_FDCAN_Start
 .text.HAL_FDCAN_AddMessageToTxFifoQ
                0x0800abd4       0x74 CMakeFiles/Pegasus3.1v-firmware.elf.dir/Drivers/STM32H7xx_HAL_Driver/Src/stm32h7xx_hal_fdcan.c.obj
                0x0800abd4                HAL_FDCAN_AddMessageToTxFifoQ
 .text.HAL_FDCAN_GetRxMessage
                0x0800ac48      0x1bc CMakeFiles/Pegasus3.1v-firmware.elf.dir/Drivers/STM32H7xx_HAL_Driver/Src/stm32h7xx_hal_fdcan.c.obj
                0x0800ac48                HAL_FDCAN_GetRxMessage
 .text.HAL_FDCAN_ActivateNotification
                0x0800ae04       0x90 CMakeFiles/Pegasus3.1v-firmware.elf.dir/Drivers/STM32H7xx_HAL_Driver/Src/stm32h7xx_hal_fdcan.c.obj
                0x0800ae04                HAL_FDCAN_ActivateNotification
 .text.HAL_FDCAN_ClockCalibrationCallback
                0x0800ae94        0x2 CMakeFiles/Pegasus3.1v-firmware.elf.dir/Drivers/STM32H7xx_HAL_Driver/Src/stm32h7xx_hal_fdcan.c.obj
                0x0800ae94                HAL_FDCAN_ClockCalibrationCallback
 .text.HAL_FDCAN_TxEventFifoCallback
                0x0800ae96        0x2 CMakeFiles/Pegasus3.1v-firmware.elf.dir/Drivers/STM32H7xx_HAL_Driver/Src/stm32h7xx_hal_fdcan.c.obj
                0x0800ae96                HAL_FDCAN_TxEventFifoCallback
 .text.HAL_FDCAN_RxFifo1Callback
                0x0800ae98        0x2 CMakeFiles/Pegasus3.1v-firmware.elf.dir/Drivers/STM32H7xx_HAL_Driver/Src/stm32h7xx_hal_fdcan.c.obj
                0x0800ae98                HAL_FDCAN_RxFifo1Callback
 .text.HAL_FDCAN_TxFifoEmptyCallback
                0x0800ae9a        0x2 CMakeFiles/Pegasus3.1v-firmware.elf.dir/Drivers/STM32H7xx_HAL_Driver/Src/stm32h7xx_hal_fdcan.c.obj
                0x0800ae9a                HAL_FDCAN_TxFifoEmptyCallback
 .text.HAL_FDCAN_TxBufferCompleteCallback
                0x0800ae9c        0x2 CMakeFiles/Pegasus3.1v-firmware.elf.dir/Drivers/STM32H7xx_HAL_Driver/Src/stm32h7xx_hal_fdcan.c.obj
                0x0800ae9c                HAL_FDCAN_TxBufferCompleteCallback
 .text.HAL_FDCAN_TxBufferAbortCallback
                0x0800ae9e        0x2 CMakeFiles/Pegasus3.1v-firmware.elf.dir/Drivers/STM32H7xx_HAL_Driver/Src/stm32h7xx_hal_fdcan.c.obj
                0x0800ae9e                HAL_FDCAN_TxBufferAbortCallback
 .text.HAL_FDCAN_RxBufferNewMessageCallback
                0x0800aea0        0x2 CMakeFiles/Pegasus3.1v-firmware.elf.dir/Drivers/STM32H7xx_HAL_Driver/Src/stm32h7xx_hal_fdcan.c.obj
                0x0800aea0                HAL_FDCAN_RxBufferNewMessageCallback
 .text.HAL_FDCAN_TimestampWraparoundCallback
                0x0800aea2        0x2 CMakeFiles/Pegasus3.1v-firmware.elf.dir/Drivers/STM32H7xx_HAL_Driver/Src/stm32h7xx_hal_fdcan.c.obj
                0x0800aea2                HAL_FDCAN_TimestampWraparoundCallback
 .text.HAL_FDCAN_TimeoutOccurredCallback
                0x0800aea4        0x2 CMakeFiles/Pegasus3.1v-firmware.elf.dir/Drivers/STM32H7xx_HAL_Driver/Src/stm32h7xx_hal_fdcan.c.obj
                0x0800aea4                HAL_FDCAN_TimeoutOccurredCallback
 .text.HAL_FDCAN_HighPriorityMessageCallback
                0x0800aea6        0x2 CMakeFiles/Pegasus3.1v-firmware.elf.dir/Drivers/STM32H7xx_HAL_Driver/Src/stm32h7xx_hal_fdcan.c.obj
                0x0800aea6                HAL_FDCAN_HighPriorityMessageCallback
 .text.HAL_FDCAN_ErrorCallback
                0x0800aea8        0x2 CMakeFiles/Pegasus3.1v-firmware.elf.dir/Drivers/STM32H7xx_HAL_Driver/Src/stm32h7xx_hal_fdcan.c.obj
                0x0800aea8                HAL_FDCAN_ErrorCallback
 .text.HAL_FDCAN_ErrorStatusCallback
                0x0800aeaa        0x2 CMakeFiles/Pegasus3.1v-firmware.elf.dir/Drivers/STM32H7xx_HAL_Driver/Src/stm32h7xx_hal_fdcan.c.obj
                0x0800aeaa                HAL_FDCAN_ErrorStatusCallback
 .text.HAL_FDCAN_TT_ScheduleSyncCallback
                0x0800aeac        0x2 CMakeFiles/Pegasus3.1v-firmware.elf.dir/Drivers/STM32H7xx_HAL_Driver/Src/stm32h7xx_hal_fdcan.c.obj
                0x0800aeac                HAL_FDCAN_TT_ScheduleSyncCallback
 .text.HAL_FDCAN_TT_TimeMarkCallback
                0x0800aeae        0x2 CMakeFiles/Pegasus3.1v-firmware.elf.dir/Drivers/STM32H7xx_HAL_Driver/Src/stm32h7xx_hal_fdcan.c.obj
                0x0800aeae                HAL_FDCAN_TT_TimeMarkCallback
 .text.HAL_FDCAN_TT_StopWatchCallback
                0x0800aeb0        0x2 CMakeFiles/Pegasus3.1v-firmware.elf.dir/Drivers/STM32H7xx_HAL_Driver/Src/stm32h7xx_hal_fdcan.c.obj
                0x0800aeb0                HAL_FDCAN_TT_StopWatchCallback
 .text.HAL_FDCAN_TT_GlobalTimeCallback
                0x0800aeb2        0x2 CMakeFiles/Pegasus3.1v-firmware.elf.dir/Drivers/STM32H7xx_HAL_Driver/Src/stm32h7xx_hal_fdcan.c.obj
                0x0800aeb2                HAL_FDCAN_TT_GlobalTimeCallback
 .text.HAL_FDCAN_IRQHandler
                0x0800aeb4      0x320 CMakeFiles/Pegasus3.1v-firmware.elf.dir/Drivers/STM32H7xx_HAL_Driver/Src/stm32h7xx_hal_fdcan.c.obj
                0x0800aeb4                HAL_FDCAN_IRQHandler
 .text.UART_EndRxTransfer
                0x0800b1d4       0x58 CMakeFiles/Pegasus3.1v-firmware.elf.dir/Drivers/STM32H7xx_HAL_Driver/Src/stm32h7xx_hal_uart.c.obj
 .text.HAL_UART_TxCpltCallback
                0x0800b22c        0x2 CMakeFiles/Pegasus3.1v-firmware.elf.dir/Drivers/STM32H7xx_HAL_Driver/Src/stm32h7xx_hal_uart.c.obj
                0x0800b22c                HAL_UART_TxCpltCallback
 .text.UART_EndTransmit_IT
                0x0800b22e       0x24 CMakeFiles/Pegasus3.1v-firmware.elf.dir/Drivers/STM32H7xx_HAL_Driver/Src/stm32h7xx_hal_uart.c.obj
 .text.HAL_UART_ErrorCallback
                0x0800b252        0x2 CMakeFiles/Pegasus3.1v-firmware.elf.dir/Drivers/STM32H7xx_HAL_Driver/Src/stm32h7xx_hal_uart.c.obj
                0x0800b252                HAL_UART_ErrorCallback
 .text.UART_DMAAbortOnError
                0x0800b254       0x14 CMakeFiles/Pegasus3.1v-firmware.elf.dir/Drivers/STM32H7xx_HAL_Driver/Src/stm32h7xx_hal_uart.c.obj
 .text.HAL_UARTEx_RxEventCallback
                0x0800b268        0x2 CMakeFiles/Pegasus3.1v-firmware.elf.dir/Drivers/STM32H7xx_HAL_Driver/Src/stm32h7xx_hal_uart.c.obj
                0x0800b268                HAL_UARTEx_RxEventCallback
 *fill*         0x0800b26a        0x2 
 .text.HAL_UART_IRQHandler
                0x0800b26c      0x3b4 CMakeFiles/Pegasus3.1v-firmware.elf.dir/Drivers/STM32H7xx_HAL_Driver/Src/stm32h7xx_hal_uart.c.obj
                0x0800b26c                HAL_UART_IRQHandler
 .text.UART_WaitOnFlagUntilTimeout
                0x0800b620       0x98 CMakeFiles/Pegasus3.1v-firmware.elf.dir/Drivers/STM32H7xx_HAL_Driver/Src/stm32h7xx_hal_uart.c.obj
                0x0800b620                UART_WaitOnFlagUntilTimeout
 .text.HAL_UART_Transmit
                0x0800b6b8       0xd4 CMakeFiles/Pegasus3.1v-firmware.elf.dir/Drivers/STM32H7xx_HAL_Driver/Src/stm32h7xx_hal_uart.c.obj
                0x0800b6b8                HAL_UART_Transmit
 .text.HAL_UART_Receive
                0x0800b78c      0x116 CMakeFiles/Pegasus3.1v-firmware.elf.dir/Drivers/STM32H7xx_HAL_Driver/Src/stm32h7xx_hal_uart.c.obj
                0x0800b78c                HAL_UART_Receive
 .text.HAL_UARTEx_WakeupCallback
                0x0800b8a2        0x2 CMakeFiles/Pegasus3.1v-firmware.elf.dir/Drivers/STM32H7xx_HAL_Driver/Src/stm32h7xx_hal_uart_ex.c.obj
                0x0800b8a2                HAL_UARTEx_WakeupCallback
 .text.HAL_UARTEx_RxFifoFullCallback
                0x0800b8a4        0x2 CMakeFiles/Pegasus3.1v-firmware.elf.dir/Drivers/STM32H7xx_HAL_Driver/Src/stm32h7xx_hal_uart_ex.c.obj
                0x0800b8a4                HAL_UARTEx_RxFifoFullCallback
 .text.HAL_UARTEx_TxFifoEmptyCallback
                0x0800b8a6        0x2 CMakeFiles/Pegasus3.1v-firmware.elf.dir/Drivers/STM32H7xx_HAL_Driver/Src/stm32h7xx_hal_uart_ex.c.obj
                0x0800b8a6                HAL_UARTEx_TxFifoEmptyCallback
 .text.TIM_OC1_SetConfig
                0x0800b8a8       0xa4 CMakeFiles/Pegasus3.1v-firmware.elf.dir/Drivers/STM32H7xx_HAL_Driver/Src/stm32h7xx_hal_tim.c.obj
 .text.TIM_OC3_SetConfig
                0x0800b94c       0x94 CMakeFiles/Pegasus3.1v-firmware.elf.dir/Drivers/STM32H7xx_HAL_Driver/Src/stm32h7xx_hal_tim.c.obj
 .text.TIM_OC4_SetConfig
                0x0800b9e0       0x74 CMakeFiles/Pegasus3.1v-firmware.elf.dir/Drivers/STM32H7xx_HAL_Driver/Src/stm32h7xx_hal_tim.c.obj
 .text.TIM_OC5_SetConfig
                0x0800ba54       0x74 CMakeFiles/Pegasus3.1v-firmware.elf.dir/Drivers/STM32H7xx_HAL_Driver/Src/stm32h7xx_hal_tim.c.obj
 .text.TIM_OC6_SetConfig
                0x0800bac8       0x74 CMakeFiles/Pegasus3.1v-firmware.elf.dir/Drivers/STM32H7xx_HAL_Driver/Src/stm32h7xx_hal_tim.c.obj
 .text.TIM_TI1_ConfigInputStage
                0x0800bb3c       0x26 CMakeFiles/Pegasus3.1v-firmware.elf.dir/Drivers/STM32H7xx_HAL_Driver/Src/stm32h7xx_hal_tim.c.obj
 .text.TIM_TI2_SetConfig
                0x0800bb62       0x34 CMakeFiles/Pegasus3.1v-firmware.elf.dir/Drivers/STM32H7xx_HAL_Driver/Src/stm32h7xx_hal_tim.c.obj
 .text.TIM_TI2_ConfigInputStage
                0x0800bb96       0x28 CMakeFiles/Pegasus3.1v-firmware.elf.dir/Drivers/STM32H7xx_HAL_Driver/Src/stm32h7xx_hal_tim.c.obj
 .text.TIM_TI3_SetConfig
                0x0800bbbe       0x32 CMakeFiles/Pegasus3.1v-firmware.elf.dir/Drivers/STM32H7xx_HAL_Driver/Src/stm32h7xx_hal_tim.c.obj
 .text.TIM_TI4_SetConfig
                0x0800bbf0       0x34 CMakeFiles/Pegasus3.1v-firmware.elf.dir/Drivers/STM32H7xx_HAL_Driver/Src/stm32h7xx_hal_tim.c.obj
 .text.TIM_ITRx_SetConfig
                0x0800bc24       0x14 CMakeFiles/Pegasus3.1v-firmware.elf.dir/Drivers/STM32H7xx_HAL_Driver/Src/stm32h7xx_hal_tim.c.obj
 .text.HAL_TIM_Base_Start_IT
                0x0800bc38       0x90 CMakeFiles/Pegasus3.1v-firmware.elf.dir/Drivers/STM32H7xx_HAL_Driver/Src/stm32h7xx_hal_tim.c.obj
                0x0800bc38                HAL_TIM_Base_Start_IT
 .text.HAL_TIM_Base_Stop_IT
                0x0800bcc8       0x32 CMakeFiles/Pegasus3.1v-firmware.elf.dir/Drivers/STM32H7xx_HAL_Driver/Src/stm32h7xx_hal_tim.c.obj
                0x0800bcc8                HAL_TIM_Base_Stop_IT
 .text.HAL_TIM_IC_MspInit
                0x0800bcfa        0x2 CMakeFiles/Pegasus3.1v-firmware.elf.dir/Drivers/STM32H7xx_HAL_Driver/Src/stm32h7xx_hal_tim.c.obj
                0x0800bcfa                HAL_TIM_IC_MspInit
 .text.HAL_TIM_Encoder_MspInit
                0x0800bcfc        0x2 CMakeFiles/Pegasus3.1v-firmware.elf.dir/Drivers/STM32H7xx_HAL_Driver/Src/stm32h7xx_hal_tim.c.obj
                0x0800bcfc                HAL_TIM_Encoder_MspInit
 .text.HAL_TIM_ReadCapturedValue
                0x0800bcfe       0x32 CMakeFiles/Pegasus3.1v-firmware.elf.dir/Drivers/STM32H7xx_HAL_Driver/Src/stm32h7xx_hal_tim.c.obj
                0x0800bcfe                HAL_TIM_ReadCapturedValue
 .text.HAL_TIM_OC_DelayElapsedCallback
                0x0800bd30        0x2 CMakeFiles/Pegasus3.1v-firmware.elf.dir/Drivers/STM32H7xx_HAL_Driver/Src/stm32h7xx_hal_tim.c.obj
                0x0800bd30                HAL_TIM_OC_DelayElapsedCallback
 .text.HAL_TIM_PWM_PulseFinishedCallback
                0x0800bd32        0x2 CMakeFiles/Pegasus3.1v-firmware.elf.dir/Drivers/STM32H7xx_HAL_Driver/Src/stm32h7xx_hal_tim.c.obj
                0x0800bd32                HAL_TIM_PWM_PulseFinishedCallback
 .text.HAL_TIM_TriggerCallback
                0x0800bd34        0x2 CMakeFiles/Pegasus3.1v-firmware.elf.dir/Drivers/STM32H7xx_HAL_Driver/Src/stm32h7xx_hal_tim.c.obj
                0x0800bd34                HAL_TIM_TriggerCallback
 .text.HAL_TIM_IRQHandler
                0x0800bd36      0x19a CMakeFiles/Pegasus3.1v-firmware.elf.dir/Drivers/STM32H7xx_HAL_Driver/Src/stm32h7xx_hal_tim.c.obj
                0x0800bd36                HAL_TIM_IRQHandler
 .text.TIM_Base_SetConfig
                0x0800bed0      0x100 CMakeFiles/Pegasus3.1v-firmware.elf.dir/Drivers/STM32H7xx_HAL_Driver/Src/stm32h7xx_hal_tim.c.obj
                0x0800bed0                TIM_Base_SetConfig
 .text.HAL_TIM_Base_Init
                0x0800bfd0       0x5e CMakeFiles/Pegasus3.1v-firmware.elf.dir/Drivers/STM32H7xx_HAL_Driver/Src/stm32h7xx_hal_tim.c.obj
                0x0800bfd0                HAL_TIM_Base_Init
 .text.HAL_TIM_OC_Init
                0x0800c02e       0x5e CMakeFiles/Pegasus3.1v-firmware.elf.dir/Drivers/STM32H7xx_HAL_Driver/Src/stm32h7xx_hal_tim.c.obj
                0x0800c02e                HAL_TIM_OC_Init
 .text.HAL_TIM_PWM_Init
                0x0800c08c       0x5e CMakeFiles/Pegasus3.1v-firmware.elf.dir/Drivers/STM32H7xx_HAL_Driver/Src/stm32h7xx_hal_tim.c.obj
                0x0800c08c                HAL_TIM_PWM_Init
 .text.HAL_TIM_IC_Init
                0x0800c0ea       0x5e CMakeFiles/Pegasus3.1v-firmware.elf.dir/Drivers/STM32H7xx_HAL_Driver/Src/stm32h7xx_hal_tim.c.obj
                0x0800c0ea                HAL_TIM_IC_Init
 .text.HAL_TIM_Encoder_Init
                0x0800c148       0xb0 CMakeFiles/Pegasus3.1v-firmware.elf.dir/Drivers/STM32H7xx_HAL_Driver/Src/stm32h7xx_hal_tim.c.obj
                0x0800c148                HAL_TIM_Encoder_Init
 .text.TIM_OC2_SetConfig
                0x0800c1f8       0x94 CMakeFiles/Pegasus3.1v-firmware.elf.dir/Drivers/STM32H7xx_HAL_Driver/Src/stm32h7xx_hal_tim.c.obj
                0x0800c1f8                TIM_OC2_SetConfig
 .text.HAL_TIM_OC_ConfigChannel
                0x0800c28c       0x7a CMakeFiles/Pegasus3.1v-firmware.elf.dir/Drivers/STM32H7xx_HAL_Driver/Src/stm32h7xx_hal_tim.c.obj
                0x0800c28c                HAL_TIM_OC_ConfigChannel
 .text.HAL_TIM_PWM_ConfigChannel
                0x0800c306      0x13a CMakeFiles/Pegasus3.1v-firmware.elf.dir/Drivers/STM32H7xx_HAL_Driver/Src/stm32h7xx_hal_tim.c.obj
                0x0800c306                HAL_TIM_PWM_ConfigChannel
 .text.TIM_TI1_SetConfig
                0x0800c440       0xa4 CMakeFiles/Pegasus3.1v-firmware.elf.dir/Drivers/STM32H7xx_HAL_Driver/Src/stm32h7xx_hal_tim.c.obj
                0x0800c440                TIM_TI1_SetConfig
 .text.HAL_TIM_IC_ConfigChannel
                0x0800c4e4       0xc4 CMakeFiles/Pegasus3.1v-firmware.elf.dir/Drivers/STM32H7xx_HAL_Driver/Src/stm32h7xx_hal_tim.c.obj
                0x0800c4e4                HAL_TIM_IC_ConfigChannel
 .text.TIM_ETR_SetConfig
                0x0800c5a8       0x18 CMakeFiles/Pegasus3.1v-firmware.elf.dir/Drivers/STM32H7xx_HAL_Driver/Src/stm32h7xx_hal_tim.c.obj
                0x0800c5a8                TIM_ETR_SetConfig
 .text.HAL_TIM_ConfigClockSource
                0x0800c5c0      0x11c CMakeFiles/Pegasus3.1v-firmware.elf.dir/Drivers/STM32H7xx_HAL_Driver/Src/stm32h7xx_hal_tim.c.obj
                0x0800c5c0                HAL_TIM_ConfigClockSource
 .text.TIM_SlaveTimer_SetConfig
                0x0800c6dc      0x100 CMakeFiles/Pegasus3.1v-firmware.elf.dir/Drivers/STM32H7xx_HAL_Driver/Src/stm32h7xx_hal_tim.c.obj
 .text.HAL_TIM_SlaveConfigSynchro
                0x0800c7dc       0x58 CMakeFiles/Pegasus3.1v-firmware.elf.dir/Drivers/STM32H7xx_HAL_Driver/Src/stm32h7xx_hal_tim.c.obj
                0x0800c7dc                HAL_TIM_SlaveConfigSynchro
 .text.TIM_CCxChannelCmd
                0x0800c834       0x22 CMakeFiles/Pegasus3.1v-firmware.elf.dir/Drivers/STM32H7xx_HAL_Driver/Src/stm32h7xx_hal_tim.c.obj
                0x0800c834                TIM_CCxChannelCmd
 *fill*         0x0800c856        0x2 
 .text.HAL_TIM_PWM_Start
                0x0800c858      0x188 CMakeFiles/Pegasus3.1v-firmware.elf.dir/Drivers/STM32H7xx_HAL_Driver/Src/stm32h7xx_hal_tim.c.obj
                0x0800c858                HAL_TIM_PWM_Start
 .text.HAL_TIM_IC_Start
                0x0800c9e0      0x168 CMakeFiles/Pegasus3.1v-firmware.elf.dir/Drivers/STM32H7xx_HAL_Driver/Src/stm32h7xx_hal_tim.c.obj
                0x0800c9e0                HAL_TIM_IC_Start
 .text.HAL_TIM_IC_Start_IT
                0x0800cb48      0x1b8 CMakeFiles/Pegasus3.1v-firmware.elf.dir/Drivers/STM32H7xx_HAL_Driver/Src/stm32h7xx_hal_tim.c.obj
                0x0800cb48                HAL_TIM_IC_Start_IT
 .text.HAL_TIM_Encoder_Start_IT
                0x0800cd00       0xf0 CMakeFiles/Pegasus3.1v-firmware.elf.dir/Drivers/STM32H7xx_HAL_Driver/Src/stm32h7xx_hal_tim.c.obj
                0x0800cd00                HAL_TIM_Encoder_Start_IT
 .text.TIM_CCxNChannelCmd
                0x0800cdf0       0x22 CMakeFiles/Pegasus3.1v-firmware.elf.dir/Drivers/STM32H7xx_HAL_Driver/Src/stm32h7xx_hal_tim_ex.c.obj
 *fill*         0x0800ce12        0x2 
 .text.HAL_TIMEx_PWMN_Start
                0x0800ce14      0x108 CMakeFiles/Pegasus3.1v-firmware.elf.dir/Drivers/STM32H7xx_HAL_Driver/Src/stm32h7xx_hal_tim_ex.c.obj
                0x0800ce14                HAL_TIMEx_PWMN_Start
 .text.HAL_TIMEx_MasterConfigSynchronization
                0x0800cf1c       0xa0 CMakeFiles/Pegasus3.1v-firmware.elf.dir/Drivers/STM32H7xx_HAL_Driver/Src/stm32h7xx_hal_tim_ex.c.obj
                0x0800cf1c                HAL_TIMEx_MasterConfigSynchronization
 .text.HAL_TIMEx_ConfigBreakDeadTime
                0x0800cfbc       0x90 CMakeFiles/Pegasus3.1v-firmware.elf.dir/Drivers/STM32H7xx_HAL_Driver/Src/stm32h7xx_hal_tim_ex.c.obj
                0x0800cfbc                HAL_TIMEx_ConfigBreakDeadTime
 .text.HAL_TIMEx_CommutCallback
                0x0800d04c        0x2 CMakeFiles/Pegasus3.1v-firmware.elf.dir/Drivers/STM32H7xx_HAL_Driver/Src/stm32h7xx_hal_tim_ex.c.obj
                0x0800d04c                HAL_TIMEx_CommutCallback
 .text.HAL_TIMEx_BreakCallback
                0x0800d04e        0x2 CMakeFiles/Pegasus3.1v-firmware.elf.dir/Drivers/STM32H7xx_HAL_Driver/Src/stm32h7xx_hal_tim_ex.c.obj
                0x0800d04e                HAL_TIMEx_BreakCallback
 .text.HAL_TIMEx_Break2Callback
                0x0800d050        0x2 CMakeFiles/Pegasus3.1v-firmware.elf.dir/Drivers/STM32H7xx_HAL_Driver/Src/stm32h7xx_hal_tim_ex.c.obj
                0x0800d050                HAL_TIMEx_Break2Callback
 *fill*         0x0800d052        0x2 
 .text.Reset_Handler
                0x0800d054       0x50 CMakeFiles/Pegasus3.1v-firmware.elf.dir/startup_stm32h743zitx.s.obj
                0x0800d054                Reset_Handler
 .text.Default_Handler
                0x0800d0a4        0x2 CMakeFiles/Pegasus3.1v-firmware.elf.dir/startup_stm32h743zitx.s.obj
                0x0800d0a4                RTC_Alarm_IRQHandler
                0x0800d0a4                EXTI2_IRQHandler
                0x0800d0a4                TIM8_CC_IRQHandler
                0x0800d0a4                HRTIM1_Master_IRQHandler
                0x0800d0a4                UART8_IRQHandler
                0x0800d0a4                SPI4_IRQHandler
                0x0800d0a4                BDMA_Channel6_IRQHandler
                0x0800d0a4                DMA2_Stream5_IRQHandler
                0x0800d0a4                HRTIM1_FLT_IRQHandler
                0x0800d0a4                JPEG_IRQHandler
                0x0800d0a4                DMA1_Stream5_IRQHandler
                0x0800d0a4                BDMA_Channel1_IRQHandler
                0x0800d0a4                HRTIM1_TIMD_IRQHandler
                0x0800d0a4                TAMP_STAMP_IRQHandler
                0x0800d0a4                EXTI3_IRQHandler
                0x0800d0a4                LPTIM4_IRQHandler
                0x0800d0a4                TIM8_TRG_COM_TIM14_IRQHandler
                0x0800d0a4                LPTIM2_IRQHandler
                0x0800d0a4                DFSDM1_FLT1_IRQHandler
                0x0800d0a4                DMAMUX2_OVR_IRQHandler
                0x0800d0a4                TIM8_UP_TIM13_IRQHandler
                0x0800d0a4                I2C3_ER_IRQHandler
                0x0800d0a4                DFSDM1_FLT2_IRQHandler
                0x0800d0a4                MDMA_IRQHandler
                0x0800d0a4                LPTIM3_IRQHandler
                0x0800d0a4                HSEM1_IRQHandler
                0x0800d0a4                EXTI0_IRQHandler
                0x0800d0a4                I2C2_EV_IRQHandler
                0x0800d0a4                DMA1_Stream2_IRQHandler
                0x0800d0a4                FPU_IRQHandler
                0x0800d0a4                OTG_HS_WKUP_IRQHandler
                0x0800d0a4                FDCAN1_IT1_IRQHandler
                0x0800d0a4                LTDC_ER_IRQHandler
                0x0800d0a4                DMA2_Stream2_IRQHandler
                0x0800d0a4                HRTIM1_TIME_IRQHandler
                0x0800d0a4                SPI1_IRQHandler
                0x0800d0a4                TIM6_DAC_IRQHandler
                0x0800d0a4                DCMI_IRQHandler
                0x0800d0a4                HRTIM1_TIMC_IRQHandler
                0x0800d0a4                DMA2_Stream3_IRQHandler
                0x0800d0a4                SAI2_IRQHandler
                0x0800d0a4                DFSDM1_FLT3_IRQHandler
                0x0800d0a4                USART6_IRQHandler
                0x0800d0a4                USART3_IRQHandler
                0x0800d0a4                BDMA_Channel7_IRQHandler
                0x0800d0a4                LPTIM5_IRQHandler
                0x0800d0a4                UART5_IRQHandler
                0x0800d0a4                ADC3_IRQHandler
                0x0800d0a4                DMA2_Stream0_IRQHandler
                0x0800d0a4                TIM4_IRQHandler
                0x0800d0a4                BDMA_Channel2_IRQHandler
                0x0800d0a4                QUADSPI_IRQHandler
                0x0800d0a4                I2C1_EV_IRQHandler
                0x0800d0a4                DMA1_Stream6_IRQHandler
                0x0800d0a4                DMAMUX1_OVR_IRQHandler
                0x0800d0a4                DMA1_Stream1_IRQHandler
                0x0800d0a4                TIM16_IRQHandler
                0x0800d0a4                UART4_IRQHandler
                0x0800d0a4                BDMA_Channel5_IRQHandler
                0x0800d0a4                RCC_IRQHandler
                0x0800d0a4                TIM8_BRK_TIM12_IRQHandler
                0x0800d0a4                TIM1_TRG_COM_IRQHandler
                0x0800d0a4                Default_Handler
                0x0800d0a4                ECC_IRQHandler
                0x0800d0a4                CEC_IRQHandler
                0x0800d0a4                EXTI15_10_IRQHandler
                0x0800d0a4                BDMA_Channel0_IRQHandler
                0x0800d0a4                ADC_IRQHandler
                0x0800d0a4                DMA1_Stream7_IRQHandler
                0x0800d0a4                HRTIM1_TIMA_IRQHandler
                0x0800d0a4                SPI5_IRQHandler
                0x0800d0a4                SDMMC1_IRQHandler
                0x0800d0a4                DMA2_Stream7_IRQHandler
                0x0800d0a4                TIM15_IRQHandler
                0x0800d0a4                PVD_AVD_IRQHandler
                0x0800d0a4                I2C3_EV_IRQHandler
                0x0800d0a4                RTC_WKUP_IRQHandler
                0x0800d0a4                LTDC_IRQHandler
                0x0800d0a4                SAI3_IRQHandler
                0x0800d0a4                ETH_WKUP_IRQHandler
                0x0800d0a4                SPDIF_RX_IRQHandler
                0x0800d0a4                SPI2_IRQHandler
                0x0800d0a4                OTG_HS_EP1_IN_IRQHandler
                0x0800d0a4                CRS_IRQHandler
                0x0800d0a4                EXTI4_IRQHandler
                0x0800d0a4                RNG_IRQHandler
                0x0800d0a4                HRTIM1_TIMB_IRQHandler
                0x0800d0a4                ETH_IRQHandler
                0x0800d0a4                TIM1_UP_IRQHandler
                0x0800d0a4                BDMA_Channel4_IRQHandler
                0x0800d0a4                OTG_HS_EP1_OUT_IRQHandler
                0x0800d0a4                WWDG_IRQHandler
                0x0800d0a4                SPI6_IRQHandler
                0x0800d0a4                MDIOS_IRQHandler
                0x0800d0a4                I2C4_EV_IRQHandler
                0x0800d0a4                LPUART1_IRQHandler
                0x0800d0a4                FDCAN1_IT0_IRQHandler
                0x0800d0a4                OTG_FS_WKUP_IRQHandler
                0x0800d0a4                OTG_HS_IRQHandler
                0x0800d0a4                DMA2D_IRQHandler
                0x0800d0a4                TIM1_BRK_IRQHandler
                0x0800d0a4                EXTI1_IRQHandler
                0x0800d0a4                SDMMC2_IRQHandler
                0x0800d0a4                OTG_FS_EP1_OUT_IRQHandler
                0x0800d0a4                BDMA_Channel3_IRQHandler
                0x0800d0a4                UART7_IRQHandler
                0x0800d0a4                MDIOS_WKUP_IRQHandler
                0x0800d0a4                USART2_IRQHandler
                0x0800d0a4                DFSDM1_FLT0_IRQHandler
                0x0800d0a4                SAI4_IRQHandler
                0x0800d0a4                I2C2_ER_IRQHandler
                0x0800d0a4                DMA2_Stream1_IRQHandler
                0x0800d0a4                FLASH_IRQHandler
                0x0800d0a4                DMA2_Stream4_IRQHandler
                0x0800d0a4                OTG_FS_IRQHandler
                0x0800d0a4                SPI3_IRQHandler
                0x0800d0a4                WAKEUP_PIN_IRQHandler
                0x0800d0a4                DMA1_Stream4_IRQHandler
                0x0800d0a4                OTG_FS_EP1_IN_IRQHandler
                0x0800d0a4                I2C1_ER_IRQHandler
                0x0800d0a4                FMC_IRQHandler
                0x0800d0a4                FDCAN_CAL_IRQHandler
                0x0800d0a4                SWPMI1_IRQHandler
                0x0800d0a4                COMP1_IRQHandler
                0x0800d0a4                LPTIM1_IRQHandler
                0x0800d0a4                I2C4_ER_IRQHandler
                0x0800d0a4                DMA2_Stream6_IRQHandler
                0x0800d0a4                SAI1_IRQHandler
                0x0800d0a4                DMA1_Stream3_IRQHandler
 *fill*         0x0800d0a6        0x2 
 .text.get_conifg_flag
                0x0800d0a8        0xc CMakeFiles/Pegasus3.1v-firmware.elf.dir/src/main.c.obj
                0x0800d0a8                get_conifg_flag
 .text.get_interrupt_flag
                0x0800d0b4        0xc CMakeFiles/Pegasus3.1v-firmware.elf.dir/src/main.c.obj
                0x0800d0b4                get_interrupt_flag
 .text.set_config_flag
                0x0800d0c0        0xc CMakeFiles/Pegasus3.1v-firmware.elf.dir/src/main.c.obj
                0x0800d0c0                set_config_flag
 .text.set_interrupt_flag
                0x0800d0cc        0xc CMakeFiles/Pegasus3.1v-firmware.elf.dir/src/main.c.obj
                0x0800d0cc                set_interrupt_flag
 .text.HAL_TIM_IC_CaptureCallback
                0x0800d0d8       0x4c CMakeFiles/Pegasus3.1v-firmware.elf.dir/src/main.c.obj
                0x0800d0d8                HAL_TIM_IC_CaptureCallback
 .text.HAL_GPIO_EXTI_Callback
                0x0800d124       0x20 CMakeFiles/Pegasus3.1v-firmware.elf.dir/src/main.c.obj
                0x0800d124                HAL_GPIO_EXTI_Callback
 *fill*         0x0800d144        0x4 
 .text.HAL_TIM_PeriodElapsedCallback
                0x0800d148      0x1f8 CMakeFiles/Pegasus3.1v-firmware.elf.dir/src/main.c.obj
                0x0800d148                HAL_TIM_PeriodElapsedCallback
 .text.Error_Handler
                0x0800d340        0x4 CMakeFiles/Pegasus3.1v-firmware.elf.dir/src/main.c.obj
                0x0800d340                Error_Handler
 .text.main     0x0800d344       0xbc CMakeFiles/Pegasus3.1v-firmware.elf.dir/src/main.c.obj
                0x0800d344                main
 .text.Get_ADC_Reading
                0x0800d400       0x2c CMakeFiles/Pegasus3.1v-firmware.elf.dir/lib/ApplicationLayer/adc_AL.c.obj
                0x0800d400                Get_ADC_Reading
 .text.HAL_ADC_ConvHalfCpltCallback
                0x0800d42c       0x2c CMakeFiles/Pegasus3.1v-firmware.elf.dir/lib/ApplicationLayer/adc_AL.c.obj
                0x0800d42c                HAL_ADC_ConvHalfCpltCallback
 .text.HAL_ADC_ConvCpltCallback
                0x0800d458       0x2c CMakeFiles/Pegasus3.1v-firmware.elf.dir/lib/ApplicationLayer/adc_AL.c.obj
                0x0800d458                HAL_ADC_ConvCpltCallback
 .text.verifyStringFromServer
                0x0800d484       0x4e CMakeFiles/Pegasus3.1v-firmware.elf.dir/lib/ApplicationLayer/config.c.obj
                0x0800d484                verifyStringFromServer
 .text.parse_config
                0x0800d4d2       0xac CMakeFiles/Pegasus3.1v-firmware.elf.dir/lib/ApplicationLayer/config.c.obj
                0x0800d4d2                parse_config
 *fill*         0x0800d57e        0x2 
 .text.bootup_config
                0x0800d580       0xec CMakeFiles/Pegasus3.1v-firmware.elf.dir/lib/ApplicationLayer/config.c.obj
                0x0800d580                bootup_config
 .text.update_config
                0x0800d66c       0x34 CMakeFiles/Pegasus3.1v-firmware.elf.dir/lib/ApplicationLayer/config.c.obj
                0x0800d66c                update_config
 .text.EEPROM_Write
                0x0800d6a0       0x38 CMakeFiles/Pegasus3.1v-firmware.elf.dir/lib/ApplicationLayer/eeprom_AL.c.obj
                0x0800d6a0                EEPROM_Write
 .text.EEPROM_Read
                0x0800d6d8       0x24 CMakeFiles/Pegasus3.1v-firmware.elf.dir/lib/ApplicationLayer/eeprom_AL.c.obj
                0x0800d6d8                EEPROM_Read
 .text.EEPROM_Read_Data
                0x0800d6fc       0x50 CMakeFiles/Pegasus3.1v-firmware.elf.dir/lib/ApplicationLayer/eeprom_AL.c.obj
                0x0800d6fc                EEPROM_Read_Data
 .text.EEPROM_Write_Data
                0x0800d74c       0x54 CMakeFiles/Pegasus3.1v-firmware.elf.dir/lib/ApplicationLayer/eeprom_AL.c.obj
                0x0800d74c                EEPROM_Write_Data
 .text.CAN_Write
                0x0800d7a0       0xac CMakeFiles/Pegasus3.1v-firmware.elf.dir/lib/ApplicationLayer/fdcan_AL.c.obj
                0x0800d7a0                CAN_Write
 .text.isFDCAN_Available
                0x0800d84c       0x10 CMakeFiles/Pegasus3.1v-firmware.elf.dir/lib/ApplicationLayer/fdcan_AL.c.obj
                0x0800d84c                isFDCAN_Available
 .text.__motorController_calibrateTerminalReading
                0x0800d85c       0x94 CMakeFiles/Pegasus3.1v-firmware.elf.dir/lib/ApplicationLayer/fdcan_AL.c.obj
 .text.__fdcan_addScalingFactorToMessage
                0x0800d8f0       0x12 CMakeFiles/Pegasus3.1v-firmware.elf.dir/lib/ApplicationLayer/fdcan_AL.c.obj
 *fill*         0x0800d902        0x2 
 .text.Transmit_on_CAN
                0x0800d904       0xa8 CMakeFiles/Pegasus3.1v-firmware.elf.dir/lib/ApplicationLayer/fdcan_AL.c.obj
                0x0800d904                Transmit_on_CAN
 .text.__fdcan_transferMessagesOnID300
                0x0800d9ac       0x74 CMakeFiles/Pegasus3.1v-firmware.elf.dir/lib/ApplicationLayer/fdcan_AL.c.obj
 .text.__fdcan_transferMessagesOnID301
                0x0800da20       0x74 CMakeFiles/Pegasus3.1v-firmware.elf.dir/lib/ApplicationLayer/fdcan_AL.c.obj
 .text.__fdcan_transferMessagesOnID302
                0x0800da94       0x8c CMakeFiles/Pegasus3.1v-firmware.elf.dir/lib/ApplicationLayer/fdcan_AL.c.obj
 .text.__fdcan_transferMessagesOnID303
                0x0800db20       0x70 CMakeFiles/Pegasus3.1v-firmware.elf.dir/lib/ApplicationLayer/fdcan_AL.c.obj
 .text.__fdcan_transferMessagesOnID304
                0x0800db90       0x6c CMakeFiles/Pegasus3.1v-firmware.elf.dir/lib/ApplicationLayer/fdcan_AL.c.obj
 .text.__fdcan_transferMessagesOnID305
                0x0800dbfc       0x84 CMakeFiles/Pegasus3.1v-firmware.elf.dir/lib/ApplicationLayer/fdcan_AL.c.obj
 .text.__fdcan_transferMessagesOnID306
                0x0800dc80       0x7c CMakeFiles/Pegasus3.1v-firmware.elf.dir/lib/ApplicationLayer/fdcan_AL.c.obj
 .text.__fdcan_transferMessagesOnID307
                0x0800dcfc       0x6c CMakeFiles/Pegasus3.1v-firmware.elf.dir/lib/ApplicationLayer/fdcan_AL.c.obj
 .text.FDCAN_dataLoggingForPythonScript
                0x0800dd68      0x118 CMakeFiles/Pegasus3.1v-firmware.elf.dir/lib/ApplicationLayer/fdcan_AL.c.obj
                0x0800dd68                FDCAN_dataLoggingForPythonScript
 .text.CAN_Filter_IDList
                0x0800de80       0x84 CMakeFiles/Pegasus3.1v-firmware.elf.dir/lib/ApplicationLayer/fdcan_AL.c.obj
                0x0800de80                CAN_Filter_IDList
 .text.FDCAN_ApplicationSetup
                0x0800df04       0x40 CMakeFiles/Pegasus3.1v-firmware.elf.dir/lib/ApplicationLayer/fdcan_AL.c.obj
                0x0800df04                FDCAN_ApplicationSetup
 *fill*         0x0800df44        0x4 
 .text.HAL_FDCAN_RxFifo0Callback
                0x0800df48       0xe8 CMakeFiles/Pegasus3.1v-firmware.elf.dir/lib/ApplicationLayer/fdcan_AL.c.obj
                0x0800df48                HAL_FDCAN_RxFifo0Callback
 .text.__fdcan_transferMessagesOnID6FA
                0x0800e030       0x78 CMakeFiles/Pegasus3.1v-firmware.elf.dir/lib/ApplicationLayer/fdcan_AL.c.obj
                0x0800e030                __fdcan_transferMessagesOnID6FA
 .text.GetSector
                0x0800e0a8      0x120 CMakeFiles/Pegasus3.1v-firmware.elf.dir/lib/ApplicationLayer/flash.c.obj
 .text.Flash_Erase_Data
                0x0800e1c8       0x8c CMakeFiles/Pegasus3.1v-firmware.elf.dir/lib/ApplicationLayer/flash.c.obj
                0x0800e1c8                Flash_Erase_Data
 .text.Flash_Write_Data
                0x0800e254       0x60 CMakeFiles/Pegasus3.1v-firmware.elf.dir/lib/ApplicationLayer/flash.c.obj
                0x0800e254                Flash_Write_Data
 .text.Flash_Read_Data
                0x0800e2b4       0x16 CMakeFiles/Pegasus3.1v-firmware.elf.dir/lib/ApplicationLayer/flash.c.obj
                0x0800e2b4                Flash_Read_Data
 *fill*         0x0800e2ca        0x6 
 .text.READ_SPEED
                0x0800e2d0       0xb0 CMakeFiles/Pegasus3.1v-firmware.elf.dir/lib/ApplicationLayer/foc_blockset.c.obj
                0x0800e2d0                READ_SPEED
 .text.READ_POSITION
                0x0800e380       0x34 CMakeFiles/Pegasus3.1v-firmware.elf.dir/lib/ApplicationLayer/foc_blockset.c.obj
                0x0800e380                READ_POSITION
 *fill*         0x0800e3b4        0x4 
 .text.SPEED_FILTER
                0x0800e3b8       0x68 CMakeFiles/Pegasus3.1v-firmware.elf.dir/lib/ApplicationLayer/foc_blockset.c.obj
                0x0800e3b8                SPEED_FILTER
 .text.TORQUE_PI_LOOP
                0x0800e420      0x2fc CMakeFiles/Pegasus3.1v-firmware.elf.dir/lib/ApplicationLayer/foc_blockset.c.obj
                0x0800e420                TORQUE_PI_LOOP
 .text.CALCULATE_SYNC_SPEED
                0x0800e71c       0x44 CMakeFiles/Pegasus3.1v-firmware.elf.dir/lib/ApplicationLayer/foc_blockset.c.obj
                0x0800e71c                CALCULATE_SYNC_SPEED
 .text.READ_ROTOR_ANGLE
                0x0800e760       0x40 CMakeFiles/Pegasus3.1v-firmware.elf.dir/lib/ApplicationLayer/foc_blockset.c.obj
                0x0800e760                READ_ROTOR_ANGLE
 .text.FLUX_PI_LOOP
                0x0800e7a0      0x15c CMakeFiles/Pegasus3.1v-firmware.elf.dir/lib/ApplicationLayer/foc_blockset.c.obj
                0x0800e7a0                FLUX_PI_LOOP
 *fill*         0x0800e8fc        0x4 
 .text.SVPWM_MODE_DRIVE_FUNCTION
                0x0800e900       0x98 CMakeFiles/Pegasus3.1v-firmware.elf.dir/lib/ApplicationLayer/foc_blockset.c.obj
                0x0800e900                SVPWM_MODE_DRIVE_FUNCTION
 .text.DRIVE_STOP
                0x0800e998       0x14 CMakeFiles/Pegasus3.1v-firmware.elf.dir/lib/ApplicationLayer/foc_blockset.c.obj
                0x0800e998                DRIVE_STOP
 .text.MotorControl_Init
                0x0800e9ac       0x6c CMakeFiles/Pegasus3.1v-firmware.elf.dir/lib/ApplicationLayer/foc_blockset.c.obj
                0x0800e9ac                MotorControl_Init
 .text.map      0x0800ea18       0x1a CMakeFiles/Pegasus3.1v-firmware.elf.dir/lib/ApplicationLayer/foc_blockset.c.obj
                0x0800ea18                map
 *fill*         0x0800ea32        0x2 
 .text.writeColor
                0x0800ea34      0x198 CMakeFiles/Pegasus3.1v-firmware.elf.dir/lib/ApplicationLayer/led_AL.c.obj
                0x0800ea34                writeColor
 .text.toggleColor
                0x0800ebcc      0x180 CMakeFiles/Pegasus3.1v-firmware.elf.dir/lib/ApplicationLayer/led_AL.c.obj
                0x0800ebcc                toggleColor
 .text.SystemClock_Config
                0x0800ed4c       0xd4 CMakeFiles/Pegasus3.1v-firmware.elf.dir/lib/ApplicationLayer/microcontroller.c.obj
                0x0800ed4c                SystemClock_Config
 .text.SYSTEM_INIT
                0x0800ee20       0xc8 CMakeFiles/Pegasus3.1v-firmware.elf.dir/lib/ApplicationLayer/microcontroller.c.obj
                0x0800ee20                SYSTEM_INIT
 .text.ENABLE_PERIPHERALS
                0x0800eee8       0x30 CMakeFiles/Pegasus3.1v-firmware.elf.dir/lib/ApplicationLayer/microcontroller.c.obj
                0x0800eee8                ENABLE_PERIPHERALS
 .text.moving_Throttle_measured_fun
                0x0800ef18       0x34 CMakeFiles/Pegasus3.1v-firmware.elf.dir/lib/ApplicationLayer/motor_param.c.obj
                0x0800ef18                moving_Throttle_measured_fun
 .text.moving_Temperature_measured_fun_u
                0x0800ef4c       0x1c CMakeFiles/Pegasus3.1v-firmware.elf.dir/lib/ApplicationLayer/motor_param.c.obj
                0x0800ef4c                moving_Temperature_measured_fun_u
 .text.moving_Temperature_measured_fun_v
                0x0800ef68       0x1c CMakeFiles/Pegasus3.1v-firmware.elf.dir/lib/ApplicationLayer/motor_param.c.obj
                0x0800ef68                moving_Temperature_measured_fun_v
 .text.moving_Temperature_measured_fun_w
                0x0800ef84       0x1c CMakeFiles/Pegasus3.1v-firmware.elf.dir/lib/ApplicationLayer/motor_param.c.obj
                0x0800ef84                moving_Temperature_measured_fun_w
 .text.moving_Temperature_measured_fun_M
                0x0800efa0       0x1c CMakeFiles/Pegasus3.1v-firmware.elf.dir/lib/ApplicationLayer/motor_param.c.obj
                0x0800efa0                moving_Temperature_measured_fun_M
 .text.moving_Batt_voltage_measured_fun
                0x0800efbc       0x1c CMakeFiles/Pegasus3.1v-firmware.elf.dir/lib/ApplicationLayer/motor_param.c.obj
                0x0800efbc                moving_Batt_voltage_measured_fun
 .text.Temperature_Fault_Controller
                0x0800efd8       0x64 CMakeFiles/Pegasus3.1v-firmware.elf.dir/lib/ApplicationLayer/motor_param.c.obj
                0x0800efd8                Temperature_Fault_Controller
 .text.Temperature_Fault
                0x0800f03c       0x60 CMakeFiles/Pegasus3.1v-firmware.elf.dir/lib/ApplicationLayer/motor_param.c.obj
                0x0800f03c                Temperature_Fault
 *fill*         0x0800f09c        0x4 
 .text.BUS_Voltage_OV_UV_Fault
                0x0800f0a0       0xac CMakeFiles/Pegasus3.1v-firmware.elf.dir/lib/ApplicationLayer/motor_param.c.obj
                0x0800f0a0                BUS_Voltage_OV_UV_Fault
 .text.Throttle_Control
                0x0800f14c       0x4c CMakeFiles/Pegasus3.1v-firmware.elf.dir/lib/ApplicationLayer/motor_param.c.obj
                0x0800f14c                Throttle_Control
 .text.Rpm_Target_Function
                0x0800f198       0x50 CMakeFiles/Pegasus3.1v-firmware.elf.dir/lib/ApplicationLayer/motor_param.c.obj
                0x0800f198                Rpm_Target_Function
 .text.Throttle_Fault
                0x0800f1e8       0x14 CMakeFiles/Pegasus3.1v-firmware.elf.dir/lib/ApplicationLayer/motor_param.c.obj
                0x0800f1e8                Throttle_Fault
 .text.Current_Sensor_Fault
                0x0800f1fc        0x4 CMakeFiles/Pegasus3.1v-firmware.elf.dir/lib/ApplicationLayer/motor_param.c.obj
                0x0800f1fc                Current_Sensor_Fault
 .text.Overcurrent_Fault
                0x0800f200        0x4 CMakeFiles/Pegasus3.1v-firmware.elf.dir/lib/ApplicationLayer/motor_param.c.obj
                0x0800f200                Overcurrent_Fault
 .text.Read_Throttle
                0x0800f204       0x14 CMakeFiles/Pegasus3.1v-firmware.elf.dir/lib/ApplicationLayer/motor_param.c.obj
                0x0800f204                Read_Throttle
 .text.FAULT_READING
                0x0800f218      0x15c CMakeFiles/Pegasus3.1v-firmware.elf.dir/lib/ApplicationLayer/sanity.c.obj
                0x0800f218                FAULT_READING
 *fill*         0x0800f374        0x4 
 .text.ANALOG_READING
                0x0800f378      0x26c CMakeFiles/Pegasus3.1v-firmware.elf.dir/lib/ApplicationLayer/sanity.c.obj
                0x0800f378                ANALOG_READING
 .text.Encoder_Fault
                0x0800f5e4       0x5a CMakeFiles/Pegasus3.1v-firmware.elf.dir/lib/ApplicationLayer/sanity.c.obj
                0x0800f5e4                Encoder_Fault
 *fill*         0x0800f63e        0x2 
 .text.Encoder_Check
                0x0800f640      0x110 CMakeFiles/Pegasus3.1v-firmware.elf.dir/lib/ApplicationLayer/sanity.c.obj
                0x0800f640                Encoder_Check
 .text.RUN_SANITY
                0x0800f750       0xc4 CMakeFiles/Pegasus3.1v-firmware.elf.dir/lib/ApplicationLayer/sanity.c.obj
                0x0800f750                RUN_SANITY
 .text.SAFETY_AND_ERRORS
                0x0800f814       0xfc CMakeFiles/Pegasus3.1v-firmware.elf.dir/lib/ApplicationLayer/sanity.c.obj
                0x0800f814                SAFETY_AND_ERRORS
 .text.NTC_Board_Temp
                0x0800f910       0xc4 CMakeFiles/Pegasus3.1v-firmware.elf.dir/lib/ApplicationLayer/temp_AL.c.obj
                0x0800f910                NTC_Board_Temp
 .text.DebugPrint
                0x0800f9d4       0x54 CMakeFiles/Pegasus3.1v-firmware.elf.dir/lib/ApplicationLayer/usart_AL.c.obj
                0x0800f9d4                DebugPrint
 .text.THROTTLE_PROFILE
                0x0800fa28       0x44 CMakeFiles/Pegasus3.1v-firmware.elf.dir/lib/ApplicationLayer/vector_control.c.obj
                0x0800fa28                THROTTLE_PROFILE
 *fill*         0x0800fa6c        0x4 
 .text.POWER_MAPPING
                0x0800fa70      0x178 CMakeFiles/Pegasus3.1v-firmware.elf.dir/lib/ApplicationLayer/vector_control.c.obj
                0x0800fa70                POWER_MAPPING
 .text.FW_AND_MTPA_CONFIG
                0x0800fbe8      0x330 CMakeFiles/Pegasus3.1v-firmware.elf.dir/lib/ApplicationLayer/vector_control.c.obj
                0x0800fbe8                FW_AND_MTPA_CONFIG
 .text.FOC_READ_MOTOR_POSITION
                0x0800ff18      0x184 CMakeFiles/Pegasus3.1v-firmware.elf.dir/lib/ApplicationLayer/vector_control.c.obj
                0x0800ff18                FOC_READ_MOTOR_POSITION
 *fill*         0x0801009c        0x4 
 .text.FOC_CLARK_PARK_TRANSFORM
                0x080100a0      0x158 CMakeFiles/Pegasus3.1v-firmware.elf.dir/lib/ApplicationLayer/vector_control.c.obj
                0x080100a0                FOC_CLARK_PARK_TRANSFORM
 .text.FOC_TORQUE_PI_CONTROL
                0x080101f8      0x438 CMakeFiles/Pegasus3.1v-firmware.elf.dir/lib/ApplicationLayer/vector_control.c.obj
                0x080101f8                FOC_TORQUE_PI_CONTROL
 .text.FOC_ELECTRICAL_ANGLE_CALCULATION
                0x08010630      0x154 CMakeFiles/Pegasus3.1v-firmware.elf.dir/lib/ApplicationLayer/vector_control.c.obj
                0x08010630                FOC_ELECTRICAL_ANGLE_CALCULATION
 *fill*         0x08010784        0x4 
 .text.FOC_FIELD_WEAKENING_AND_MTPA
                0x08010788      0x198 CMakeFiles/Pegasus3.1v-firmware.elf.dir/lib/ApplicationLayer/vector_control.c.obj
                0x08010788                FOC_FIELD_WEAKENING_AND_MTPA
 .text.FOC_FLUX_PI_CONTROL
                0x08010920       0x50 CMakeFiles/Pegasus3.1v-firmware.elf.dir/lib/ApplicationLayer/vector_control.c.obj
                0x08010920                FOC_FLUX_PI_CONTROL
 .text.FOC_INVERSE_CLARK_PARK_TRANSFORM
                0x08010970      0x16c CMakeFiles/Pegasus3.1v-firmware.elf.dir/lib/ApplicationLayer/vector_control.c.obj
                0x08010970                FOC_INVERSE_CLARK_PARK_TRANSFORM